Archive member included to satisfy reference by file (symbol)

c:/st/stm32cubeide_1.4.0/stm32cubeide/plugins/com.st.stm32cube.ide.mcu.externaltools.gnu-tools-for-stm32.7-2018-q2-update.win32_1.4.0.202007081208/tools/bin/../lib/gcc/arm-none-eabi/7.3.1/../../../../arm-none-eabi/lib/thumb/v7e-m/fpv4-sp/hard\libc_nano.a(lib_a-errno.o)
                              Core/Src/syscalls.o (__errno)
c:/st/stm32cubeide_1.4.0/stm32cubeide/plugins/com.st.stm32cube.ide.mcu.externaltools.gnu-tools-for-stm32.7-2018-q2-update.win32_1.4.0.202007081208/tools/bin/../lib/gcc/arm-none-eabi/7.3.1/../../../../arm-none-eabi/lib/thumb/v7e-m/fpv4-sp/hard\libc_nano.a(lib_a-exit.o)
                              c:/st/stm32cubeide_1.4.0/stm32cubeide/plugins/com.st.stm32cube.ide.mcu.externaltools.gnu-tools-for-stm32.7-2018-q2-update.win32_1.4.0.202007081208/tools/bin/../lib/gcc/arm-none-eabi/7.3.1/../../../../arm-none-eabi/lib/thumb/v7e-m/fpv4-sp/hard/crt0.o (exit)
c:/st/stm32cubeide_1.4.0/stm32cubeide/plugins/com.st.stm32cube.ide.mcu.externaltools.gnu-tools-for-stm32.7-2018-q2-update.win32_1.4.0.202007081208/tools/bin/../lib/gcc/arm-none-eabi/7.3.1/../../../../arm-none-eabi/lib/thumb/v7e-m/fpv4-sp/hard\libc_nano.a(lib_a-impure.o)
                              c:/st/stm32cubeide_1.4.0/stm32cubeide/plugins/com.st.stm32cube.ide.mcu.externaltools.gnu-tools-for-stm32.7-2018-q2-update.win32_1.4.0.202007081208/tools/bin/../lib/gcc/arm-none-eabi/7.3.1/../../../../arm-none-eabi/lib/thumb/v7e-m/fpv4-sp/hard\libc_nano.a(lib_a-exit.o) (_global_impure_ptr)
c:/st/stm32cubeide_1.4.0/stm32cubeide/plugins/com.st.stm32cube.ide.mcu.externaltools.gnu-tools-for-stm32.7-2018-q2-update.win32_1.4.0.202007081208/tools/bin/../lib/gcc/arm-none-eabi/7.3.1/../../../../arm-none-eabi/lib/thumb/v7e-m/fpv4-sp/hard\libc_nano.a(lib_a-init.o)
                              c:/st/stm32cubeide_1.4.0/stm32cubeide/plugins/com.st.stm32cube.ide.mcu.externaltools.gnu-tools-for-stm32.7-2018-q2-update.win32_1.4.0.202007081208/tools/bin/../lib/gcc/arm-none-eabi/7.3.1/../../../../arm-none-eabi/lib/thumb/v7e-m/fpv4-sp/hard/crt0.o (__libc_init_array)
c:/st/stm32cubeide_1.4.0/stm32cubeide/plugins/com.st.stm32cube.ide.mcu.externaltools.gnu-tools-for-stm32.7-2018-q2-update.win32_1.4.0.202007081208/tools/bin/../lib/gcc/arm-none-eabi/7.3.1/../../../../arm-none-eabi/lib/thumb/v7e-m/fpv4-sp/hard\libc_nano.a(lib_a-malloc.o)
                              Middlewares/ST/STM32_USB_Host_Library/Class/CDC/Src/usbh_cdc.o (malloc)
c:/st/stm32cubeide_1.4.0/stm32cubeide/plugins/com.st.stm32cube.ide.mcu.externaltools.gnu-tools-for-stm32.7-2018-q2-update.win32_1.4.0.202007081208/tools/bin/../lib/gcc/arm-none-eabi/7.3.1/../../../../arm-none-eabi/lib/thumb/v7e-m/fpv4-sp/hard\libc_nano.a(lib_a-memcpy-stub.o)
                              Middlewares/Third_Party/FreeRTOS/Source/CMSIS_RTOS_V2/cmsis_os2.o (memcpy)
c:/st/stm32cubeide_1.4.0/stm32cubeide/plugins/com.st.stm32cube.ide.mcu.externaltools.gnu-tools-for-stm32.7-2018-q2-update.win32_1.4.0.202007081208/tools/bin/../lib/gcc/arm-none-eabi/7.3.1/../../../../arm-none-eabi/lib/thumb/v7e-m/fpv4-sp/hard\libc_nano.a(lib_a-memset.o)
                              c:/st/stm32cubeide_1.4.0/stm32cubeide/plugins/com.st.stm32cube.ide.mcu.externaltools.gnu-tools-for-stm32.7-2018-q2-update.win32_1.4.0.202007081208/tools/bin/../lib/gcc/arm-none-eabi/7.3.1/../../../../arm-none-eabi/lib/thumb/v7e-m/fpv4-sp/hard/crt0.o (memset)
c:/st/stm32cubeide_1.4.0/stm32cubeide/plugins/com.st.stm32cube.ide.mcu.externaltools.gnu-tools-for-stm32.7-2018-q2-update.win32_1.4.0.202007081208/tools/bin/../lib/gcc/arm-none-eabi/7.3.1/../../../../arm-none-eabi/lib/thumb/v7e-m/fpv4-sp/hard\libc_nano.a(lib_a-nano-freer.o)
                              c:/st/stm32cubeide_1.4.0/stm32cubeide/plugins/com.st.stm32cube.ide.mcu.externaltools.gnu-tools-for-stm32.7-2018-q2-update.win32_1.4.0.202007081208/tools/bin/../lib/gcc/arm-none-eabi/7.3.1/../../../../arm-none-eabi/lib/thumb/v7e-m/fpv4-sp/hard\libc_nano.a(lib_a-malloc.o) (_free_r)
c:/st/stm32cubeide_1.4.0/stm32cubeide/plugins/com.st.stm32cube.ide.mcu.externaltools.gnu-tools-for-stm32.7-2018-q2-update.win32_1.4.0.202007081208/tools/bin/../lib/gcc/arm-none-eabi/7.3.1/../../../../arm-none-eabi/lib/thumb/v7e-m/fpv4-sp/hard\libc_nano.a(lib_a-nano-mallocr.o)
                              c:/st/stm32cubeide_1.4.0/stm32cubeide/plugins/com.st.stm32cube.ide.mcu.externaltools.gnu-tools-for-stm32.7-2018-q2-update.win32_1.4.0.202007081208/tools/bin/../lib/gcc/arm-none-eabi/7.3.1/../../../../arm-none-eabi/lib/thumb/v7e-m/fpv4-sp/hard\libc_nano.a(lib_a-malloc.o) (_malloc_r)
c:/st/stm32cubeide_1.4.0/stm32cubeide/plugins/com.st.stm32cube.ide.mcu.externaltools.gnu-tools-for-stm32.7-2018-q2-update.win32_1.4.0.202007081208/tools/bin/../lib/gcc/arm-none-eabi/7.3.1/../../../../arm-none-eabi/lib/thumb/v7e-m/fpv4-sp/hard\libc_nano.a(lib_a-printf.o)
                              Core/Src/main.o (printf)
[...]
Memory Configuration

Name             Origin             Length             Attributes
RAM              0x0000000020000000 0x0000000000050000 xrw
FLASH            0x0000000008000000 0x0000000000180000 xr
*default*        0x0000000000000000 0xffffffffffffffff

Linker script and memory map

LOAD c:/st/stm32cubeide_1.4.0/stm32cubeide/plugins/com.st.stm32cube.ide.mcu.externaltools.gnu-tools-for-stm32.7-2018-q2-update.win32_1.4.0.202007081208/tools/bin/../lib/gcc/arm-none-eabi/7.3.1/thumb/v7e-m/fpv4-sp/hard/crti.o
LOAD c:/st/stm32cubeide_1.4.0/stm32cubeide/plugins/com.st.stm32cube.ide.mcu.externaltools.gnu-tools-for-stm32.7-2018-q2-update.win32_1.4.0.202007081208/tools/bin/../lib/gcc/arm-none-eabi/7.3.1/thumb/v7e-m/fpv4-sp/hard/crtbegin.o
LOAD c:/st/stm32cubeide_1.4.0/stm32cubeide/plugins/com.st.stm32cube.ide.mcu.externaltools.gnu-tools-for-stm32.7-2018-q2-update.win32_1.4.0.202007081208/tools/bin/../lib/gcc/arm-none-eabi/7.3.1/../../../../arm-none-eabi/lib/thumb/v7e-m/fpv4-sp/hard/crt0.o
LOAD Core/Src/freertos.o
LOAD Core/Src/main.o
LOAD Core/Src/stm32f4xx_hal_msp.o
LOAD Core/Src/stm32f4xx_hal_timebase_tim.o
LOAD Core/Src/stm32f4xx_it.o
LOAD Core/Src/syscalls.o
LOAD Core/Src/sysmem.o
LOAD Core/Src/system_stm32f4xx.o
LOAD Core/Startup/startup_stm32f413zhtx.o
LOAD Drivers/STM32F4xx_HAL_Driver/Src/stm32f4xx_hal.o
LOAD Drivers/STM32F4xx_HAL_Driver/Src/stm32f4xx_hal_cortex.o
LOAD Drivers/STM32F4xx_HAL_Driver/Src/stm32f4xx_hal_dfsdm.o
LOAD Drivers/STM32F4xx_HAL_Driver/Src/stm32f4xx_hal_dma.o
LOAD Drivers/STM32F4xx_HAL_Driver/Src/stm32f4xx_hal_dma_ex.o
LOAD Drivers/STM32F4xx_HAL_Driver/Src/stm32f4xx_hal_exti.o
LOAD Drivers/STM32F4xx_HAL_Driver/Src/stm32f4xx_hal_flash.o
LOAD Drivers/STM32F4xx_HAL_Driver/Src/stm32f4xx_hal_flash_ex.o
LOAD Drivers/STM32F4xx_HAL_Driver/Src/stm32f4xx_hal_flash_ramfunc.o
LOAD Drivers/STM32F4xx_HAL_Driver/Src/stm32f4xx_hal_gpio.o
LOAD Drivers/STM32F4xx_HAL_Driver/Src/stm32f4xx_hal_hcd.o
LOAD Drivers/STM32F4xx_HAL_Driver/Src/stm32f4xx_hal_i2s.o
LOAD Drivers/STM32F4xx_HAL_Driver/Src/stm32f4xx_hal_i2s_ex.o
LOAD Drivers/STM32F4xx_HAL_Driver/Src/stm32f4xx_hal_pwr.o
LOAD Drivers/STM32F4xx_HAL_Driver/Src/stm32f4xx_hal_pwr_ex.o
LOAD Drivers/STM32F4xx_HAL_Driver/Src/stm32f4xx_hal_rcc.o
LOAD Drivers/STM32F4xx_HAL_Driver/Src/stm32f4xx_hal_rcc_ex.o
LOAD Drivers/STM32F4xx_HAL_Driver/Src/stm32f4xx_hal_sd.o
LOAD Drivers/STM32F4xx_HAL_Driver/Src/stm32f4xx_hal_sram.o
LOAD Drivers/STM32F4xx_HAL_Driver/Src/stm32f4xx_hal_tim.o
LOAD Drivers/STM32F4xx_HAL_Driver/Src/stm32f4xx_hal_tim_ex.o
LOAD Drivers/STM32F4xx_HAL_Driver/Src/stm32f4xx_hal_uart.o
LOAD Drivers/STM32F4xx_HAL_Driver/Src/stm32f4xx_ll_fsmc.o
LOAD Drivers/STM32F4xx_HAL_Driver/Src/stm32f4xx_ll_sdmmc.o
LOAD Drivers/STM32F4xx_HAL_Driver/Src/stm32f4xx_ll_usb.o
LOAD Middlewares/ST/STM32_USB_Host_Library/Class/CDC/Src/usbh_cdc.o
LOAD Middlewares/ST/STM32_USB_Host_Library/Core/Src/usbh_core.o
LOAD Middlewares/ST/STM32_USB_Host_Library/Core/Src/usbh_ctlreq.o
LOAD Middlewares/ST/STM32_USB_Host_Library/Core/Src/usbh_ioreq.o
LOAD Middlewares/ST/STM32_USB_Host_Library/Core/Src/usbh_pipes.o
LOAD Middlewares/Third_Party/FreeRTOS/Source/CMSIS_RTOS_V2/cmsis_os2.o
LOAD Middlewares/Third_Party/FreeRTOS/Source/croutine.o
LOAD Middlewares/Third_Party/FreeRTOS/Source/event_groups.o
LOAD Middlewares/Third_Party/FreeRTOS/Source/list.o
LOAD Middlewares/Third_Party/FreeRTOS/Source/queue.o
LOAD Middlewares/Third_Party/FreeRTOS/Source/stream_buffer.o
LOAD Middlewares/Third_Party/FreeRTOS/Source/tasks.o
LOAD Middlewares/Third_Party/FreeRTOS/Source/timers.o
LOAD Middlewares/Third_Party/FreeRTOS/Source/portable/GCC/ARM_CM4F/port.o
LOAD Middlewares/Third_Party/FreeRTOS/Source/portable/MemMang/heap_4.o
LOAD USB_HOST/App/usb_host.o
LOAD USB_HOST/Target/usbh_conf.o
LOAD USB_HOST/Target/usbh_platform.o
START GROUP
LOAD c:/st/stm32cubeide_1.4.0/stm32cubeide/plugins/com.st.stm32cube.ide.mcu.externaltools.gnu-tools-for-stm32.7-2018-q2-update.win32_1.4.0.202007081208/tools/bin/../lib/gcc/arm-none-eabi/7.3.1/../../../../arm-none-eabi/lib/thumb/v7e-m/fpv4-sp/hard\libc_nano.a
LOAD c:/st/stm32cubeide_1.4.0/stm32cubeide/plugins/com.st.stm32cube.ide.mcu.externaltools.gnu-tools-for-stm32.7-2018-q2-update.win32_1.4.0.202007081208/tools/bin/../lib/gcc/arm-none-eabi/7.3.1/../../../../arm-none-eabi/lib/thumb/v7e-m/fpv4-sp/hard\libm.a
END GROUP
START GROUP
LOAD c:/st/stm32cubeide_1.4.0/stm32cubeide/plugins/com.st.stm32cube.ide.mcu.externaltools.gnu-tools-for-stm32.7-2018-q2-update.win32_1.4.0.202007081208/tools/bin/../lib/gcc/arm-none-eabi/7.3.1/thumb/v7e-m/fpv4-sp/hard\libgcc.a
LOAD c:/st/stm32cubeide_1.4.0/stm32cubeide/plugins/com.st.stm32cube.ide.mcu.externaltools.gnu-tools-for-stm32.7-2018-q2-update.win32_1.4.0.202007081208/tools/bin/../lib/gcc/arm-none-eabi/7.3.1/../../../../arm-none-eabi/lib/thumb/v7e-m/fpv4-sp/hard\libc_nano.a
END GROUP
START GROUP
LOAD c:/st/stm32cubeide_1.4.0/stm32cubeide/plugins/com.st.stm32cube.ide.mcu.externaltools.gnu-tools-for-stm32.7-2018-q2-update.win32_1.4.0.202007081208/tools/bin/../lib/gcc/arm-none-eabi/7.3.1/thumb/v7e-m/fpv4-sp/hard\libgcc.a
LOAD c:/st/stm32cubeide_1.4.0/stm32cubeide/plugins/com.st.stm32cube.ide.mcu.externaltools.gnu-tools-for-stm32.7-2018-q2-update.win32_1.4.0.202007081208/tools/bin/../lib/gcc/arm-none-eabi/7.3.1/../../../../arm-none-eabi/lib/thumb/v7e-m/fpv4-sp/hard\libc_nano.a
LOAD c:/st/stm32cubeide_1.4.0/stm32cubeide/plugins/com.st.stm32cube.ide.mcu.externaltools.gnu-tools-for-stm32.7-2018-q2-update.win32_1.4.0.202007081208/tools/bin/../lib/gcc/arm-none-eabi/7.3.1/../../../../arm-none-eabi/lib/thumb/v7e-m/fpv4-sp/hard\libnosys.a
END GROUP
START GROUP
LOAD c:/st/stm32cubeide_1.4.0/stm32cubeide/plugins/com.st.stm32cube.ide.mcu.externaltools.gnu-tools-for-stm32.7-2018-q2-update.win32_1.4.0.202007081208/tools/bin/../lib/gcc/arm-none-eabi/7.3.1/thumb/v7e-m/fpv4-sp/hard\libgcc.a
LOAD c:/st/stm32cubeide_1.4.0/stm32cubeide/plugins/com.st.stm32cube.ide.mcu.externaltools.gnu-tools-for-stm32.7-2018-q2-update.win32_1.4.0.202007081208/tools/bin/../lib/gcc/arm-none-eabi/7.3.1/../../../../arm-none-eabi/lib/thumb/v7e-m/fpv4-sp/hard\libc_nano.a
LOAD c:/st/stm32cubeide_1.4.0/stm32cubeide/plugins/com.st.stm32cube.ide.mcu.externaltools.gnu-tools-for-stm32.7-2018-q2-update.win32_1.4.0.202007081208/tools/bin/../lib/gcc/arm-none-eabi/7.3.1/../../../../arm-none-eabi/lib/thumb/v7e-m/fpv4-sp/hard\libnosys.a
END GROUP
LOAD c:/st/stm32cubeide_1.4.0/stm32cubeide/plugins/com.st.stm32cube.ide.mcu.externaltools.gnu-tools-for-stm32.7-2018-q2-update.win32_1.4.0.202007081208/tools/bin/../lib/gcc/arm-none-eabi/7.3.1/thumb/v7e-m/fpv4-sp/hard/crtend.o
LOAD c:/st/stm32cubeide_1.4.0/stm32cubeide/plugins/com.st.stm32cube.ide.mcu.externaltools.gnu-tools-for-stm32.7-2018-q2-update.win32_1.4.0.202007081208/tools/bin/../lib/gcc/arm-none-eabi/7.3.1/thumb/v7e-m/fpv4-sp/hard/crtn.o
                0x0000000020050000                _estack = (ORIGIN (RAM) + LENGTH (RAM))
                0x0000000000000200                _Min_Heap_Size = 0x200
                0x0000000000000400                _Min_Stack_Size = 0x400

.isr_vector     0x0000000008000000      0x1d8
                0x0000000008000000                . = ALIGN (0x4)
 *(.isr_vector)
 .isr_vector    0x0000000008000000      0x1d8 Core/Startup/startup_stm32f413zhtx.o
                0x0000000008000000                g_pfnVectors
                0x00000000080001d8                . = ALIGN (0x4)

.text           0x00000000080001e0     0xee9c
                0x00000000080001e0                . = ALIGN (0x4)
 *(.text)
 .text          0x00000000080001e0       0x40 c:/st/stm32cubeide_1.4.0/stm32cubeide/plugins/com.st.stm32cube.ide.mcu.externaltools.gnu-tools-for-stm32.7-2018-q2-update.win32_1.4.0.202007081208/tools/bin/../lib/gcc/arm-none-eabi/7.3.1/thumb/v7e-m/fpv4-sp/hard/crtbegin.o
 .text          0x0000000008000220       0xa0 c:/st/stm32cubeide_1.4.0/stm32cubeide/plugins/com.st.stm32cube.ide.mcu.externaltools.gnu-tools-for-stm32.7-2018-q2-update.win32_1.4.0.202007081208/tools/bin/../lib/gcc/arm-none-eabi/7.3.1/../../../../arm-none-eabi/lib/thumb/v7e-m/fpv4-sp/hard\libc_nano.a(lib_a-memchr.o)
                0x0000000008000220                memchr
 .text          0x00000000080002c0       0x30 c:/st/stm32cubeide_1.4.0/stm32cubeide/plugins/com.st.stm32cube.ide.mcu.externaltools.gnu-tools-for-stm32.7-2018-q2-update.win32_1.4.0.202007081208/tools/bin/../lib/gcc/arm-none-eabi/7.3.1/thumb/v7e-m/fpv4-sp/hard\libgcc.a(_aeabi_uldivmod.o)
                0x00000000080002c0                __aeabi_uldivmod
 .text          0x00000000080002f0      0x2cc c:/st/stm32cubeide_1.4.0/stm32cubeide/plugins/com.st.stm32cube.ide.mcu.externaltools.gnu-tools-for-stm32.7-2018-q2-update.win32_1.4.0.202007081208/tools/bin/../lib/gcc/arm-none-eabi/7.3.1/thumb/v7e-m/fpv4-sp/hard\libgcc.a(_udivmoddi4.o)
                0x00000000080002f0                __udivmoddi4
 .text          0x00000000080005bc        0x4 c:/st/stm32cubeide_1.4.0/stm32cubeide/plugins/com.st.stm32cube.ide.mcu.externaltools.gnu-tools-for-stm32.7-2018-q2-update.win32_1.4.0.202007081208/tools/bin/../lib/gcc/arm-none-eabi/7.3.1/thumb/v7e-m/fpv4-sp/hard\libgcc.a(_dvmd_tls.o)
                0x00000000080005bc                __aeabi_idiv0
                0x00000000080005bc                __aeabi_ldiv0
 *(.text*)
 .text.main     0x00000000080005c0       0xc4 Core/Src/main.o
                0x00000000080005c0                main
 .text.SystemClock_Config
                0x0000000008000684      0x138 Core/Src/main.o
                0x0000000008000684                SystemClock_Config
 .text.MX_DFSDM1_Init
                0x00000000080007bc       0x70 Core/Src/main.o
 .text.MX_DFSDM2_Init
                0x000000000800082c       0xd4 Core/Src/main.o
 .text.MX_I2S2_Init
                0x0000000008000900       0x5c Core/Src/main.o
 .text.MX_SDIO_SD_Init
                0x000000000800095c       0x60 Core/Src/main.o
 .text.MX_UART7_Init
                0x00000000080009bc       0x54 Core/Src/main.o
 .text.MX_GPIO_Init
                0x0000000008000a10      0x468 Core/Src/main.o
 .text.MX_FSMC_Init
                0x0000000008000e78       0xc4 Core/Src/main.o
 .text.StartPollLidarTask
                0x0000000008000f3c       0x4c Core/Src/main.o
                0x0000000008000f3c                StartPollLidarTask
 .text.StartUpdateLCDTask
                0x0000000008000f88       0x10 Core/Src/main.o
                0x0000000008000f88                StartUpdateLCDTask
 .text.StartMotorControlTask
                0x0000000008000f98        0xa Core/Src/main.o
                0x0000000008000f98                StartMotorControlTask
 .text.StartChangeMetricTask
                0x0000000008000fa2       0x10 Core/Src/main.o
                0x0000000008000fa2                StartChangeMetricTask
 *fill*         0x0000000008000fb2        0x2 
 .text.HAL_TIM_PeriodElapsedCallback
                0x0000000008000fb4       0x24 Core/Src/main.o
                0x0000000008000fb4                HAL_TIM_PeriodElapsedCallback
 .text.Error_Handler
                0x0000000008000fd8        0xe Core/Src/main.o
                0x0000000008000fd8                Error_Handler
 *fill*         0x0000000008000fe6        0x2 
 .text.HAL_MspInit
                0x0000000008000fe8       0x50 Core/Src/stm32f4xx_hal_msp.o
                0x0000000008000fe8                HAL_MspInit
 .text.HAL_DFSDM_ChannelMspInit
                0x0000000008001038      0x224 Core/Src/stm32f4xx_hal_msp.o
                0x0000000008001038                HAL_DFSDM_ChannelMspInit
 .text.HAL_I2S_MspInit
                0x000000000800125c      0x174 Core/Src/stm32f4xx_hal_msp.o
                0x000000000800125c                HAL_I2S_MspInit
 .text.HAL_SD_MspInit
                0x00000000080013d0       0xd0 Core/Src/stm32f4xx_hal_msp.o
                0x00000000080013d0                HAL_SD_MspInit
 .text.HAL_UART_MspInit
                0x00000000080014a0       0x90 Core/Src/stm32f4xx_hal_msp.o
                0x00000000080014a0                HAL_UART_MspInit
 .text.HAL_FSMC_MspInit
                0x0000000008001530       0xe0 Core/Src/stm32f4xx_hal_msp.o
 .text.HAL_SRAM_MspInit
                0x0000000008001610       0x14 Core/Src/stm32f4xx_hal_msp.o
                0x0000000008001610                HAL_SRAM_MspInit
 .text.HAL_InitTick
                0x0000000008001624       0xb0 Core/Src/stm32f4xx_hal_timebase_tim.o
                0x0000000008001624                HAL_InitTick
 .text.NMI_Handler
                0x00000000080016d4        0xe Core/Src/stm32f4xx_it.o
                0x00000000080016d4                NMI_Handler
 .text.HardFault_Handler
                0x00000000080016e2        0x6 Core/Src/stm32f4xx_it.o
                0x00000000080016e2                HardFault_Handler
 .text.MemManage_Handler
                0x00000000080016e8        0x6 Core/Src/stm32f4xx_it.o
                0x00000000080016e8                MemManage_Handler
 .text.BusFault_Handler
                0x00000000080016ee        0x6 Core/Src/stm32f4xx_it.o
                0x00000000080016ee                BusFault_Handler
 .text.UsageFault_Handler
                0x00000000080016f4        0x6 Core/Src/stm32f4xx_it.o
                0x00000000080016f4                UsageFault_Handler
 .text.DebugMon_Handler
                0x00000000080016fa        0xe Core/Src/stm32f4xx_it.o
                0x00000000080016fa                DebugMon_Handler
 .text.TIM6_DAC_IRQHandler
                0x0000000008001708       0x14 Core/Src/stm32f4xx_it.o
                0x0000000008001708                TIM6_DAC_IRQHandler
 .text.OTG_FS_IRQHandler
                0x000000000800171c       0x14 Core/Src/stm32f4xx_it.o
                0x000000000800171c                OTG_FS_IRQHandler
 .text._read    0x0000000008001730       0x3a Core/Src/syscalls.o
                0x0000000008001730                _read
 .text._write   0x000000000800176a       0x38 Core/Src/syscalls.o
                0x000000000800176a                _write
 .text._close   0x00000000080017a2       0x18 Core/Src/syscalls.o
                0x00000000080017a2                _close
 .text._fstat   0x00000000080017ba       0x20 Core/Src/syscalls.o
                0x00000000080017ba                _fstat
 .text._isatty  0x00000000080017da       0x16 Core/Src/syscalls.o
                0x00000000080017da                _isatty
 .text._lseek   0x00000000080017f0       0x1a Core/Src/syscalls.o
                0x00000000080017f0                _lseek
 *fill*         0x000000000800180a        0x2 
 .text._sbrk    0x000000000800180c       0x6c Core/Src/sysmem.o
                0x000000000800180c                _sbrk
 .text.SystemInit
                0x0000000008001878       0x2c Core/Src/system_stm32f4xx.o
                0x0000000008001878                SystemInit
 .text.Reset_Handler
                0x00000000080018a4       0x50 Core/Startup/startup_stm32f413zhtx.o
                0x00000000080018a4                Reset_Handler
 .text.Default_Handler
                0x00000000080018f4        0x2 Core/Startup/startup_stm32f413zhtx.o
                0x00000000080018f4                RTC_Alarm_IRQHandler
                0x00000000080018f4                EXTI2_IRQHandler
                0x00000000080018f4                TIM8_CC_IRQHandler
                0x00000000080018f4                UART8_IRQHandler
                0x00000000080018f4                FMPI2C1_EV_IRQHandler
                0x00000000080018f4                SPI4_IRQHandler
                0x00000000080018f4                TIM1_CC_IRQHandler
                0x00000000080018f4                DMA2_Stream5_IRQHandler
                0x00000000080018f4                DMA1_Stream5_IRQHandler
                0x00000000080018f4                CAN3_RX1_IRQHandler
                0x00000000080018f4                PVD_IRQHandler
                0x00000000080018f4                SDIO_IRQHandler
                0x00000000080018f4                TAMP_STAMP_IRQHandler
                0x00000000080018f4                CAN2_RX1_IRQHandler
                0x00000000080018f4                EXTI3_IRQHandler
                0x00000000080018f4                TIM8_TRG_COM_TIM14_IRQHandler
                0x00000000080018f4                DFSDM1_FLT1_IRQHandler
                0x00000000080018f4                TIM1_UP_TIM10_IRQHandler
                0x00000000080018f4                TIM8_UP_TIM13_IRQHandler
                0x00000000080018f4                I2C3_ER_IRQHandler
                0x00000000080018f4                EXTI0_IRQHandler
                0x00000000080018f4                I2C2_EV_IRQHandler
                0x00000000080018f4                DMA1_Stream2_IRQHandler
                0x00000000080018f4                CAN1_RX0_IRQHandler
                0x00000000080018f4                FPU_IRQHandler
                0x00000000080018f4                CAN3_SCE_IRQHandler
                0x00000000080018f4                CAN2_SCE_IRQHandler
                0x00000000080018f4                DMA2_Stream2_IRQHandler
                0x00000000080018f4                SPI1_IRQHandler
                0x00000000080018f4                TIM1_BRK_TIM9_IRQHandler
                0x00000000080018f4                CAN2_RX0_IRQHandler
                0x00000000080018f4                DMA2_Stream3_IRQHandler
                0x00000000080018f4                USART6_IRQHandler
                0x00000000080018f4                CAN3_RX0_IRQHandler
                0x00000000080018f4                USART3_IRQHandler
                0x00000000080018f4                DFSDM2_FLT3_IRQHandler
                0x00000000080018f4                CAN1_RX1_IRQHandler
                0x00000000080018f4                UART5_IRQHandler
                0x00000000080018f4                DMA2_Stream0_IRQHandler
                0x00000000080018f4                TIM4_IRQHandler
                0x00000000080018f4                QUADSPI_IRQHandler
                0x00000000080018f4                I2C1_EV_IRQHandler
                0x00000000080018f4                DMA1_Stream6_IRQHandler
                0x00000000080018f4                DMA1_Stream1_IRQHandler
                0x00000000080018f4                UART4_IRQHandler
                0x00000000080018f4                TIM3_IRQHandler
                0x00000000080018f4                RCC_IRQHandler
                0x00000000080018f4                UART9_IRQHandler
                0x00000000080018f4                TIM8_BRK_TIM12_IRQHandler
                0x00000000080018f4                Default_Handler
                0x00000000080018f4                EXTI15_10_IRQHandler
                0x00000000080018f4                ADC_IRQHandler
                0x00000000080018f4                DMA1_Stream7_IRQHandler
                0x00000000080018f4                DFSDM2_FLT0_IRQHandler
                0x00000000080018f4                SPI5_IRQHandler
                0x00000000080018f4                TIM7_IRQHandler
                0x00000000080018f4                CAN2_TX_IRQHandler
                0x00000000080018f4                TIM5_IRQHandler
                0x00000000080018f4                DMA2_Stream7_IRQHandler
                0x00000000080018f4                I2C3_EV_IRQHandler
                0x00000000080018f4                DFSDM2_FLT2_IRQHandler
                0x00000000080018f4                EXTI9_5_IRQHandler
                0x00000000080018f4                RTC_WKUP_IRQHandler
                0x00000000080018f4                SPI2_IRQHandler
                0x00000000080018f4                DMA1_Stream0_IRQHandler
                0x00000000080018f4                CAN1_TX_IRQHandler
                0x00000000080018f4                FMPI2C1_ER_IRQHandler
                0x00000000080018f4                EXTI4_IRQHandler
                0x00000000080018f4                DFSDM2_FLT1_IRQHandler
                0x00000000080018f4                RNG_IRQHandler
                0x00000000080018f4                FSMC_IRQHandler
                0x00000000080018f4                WWDG_IRQHandler
                0x00000000080018f4                CAN3_TX_IRQHandler
                0x00000000080018f4                TIM2_IRQHandler
                0x00000000080018f4                OTG_FS_WKUP_IRQHandler
                0x00000000080018f4                TIM1_TRG_COM_TIM11_IRQHandler
                0x00000000080018f4                EXTI1_IRQHandler
                0x00000000080018f4                UART7_IRQHandler
                0x00000000080018f4                USART2_IRQHandler
                0x00000000080018f4                DFSDM1_FLT0_IRQHandler
                0x00000000080018f4                I2C2_ER_IRQHandler
                0x00000000080018f4                DMA2_Stream1_IRQHandler
                0x00000000080018f4                CAN1_SCE_IRQHandler
                0x00000000080018f4                FLASH_IRQHandler
                0x00000000080018f4                DMA2_Stream4_IRQHandler
                0x00000000080018f4                USART1_IRQHandler
                0x00000000080018f4                SPI3_IRQHandler
                0x00000000080018f4                DMA1_Stream4_IRQHandler
                0x00000000080018f4                I2C1_ER_IRQHandler
                0x00000000080018f4                LPTIM1_IRQHandler
                0x00000000080018f4                DMA2_Stream6_IRQHandler
                0x00000000080018f4                UART10_IRQHandler
                0x00000000080018f4                SAI1_IRQHandler
                0x00000000080018f4                DMA1_Stream3_IRQHandler
 *fill*         0x00000000080018f6        0x2 
 .text.HAL_Init
                0x00000000080018f8       0x44 Drivers/STM32F4xx_HAL_Driver/Src/stm32f4xx_hal.o
                0x00000000080018f8                HAL_Init
 .text.HAL_IncTick
                0x000000000800193c       0x28 Drivers/STM32F4xx_HAL_Driver/Src/stm32f4xx_hal.o
                0x000000000800193c                HAL_IncTick
 .text.HAL_GetTick
                0x0000000008001964       0x18 Drivers/STM32F4xx_HAL_Driver/Src/stm32f4xx_hal.o
                0x0000000008001964                HAL_GetTick
 .text.HAL_Delay
                0x000000000800197c       0x44 Drivers/STM32F4xx_HAL_Driver/Src/stm32f4xx_hal.o
                0x000000000800197c                HAL_Delay
 .text.__NVIC_SetPriorityGrouping
                0x00000000080019c0       0x48 Drivers/STM32F4xx_HAL_Driver/Src/stm32f4xx_hal_cortex.o
 .text.__NVIC_GetPriorityGrouping
                0x0000000008001a08       0x1c Drivers/STM32F4xx_HAL_Driver/Src/stm32f4xx_hal_cortex.o
 .text.__NVIC_EnableIRQ
                0x0000000008001a24       0x3c Drivers/STM32F4xx_HAL_Driver/Src/stm32f4xx_hal_cortex.o
 .text.__NVIC_SetPriority
                0x0000000008001a60       0x54 Drivers/STM32F4xx_HAL_Driver/Src/stm32f4xx_hal_cortex.o
 .text.NVIC_EncodePriority
                0x0000000008001ab4       0x66 Drivers/STM32F4xx_HAL_Driver/Src/stm32f4xx_hal_cortex.o
 .text.HAL_NVIC_SetPriorityGrouping
                0x0000000008001b1a       0x16 Drivers/STM32F4xx_HAL_Driver/Src/stm32f4xx_hal_cortex.o
                0x0000000008001b1a                HAL_NVIC_SetPriorityGrouping
 .text.HAL_NVIC_SetPriority
                0x0000000008001b30       0x38 Drivers/STM32F4xx_HAL_Driver/Src/stm32f4xx_hal_cortex.o
                0x0000000008001b30                HAL_NVIC_SetPriority
 .text.HAL_NVIC_EnableIRQ
                0x0000000008001b68       0x1c Drivers/STM32F4xx_HAL_Driver/Src/stm32f4xx_hal_cortex.o
                0x0000000008001b68                HAL_NVIC_EnableIRQ
 .text.HAL_DFSDM_ChannelInit
                0x0000000008001b84      0x1e0 Drivers/STM32F4xx_HAL_Driver/Src/stm32f4xx_hal_dfsdm.o
                0x0000000008001b84                HAL_DFSDM_ChannelInit
 .text.DFSDM_GetChannelFromInstance
                0x0000000008001d64       0xc8 Drivers/STM32F4xx_HAL_Driver/Src/stm32f4xx_hal_dfsdm.o
 .text.HAL_GPIO_Init
                0x0000000008001e2c      0x324 Drivers/STM32F4xx_HAL_Driver/Src/stm32f4xx_hal_gpio.o
                0x0000000008001e2c                HAL_GPIO_Init
 .text.HAL_GPIO_WritePin
                0x0000000008002150       0x32 Drivers/STM32F4xx_HAL_Driver/Src/stm32f4xx_hal_gpio.o
                0x0000000008002150                HAL_GPIO_WritePin
 .text.HAL_HCD_Init
                0x0000000008002182       0xc4 Drivers/STM32F4xx_HAL_Driver/Src/stm32f4xx_hal_hcd.o
                0x0000000008002182                HAL_HCD_Init
 .text.HAL_HCD_HC_Init
                0x0000000008002246      0x130 Drivers/STM32F4xx_HAL_Driver/Src/stm32f4xx_hal_hcd.o
                0x0000000008002246                HAL_HCD_HC_Init
 .text.HAL_HCD_HC_Halt
                0x0000000008002376       0x46 Drivers/STM32F4xx_HAL_Driver/Src/stm32f4xx_hal_hcd.o
                0x0000000008002376                HAL_HCD_HC_Halt
 .text.HAL_HCD_HC_SubmitRequest
                0x00000000080023bc      0x2e4 Drivers/STM32F4xx_HAL_Driver/Src/stm32f4xx_hal_hcd.o
                0x00000000080023bc                HAL_HCD_HC_SubmitRequest
 .text.HAL_HCD_IRQHandler
                0x00000000080026a0      0x208 Drivers/STM32F4xx_HAL_Driver/Src/stm32f4xx_hal_hcd.o
                0x00000000080026a0                HAL_HCD_IRQHandler
 .text.HAL_HCD_Start
                0x00000000080028a8       0x46 Drivers/STM32F4xx_HAL_Driver/Src/stm32f4xx_hal_hcd.o
                0x00000000080028a8                HAL_HCD_Start
 .text.HAL_HCD_Stop
                0x00000000080028ee       0x3a Drivers/STM32F4xx_HAL_Driver/Src/stm32f4xx_hal_hcd.o
                0x00000000080028ee                HAL_HCD_Stop
 .text.HAL_HCD_ResetPort
                0x0000000008002928       0x1c Drivers/STM32F4xx_HAL_Driver/Src/stm32f4xx_hal_hcd.o
                0x0000000008002928                HAL_HCD_ResetPort
 .text.HAL_HCD_HC_GetURBState
                0x0000000008002944       0x2a Drivers/STM32F4xx_HAL_Driver/Src/stm32f4xx_hal_hcd.o
                0x0000000008002944                HAL_HCD_HC_GetURBState
 .text.HAL_HCD_HC_GetXferCount
                0x000000000800296e       0x2a Drivers/STM32F4xx_HAL_Driver/Src/stm32f4xx_hal_hcd.o
                0x000000000800296e                HAL_HCD_HC_GetXferCount
 .text.HAL_HCD_GetCurrentFrame
                0x0000000008002998       0x1c Drivers/STM32F4xx_HAL_Driver/Src/stm32f4xx_hal_hcd.o
                0x0000000008002998                HAL_HCD_GetCurrentFrame
 .text.HAL_HCD_GetCurrentSpeed
                0x00000000080029b4       0x1c Drivers/STM32F4xx_HAL_Driver/Src/stm32f4xx_hal_hcd.o
                0x00000000080029b4                HAL_HCD_GetCurrentSpeed
 .text.HCD_HC_IN_IRQHandler
                0x00000000080029d0      0x86a Drivers/STM32F4xx_HAL_Driver/Src/stm32f4xx_hal_hcd.o
 .text.HCD_HC_OUT_IRQHandler
                0x000000000800323a      0x6ea Drivers/STM32F4xx_HAL_Driver/Src/stm32f4xx_hal_hcd.o
 .text.HCD_RXQLVL_IRQHandler
                0x0000000008003924      0x158 Drivers/STM32F4xx_HAL_Driver/Src/stm32f4xx_hal_hcd.o
 .text.HCD_Port_IRQHandler
                0x0000000008003a7c       0xe6 Drivers/STM32F4xx_HAL_Driver/Src/stm32f4xx_hal_hcd.o
 *fill*         0x0000000008003b62        0x2 
 .text.HAL_I2S_Init
                0x0000000008003b64      0x2c4 Drivers/STM32F4xx_HAL_Driver/Src/stm32f4xx_hal_i2s.o
                0x0000000008003b64                HAL_I2S_Init
 .text.HAL_I2S_TxCpltCallback
                0x0000000008003e28       0x14 Drivers/STM32F4xx_HAL_Driver/Src/stm32f4xx_hal_i2s.o
                0x0000000008003e28                HAL_I2S_TxCpltCallback
 .text.HAL_I2S_RxCpltCallback
                0x0000000008003e3c       0x14 Drivers/STM32F4xx_HAL_Driver/Src/stm32f4xx_hal_i2s.o
                0x0000000008003e3c                HAL_I2S_RxCpltCallback
 .text.HAL_I2S_ErrorCallback
                0x0000000008003e50       0x14 Drivers/STM32F4xx_HAL_Driver/Src/stm32f4xx_hal_i2s.o
                0x0000000008003e50                HAL_I2S_ErrorCallback
 .text.I2S_Transmit_IT
                0x0000000008003e64       0x5c Drivers/STM32F4xx_HAL_Driver/Src/stm32f4xx_hal_i2s.o
 .text.I2S_Receive_IT
                0x0000000008003ec0       0x5e Drivers/STM32F4xx_HAL_Driver/Src/stm32f4xx_hal_i2s.o
 .text.I2S_IRQHandler
                0x0000000008003f1e      0x114 Drivers/STM32F4xx_HAL_Driver/Src/stm32f4xx_hal_i2s.o
 *fill*         0x0000000008004032        0x2 
 .text.HAL_I2SEx_FullDuplex_IRQHandler
                0x0000000008004034      0x2a8 Drivers/STM32F4xx_HAL_Driver/Src/stm32f4xx_hal_i2s_ex.o
                0x0000000008004034                HAL_I2SEx_FullDuplex_IRQHandler
 .text.HAL_I2SEx_TxRxCpltCallback
                0x00000000080042dc       0x14 Drivers/STM32F4xx_HAL_Driver/Src/stm32f4xx_hal_i2s_ex.o
                0x00000000080042dc                HAL_I2SEx_TxRxCpltCallback
 .text.I2SEx_TxISR_I2S
                0x00000000080042f0       0x62 Drivers/STM32F4xx_HAL_Driver/Src/stm32f4xx_hal_i2s_ex.o
 *fill*         0x0000000008004352        0x2 
 .text.I2SEx_TxISR_I2SExt
                0x0000000008004354       0x98 Drivers/STM32F4xx_HAL_Driver/Src/stm32f4xx_hal_i2s_ex.o
 .text.I2SEx_RxISR_I2S
                0x00000000080043ec       0x64 Drivers/STM32F4xx_HAL_Driver/Src/stm32f4xx_hal_i2s_ex.o
 .text.I2SEx_RxISR_I2SExt
                0x0000000008004450       0x98 Drivers/STM32F4xx_HAL_Driver/Src/stm32f4xx_hal_i2s_ex.o
 .text.HAL_RCC_ClockConfig
                0x00000000080044e8      0x1cc Drivers/STM32F4xx_HAL_Driver/Src/stm32f4xx_hal_rcc.o
                0x00000000080044e8                HAL_RCC_ClockConfig
 .text.HAL_RCC_GetSysClockFreq
                0x00000000080046b4      0x164 Drivers/STM32F4xx_HAL_Driver/Src/stm32f4xx_hal_rcc.o
                0x00000000080046b4                HAL_RCC_GetSysClockFreq
 .text.HAL_RCC_GetHCLKFreq
                0x0000000008004818       0x18 Drivers/STM32F4xx_HAL_Driver/Src/stm32f4xx_hal_rcc.o
                0x0000000008004818                HAL_RCC_GetHCLKFreq
 .text.HAL_RCC_GetPCLK1Freq
                0x0000000008004830       0x28 Drivers/STM32F4xx_HAL_Driver/Src/stm32f4xx_hal_rcc.o
                0x0000000008004830                HAL_RCC_GetPCLK1Freq
 .text.HAL_RCC_GetPCLK2Freq
                0x0000000008004858       0x28 Drivers/STM32F4xx_HAL_Driver/Src/stm32f4xx_hal_rcc.o
                0x0000000008004858                HAL_RCC_GetPCLK2Freq
 .text.HAL_RCC_GetClockConfig
                0x0000000008004880       0x64 Drivers/STM32F4xx_HAL_Driver/Src/stm32f4xx_hal_rcc.o
                0x0000000008004880                HAL_RCC_GetClockConfig
 .text.HAL_RCCEx_PeriphCLKConfig
                0x00000000080048e4      0x518 Drivers/STM32F4xx_HAL_Driver/Src/stm32f4xx_hal_rcc_ex.o
                0x00000000080048e4                HAL_RCCEx_PeriphCLKConfig
 .text.HAL_RCCEx_GetPeriphCLKFreq
                0x0000000008004dfc      0x2a0 Drivers/STM32F4xx_HAL_Driver/Src/stm32f4xx_hal_rcc_ex.o
                0x0000000008004dfc                HAL_RCCEx_GetPeriphCLKFreq
 .text.HAL_RCC_OscConfig
                0x000000000800509c      0x484 Drivers/STM32F4xx_HAL_Driver/Src/stm32f4xx_hal_rcc_ex.o
                0x000000000800509c                HAL_RCC_OscConfig
 .text.HAL_SD_Init
                0x0000000008005520       0x60 Drivers/STM32F4xx_HAL_Driver/Src/stm32f4xx_hal_sd.o
                0x0000000008005520                HAL_SD_Init
 .text.HAL_SD_InitCard
                0x0000000008005580       0xc0 Drivers/STM32F4xx_HAL_Driver/Src/stm32f4xx_hal_sd.o
                0x0000000008005580                HAL_SD_InitCard
 .text.HAL_SD_GetCardCSD
                0x0000000008005640      0x348 Drivers/STM32F4xx_HAL_Driver/Src/stm32f4xx_hal_sd.o
                0x0000000008005640                HAL_SD_GetCardCSD
 .text.HAL_SD_ConfigWideBusOperation
                0x0000000008005988       0xf8 Drivers/STM32F4xx_HAL_Driver/Src/stm32f4xx_hal_sd.o
                0x0000000008005988                HAL_SD_ConfigWideBusOperation
 .text.SD_InitCard
                0x0000000008005a80      0x19a Drivers/STM32F4xx_HAL_Driver/Src/stm32f4xx_hal_sd.o
 *fill*         0x0000000008005c1a        0x2 
 .text.SD_PowerON
                0x0000000008005c1c      0x11c Drivers/STM32F4xx_HAL_Driver/Src/stm32f4xx_hal_sd.o
 .text.SD_WideBus_Enable
                0x0000000008005d38       0x96 Drivers/STM32F4xx_HAL_Driver/Src/stm32f4xx_hal_sd.o
 .text.SD_WideBus_Disable
                0x0000000008005dce       0x96 Drivers/STM32F4xx_HAL_Driver/Src/stm32f4xx_hal_sd.o
 .text.SD_FindSCR
                0x0000000008005e64      0x194 Drivers/STM32F4xx_HAL_Driver/Src/stm32f4xx_hal_sd.o
 .text.HAL_SRAM_Init
                0x0000000008005ff8       0x88 Drivers/STM32F4xx_HAL_Driver/Src/stm32f4xx_hal_sram.o
                0x0000000008005ff8                HAL_SRAM_Init
 .text.HAL_TIM_Base_Init
                0x0000000008006080       0x56 Drivers/STM32F4xx_HAL_Driver/Src/stm32f4xx_hal_tim.o
                0x0000000008006080                HAL_TIM_Base_Init
 .text.HAL_TIM_Base_MspInit
                0x00000000080060d6       0x14 Drivers/STM32F4xx_HAL_Driver/Src/stm32f4xx_hal_tim.o
                0x00000000080060d6                HAL_TIM_Base_MspInit
 .text.HAL_TIM_Base_Start_IT
                0x00000000080060ea       0x48 Drivers/STM32F4xx_HAL_Driver/Src/stm32f4xx_hal_tim.o
                0x00000000080060ea                HAL_TIM_Base_Start_IT
 .text.HAL_TIM_IRQHandler
                0x0000000008006132      0x210 Drivers/STM32F4xx_HAL_Driver/Src/stm32f4xx_hal_tim.o
                0x0000000008006132                HAL_TIM_IRQHandler
 .text.HAL_TIM_OC_DelayElapsedCallback
                0x0000000008006342       0x14 Drivers/STM32F4xx_HAL_Driver/Src/stm32f4xx_hal_tim.o
                0x0000000008006342                HAL_TIM_OC_DelayElapsedCallback
 .text.HAL_TIM_IC_CaptureCallback
                0x0000000008006356       0x14 Drivers/STM32F4xx_HAL_Driver/Src/stm32f4xx_hal_tim.o
                0x0000000008006356                HAL_TIM_IC_CaptureCallback
 .text.HAL_TIM_PWM_PulseFinishedCallback
                0x000000000800636a       0x14 Drivers/STM32F4xx_HAL_Driver/Src/stm32f4xx_hal_tim.o
                0x000000000800636a                HAL_TIM_PWM_PulseFinishedCallback
 .text.HAL_TIM_TriggerCallback
                0x000000000800637e       0x14 Drivers/STM32F4xx_HAL_Driver/Src/stm32f4xx_hal_tim.o
                0x000000000800637e                HAL_TIM_TriggerCallback
 *fill*         0x0000000008006392        0x2 
 .text.TIM_Base_SetConfig
                0x0000000008006394      0x140 Drivers/STM32F4xx_HAL_Driver/Src/stm32f4xx_hal_tim.o
                0x0000000008006394                TIM_Base_SetConfig
 .text.HAL_TIMEx_CommutCallback
                0x00000000080064d4       0x14 Drivers/STM32F4xx_HAL_Driver/Src/stm32f4xx_hal_tim_ex.o
                0x00000000080064d4                HAL_TIMEx_CommutCallback
 .text.HAL_TIMEx_BreakCallback
                0x00000000080064e8       0x14 Drivers/STM32F4xx_HAL_Driver/Src/stm32f4xx_hal_tim_ex.o
                0x00000000080064e8                HAL_TIMEx_BreakCallback
 .text.HAL_UART_Init
                0x00000000080064fc       0x9a Drivers/STM32F4xx_HAL_Driver/Src/stm32f4xx_hal_uart.o
                0x00000000080064fc                HAL_UART_Init
 .text.HAL_UART_Transmit
                0x0000000008006596      0x132 Drivers/STM32F4xx_HAL_Driver/Src/stm32f4xx_hal_uart.o
                0x0000000008006596                HAL_UART_Transmit
 .text.HAL_UART_Receive
                0x00000000080066c8      0x14c Drivers/STM32F4xx_HAL_Driver/Src/stm32f4xx_hal_uart.o
                0x00000000080066c8                HAL_UART_Receive
 .text.UART_WaitOnFlagUntilTimeout
                0x0000000008006814       0x94 Drivers/STM32F4xx_HAL_Driver/Src/stm32f4xx_hal_uart.o
 .text.UART_SetConfig
                0x00000000080068a8      0x730 Drivers/STM32F4xx_HAL_Driver/Src/stm32f4xx_hal_uart.o
 .text.FSMC_NORSRAM_Init
                0x0000000008006fd8       0xe0 Drivers/STM32F4xx_HAL_Driver/Src/stm32f4xx_ll_fsmc.o
                0x0000000008006fd8                FSMC_NORSRAM_Init
 .text.FSMC_NORSRAM_Timing_Init
                0x00000000080070b8       0xa6 Drivers/STM32F4xx_HAL_Driver/Src/stm32f4xx_ll_fsmc.o
                0x00000000080070b8                FSMC_NORSRAM_Timing_Init
 *fill*         0x000000000800715e        0x2 
 .text.FSMC_NORSRAM_Extended_Timing_Init
                0x0000000008007160       0x80 Drivers/STM32F4xx_HAL_Driver/Src/stm32f4xx_ll_fsmc.o
                0x0000000008007160                FSMC_NORSRAM_Extended_Timing_Init
 .text.SDIO_Init
                0x00000000080071e0       0x56 Drivers/STM32F4xx_HAL_Driver/Src/stm32f4xx_ll_sdmmc.o
                0x00000000080071e0                SDIO_Init
 .text.SDIO_ReadFIFO
                0x0000000008007236       0x1a Drivers/STM32F4xx_HAL_Driver/Src/stm32f4xx_ll_sdmmc.o
                0x0000000008007236                SDIO_ReadFIFO
 .text.SDIO_PowerState_ON
                0x0000000008007250       0x1e Drivers/STM32F4xx_HAL_Driver/Src/stm32f4xx_ll_sdmmc.o
                0x0000000008007250                SDIO_PowerState_ON
 .text.SDIO_GetPowerState
                0x000000000800726e       0x1c Drivers/STM32F4xx_HAL_Driver/Src/stm32f4xx_ll_sdmmc.o
                0x000000000800726e                SDIO_GetPowerState
 .text.SDIO_SendCommand
                0x000000000800728a       0x54 Drivers/STM32F4xx_HAL_Driver/Src/stm32f4xx_ll_sdmmc.o
                0x000000000800728a                SDIO_SendCommand
 .text.SDIO_GetCommandResponse
                0x00000000080072de       0x1a Drivers/STM32F4xx_HAL_Driver/Src/stm32f4xx_ll_sdmmc.o
                0x00000000080072de                SDIO_GetCommandResponse
 .text.SDIO_GetResponse
                0x00000000080072f8       0x26 Drivers/STM32F4xx_HAL_Driver/Src/stm32f4xx_ll_sdmmc.o
                0x00000000080072f8                SDIO_GetResponse
 .text.SDIO_ConfigData
                0x000000000800731e       0x58 Drivers/STM32F4xx_HAL_Driver/Src/stm32f4xx_ll_sdmmc.o
                0x000000000800731e                SDIO_ConfigData
 .text.SDMMC_CmdBlockLength
                0x0000000008007376       0x44 Drivers/STM32F4xx_HAL_Driver/Src/stm32f4xx_ll_sdmmc.o
                0x0000000008007376                SDMMC_CmdBlockLength
 .text.SDMMC_CmdSelDesel
                0x00000000080073ba       0x46 Drivers/STM32F4xx_HAL_Driver/Src/stm32f4xx_ll_sdmmc.o
                0x00000000080073ba                SDMMC_CmdSelDesel
 .text.SDMMC_CmdGoIdleState
                0x0000000008007400       0x3c Drivers/STM32F4xx_HAL_Driver/Src/stm32f4xx_ll_sdmmc.o
                0x0000000008007400                SDMMC_CmdGoIdleState
 .text.SDMMC_CmdOperCond
                0x000000000800743c       0x3e Drivers/STM32F4xx_HAL_Driver/Src/stm32f4xx_ll_sdmmc.o
                0x000000000800743c                SDMMC_CmdOperCond
 .text.SDMMC_CmdAppCommand
                0x000000000800747a       0x44 Drivers/STM32F4xx_HAL_Driver/Src/stm32f4xx_ll_sdmmc.o
                0x000000000800747a                SDMMC_CmdAppCommand
 .text.SDMMC_CmdAppOperCommand
                0x00000000080074be       0x46 Drivers/STM32F4xx_HAL_Driver/Src/stm32f4xx_ll_sdmmc.o
                0x00000000080074be                SDMMC_CmdAppOperCommand
 .text.SDMMC_CmdBusWidth
                0x0000000008007504       0x44 Drivers/STM32F4xx_HAL_Driver/Src/stm32f4xx_ll_sdmmc.o
                0x0000000008007504                SDMMC_CmdBusWidth
 .text.SDMMC_CmdSendSCR
                0x0000000008007548       0x42 Drivers/STM32F4xx_HAL_Driver/Src/stm32f4xx_ll_sdmmc.o
                0x0000000008007548                SDMMC_CmdSendSCR
 .text.SDMMC_CmdSendCID
                0x000000000800758a       0x3c Drivers/STM32F4xx_HAL_Driver/Src/stm32f4xx_ll_sdmmc.o
                0x000000000800758a                SDMMC_CmdSendCID
 .text.SDMMC_CmdSendCSD
                0x00000000080075c6       0x3e Drivers/STM32F4xx_HAL_Driver/Src/stm32f4xx_ll_sdmmc.o
                0x00000000080075c6                SDMMC_CmdSendCSD
 .text.SDMMC_CmdSetRelAdd
                0x0000000008007604       0x42 Drivers/STM32F4xx_HAL_Driver/Src/stm32f4xx_ll_sdmmc.o
                0x0000000008007604                SDMMC_CmdSetRelAdd
 *fill*         0x0000000008007646        0x2 
 .text.SDMMC_GetCmdError
                0x0000000008007648       0x50 Drivers/STM32F4xx_HAL_Driver/Src/stm32f4xx_ll_sdmmc.o
 .text.SDMMC_GetCmdResp1
                0x0000000008007698      0x1d8 Drivers/STM32F4xx_HAL_Driver/Src/stm32f4xx_ll_sdmmc.o
 .text.SDMMC_GetCmdResp2
                0x0000000008007870       0x8c Drivers/STM32F4xx_HAL_Driver/Src/stm32f4xx_ll_sdmmc.o
 .text.SDMMC_GetCmdResp3
                0x00000000080078fc       0x74 Drivers/STM32F4xx_HAL_Driver/Src/stm32f4xx_ll_sdmmc.o
 .text.SDMMC_GetCmdResp6
                0x0000000008007970       0xe8 Drivers/STM32F4xx_HAL_Driver/Src/stm32f4xx_ll_sdmmc.o
 .text.SDMMC_GetCmdResp7
                0x0000000008007a58       0x98 Drivers/STM32F4xx_HAL_Driver/Src/stm32f4xx_ll_sdmmc.o
 .text.USB_CoreInit
                0x0000000008007af0       0xc2 Drivers/STM32F4xx_HAL_Driver/Src/stm32f4xx_ll_usb.o
                0x0000000008007af0                USB_CoreInit
 .text.USB_EnableGlobalInt
                0x0000000008007bb2       0x22 Drivers/STM32F4xx_HAL_Driver/Src/stm32f4xx_ll_usb.o
                0x0000000008007bb2                USB_EnableGlobalInt
 .text.USB_DisableGlobalInt
                0x0000000008007bd4       0x22 Drivers/STM32F4xx_HAL_Driver/Src/stm32f4xx_ll_usb.o
                0x0000000008007bd4                USB_DisableGlobalInt
 .text.USB_SetCurrentMode
                0x0000000008007bf6       0x54 Drivers/STM32F4xx_HAL_Driver/Src/stm32f4xx_ll_usb.o
                0x0000000008007bf6                USB_SetCurrentMode
 *fill*         0x0000000008007c4a        0x2 
 .text.USB_FlushTxFifo
                0x0000000008007c4c       0x4c Drivers/STM32F4xx_HAL_Driver/Src/stm32f4xx_ll_usb.o
                0x0000000008007c4c                USB_FlushTxFifo
 .text.USB_FlushRxFifo
                0x0000000008007c98       0x44 Drivers/STM32F4xx_HAL_Driver/Src/stm32f4xx_ll_usb.o
                0x0000000008007c98                USB_FlushRxFifo
 .text.USB_WritePacket
                0x0000000008007cdc       0x6a Drivers/STM32F4xx_HAL_Driver/Src/stm32f4xx_ll_usb.o
                0x0000000008007cdc                USB_WritePacket
 .text.USB_ReadPacket
                0x0000000008007d46       0x52 Drivers/STM32F4xx_HAL_Driver/Src/stm32f4xx_ll_usb.o
                0x0000000008007d46                USB_ReadPacket
 .text.USB_ReadInterrupts
                0x0000000008007d98       0x26 Drivers/STM32F4xx_HAL_Driver/Src/stm32f4xx_ll_usb.o
                0x0000000008007d98                USB_ReadInterrupts
 .text.USB_GetMode
                0x0000000008007dbe       0x1c Drivers/STM32F4xx_HAL_Driver/Src/stm32f4xx_ll_usb.o
                0x0000000008007dbe                USB_GetMode
 *fill*         0x0000000008007dda        0x2 
 .text.USB_CoreReset
                0x0000000008007ddc       0x68 Drivers/STM32F4xx_HAL_Driver/Src/stm32f4xx_ll_usb.o
 .text.USB_HostInit
                0x0000000008007e44      0x16c Drivers/STM32F4xx_HAL_Driver/Src/stm32f4xx_ll_usb.o
                0x0000000008007e44                USB_HostInit
 .text.USB_InitFSLSPClkSel
                0x0000000008007fb0       0x74 Drivers/STM32F4xx_HAL_Driver/Src/stm32f4xx_ll_usb.o
                0x0000000008007fb0                USB_InitFSLSPClkSel
 .text.USB_ResetPort
                0x0000000008008024       0x54 Drivers/STM32F4xx_HAL_Driver/Src/stm32f4xx_ll_usb.o
                0x0000000008008024                USB_ResetPort
 .text.USB_DriveVbus
                0x0000000008008078       0x72 Drivers/STM32F4xx_HAL_Driver/Src/stm32f4xx_ll_usb.o
                0x0000000008008078                USB_DriveVbus
 .text.USB_GetHostSpeed
                0x00000000080080ea       0x2e Drivers/STM32F4xx_HAL_Driver/Src/stm32f4xx_ll_usb.o
                0x00000000080080ea                USB_GetHostSpeed
 .text.USB_GetCurrentFrame
                0x0000000008008118       0x22 Drivers/STM32F4xx_HAL_Driver/Src/stm32f4xx_ll_usb.o
                0x0000000008008118                USB_GetCurrentFrame
 *fill*         0x000000000800813a        0x2 
 .text.USB_HC_Init
                0x000000000800813c      0x214 Drivers/STM32F4xx_HAL_Driver/Src/stm32f4xx_ll_usb.o
                0x000000000800813c                USB_HC_Init
 .text.USB_HC_StartXfer
                0x0000000008008350      0x28c Drivers/STM32F4xx_HAL_Driver/Src/stm32f4xx_ll_usb.o
                0x0000000008008350                USB_HC_StartXfer
 .text.USB_HC_ReadInterrupt
                0x00000000080085dc       0x22 Drivers/STM32F4xx_HAL_Driver/Src/stm32f4xx_ll_usb.o
                0x00000000080085dc                USB_HC_ReadInterrupt
 .text.USB_HC_Halt
                0x00000000080085fe      0x1fe Drivers/STM32F4xx_HAL_Driver/Src/stm32f4xx_ll_usb.o
                0x00000000080085fe                USB_HC_Halt
 .text.USB_DoPing
                0x00000000080087fc       0x78 Drivers/STM32F4xx_HAL_Driver/Src/stm32f4xx_ll_usb.o
                0x00000000080087fc                USB_DoPing
 .text.USB_StopHost
                0x0000000008008874      0x10c Drivers/STM32F4xx_HAL_Driver/Src/stm32f4xx_ll_usb.o
                0x0000000008008874                USB_StopHost
 .text.USBH_CDC_InterfaceInit
                0x0000000008008980      0x2ac Middlewares/ST/STM32_USB_Host_Library/Class/CDC/Src/usbh_cdc.o
 .text.USBH_CDC_InterfaceDeInit
                0x0000000008008c2c       0xb2 Middlewares/ST/STM32_USB_Host_Library/Class/CDC/Src/usbh_cdc.o
 .text.USBH_CDC_ClassRequest
                0x0000000008008cde       0x3e Middlewares/ST/STM32_USB_Host_Library/Class/CDC/Src/usbh_cdc.o
 .text.USBH_CDC_Process
                0x0000000008008d1c      0x12c Middlewares/ST/STM32_USB_Host_Library/Class/CDC/Src/usbh_cdc.o
 .text.USBH_CDC_SOFProcess
                0x0000000008008e48       0x16 Middlewares/ST/STM32_USB_Host_Library/Class/CDC/Src/usbh_cdc.o
 .text.GetLineCoding
                0x0000000008008e5e       0x3e Middlewares/ST/STM32_USB_Host_Library/Class/CDC/Src/usbh_cdc.o
 .text.SetLineCoding
                0x0000000008008e9c       0x3e Middlewares/ST/STM32_USB_Host_Library/Class/CDC/Src/usbh_cdc.o
 .text.CDC_ProcessTransmission
                0x0000000008008eda      0x128 Middlewares/ST/STM32_USB_Host_Library/Class/CDC/Src/usbh_cdc.o
 .text.CDC_ProcessReception
                0x0000000008009002       0xd2 Middlewares/ST/STM32_USB_Host_Library/Class/CDC/Src/usbh_cdc.o
 .text.USBH_CDC_TransmitCallback
                0x00000000080090d4       0x14 Middlewares/ST/STM32_USB_Host_Library/Class/CDC/Src/usbh_cdc.o
                0x00000000080090d4                USBH_CDC_TransmitCallback
 .text.USBH_CDC_ReceiveCallback
                0x00000000080090e8       0x14 Middlewares/ST/STM32_USB_Host_Library/Class/CDC/Src/usbh_cdc.o
                0x00000000080090e8                USBH_CDC_ReceiveCallback
 .text.USBH_CDC_LineCodingChanged
                0x00000000080090fc       0x14 Middlewares/ST/STM32_USB_Host_Library/Class/CDC/Src/usbh_cdc.o
                0x00000000080090fc                USBH_CDC_LineCodingChanged
 .text.USBH_Init
                0x0000000008009110       0xb8 Middlewares/ST/STM32_USB_Host_Library/Core/Src/usbh_core.o
                0x0000000008009110                USBH_Init
 .text.DeInitStateMachine
                0x00000000080091c8       0xa8 Middlewares/ST/STM32_USB_Host_Library/Core/Src/usbh_core.o
 .text.USBH_RegisterClass
                0x0000000008009270       0x54 Middlewares/ST/STM32_USB_Host_Library/Core/Src/usbh_core.o
                0x0000000008009270                USBH_RegisterClass
 .text.USBH_SelectInterface
                0x00000000080092c4       0x38 Middlewares/ST/STM32_USB_Host_Library/Core/Src/usbh_core.o
                0x00000000080092c4                USBH_SelectInterface
 .text.USBH_FindInterface
                0x00000000080092fc       0x8c Middlewares/ST/STM32_USB_Host_Library/Core/Src/usbh_core.o
                0x00000000080092fc                USBH_FindInterface
 .text.USBH_Start
                0x0000000008009388       0x20 Middlewares/ST/STM32_USB_Host_Library/Core/Src/usbh_core.o
                0x0000000008009388                USBH_Start
 .text.USBH_Process
                0x00000000080093a8      0x4c4 Middlewares/ST/STM32_USB_Host_Library/Core/Src/usbh_core.o
                0x00000000080093a8                USBH_Process
 .text.USBH_HandleEnum
                0x000000000800986c      0x458 Middlewares/ST/STM32_USB_Host_Library/Core/Src/usbh_core.o
 .text.USBH_LL_SetTimer
                0x0000000008009cc4       0x1e Middlewares/ST/STM32_USB_Host_Library/Core/Src/usbh_core.o
                0x0000000008009cc4                USBH_LL_SetTimer
 .text.USBH_LL_IncTimer
                0x0000000008009ce2       0x24 Middlewares/ST/STM32_USB_Host_Library/Core/Src/usbh_core.o
                0x0000000008009ce2                USBH_LL_IncTimer
 .text.USBH_HandleSof
                0x0000000008009d06       0x30 Middlewares/ST/STM32_USB_Host_Library/Core/Src/usbh_core.o
 .text.USBH_LL_PortEnabled
                0x0000000008009d36       0x34 Middlewares/ST/STM32_USB_Host_Library/Core/Src/usbh_core.o
                0x0000000008009d36                USBH_LL_PortEnabled
 .text.USBH_LL_PortDisabled
                0x0000000008009d6a       0x1c Middlewares/ST/STM32_USB_Host_Library/Core/Src/usbh_core.o
                0x0000000008009d6a                USBH_LL_PortDisabled
 .text.USBH_LL_Connect
                0x0000000008009d86       0x46 Middlewares/ST/STM32_USB_Host_Library/Core/Src/usbh_core.o
                0x0000000008009d86                USBH_LL_Connect
 .text.USBH_LL_Disconnect
                0x0000000008009dcc       0x64 Middlewares/ST/STM32_USB_Host_Library/Core/Src/usbh_core.o
                0x0000000008009dcc                USBH_LL_Disconnect
 .text.USBH_Process_OS
                0x0000000008009e30       0x2e Middlewares/ST/STM32_USB_Host_Library/Core/Src/usbh_core.o
 .text.USBH_LL_NotifyURBChange
                0x0000000008009e5e       0x2e Middlewares/ST/STM32_USB_Host_Library/Core/Src/usbh_core.o
                0x0000000008009e5e                USBH_LL_NotifyURBChange
 .text.USBH_Get_DevDesc
                0x0000000008009e8c       0x50 Middlewares/ST/STM32_USB_Host_Library/Core/Src/usbh_ctlreq.o
                0x0000000008009e8c                USBH_Get_DevDesc
 .text.USBH_Get_CfgDesc
                0x0000000008009edc       0x48 Middlewares/ST/STM32_USB_Host_Library/Core/Src/usbh_ctlreq.o
                0x0000000008009edc                USBH_Get_CfgDesc
 .text.USBH_Get_StringDesc
                0x0000000008009f24       0x56 Middlewares/ST/STM32_USB_Host_Library/Core/Src/usbh_ctlreq.o
                0x0000000008009f24                USBH_Get_StringDesc
 .text.USBH_GetDescriptor
                0x0000000008009f7a       0x6a Middlewares/ST/STM32_USB_Host_Library/Core/Src/usbh_ctlreq.o
                0x0000000008009f7a                USBH_GetDescriptor
 .text.USBH_SetAddress
                0x0000000008009fe4       0x48 Middlewares/ST/STM32_USB_Host_Library/Core/Src/usbh_ctlreq.o
                0x0000000008009fe4                USBH_SetAddress
 .text.USBH_SetCfg
                0x000000000800a02c       0x46 Middlewares/ST/STM32_USB_Host_Library/Core/Src/usbh_ctlreq.o
                0x000000000800a02c                USBH_SetCfg
 .text.USBH_SetFeature
                0x000000000800a072       0x48 Middlewares/ST/STM32_USB_Host_Library/Core/Src/usbh_ctlreq.o
                0x000000000800a072                USBH_SetFeature
 .text.USBH_ClrFeature
                0x000000000800a0ba       0x48 Middlewares/ST/STM32_USB_Host_Library/Core/Src/usbh_ctlreq.o
                0x000000000800a0ba                USBH_ClrFeature
 .text.USBH_ParseDevDesc
                0x000000000800a102       0xe0 Middlewares/ST/STM32_USB_Host_Library/Core/Src/usbh_ctlreq.o
 .text.USBH_ParseCfgDesc
                0x000000000800a1e2      0x144 Middlewares/ST/STM32_USB_Host_Library/Core/Src/usbh_ctlreq.o
 .text.USBH_ParseInterfaceDesc
                0x000000000800a326       0x5e Middlewares/ST/STM32_USB_Host_Library/Core/Src/usbh_ctlreq.o
 .text.USBH_ParseEPDesc
                0x000000000800a384       0x5a Middlewares/ST/STM32_USB_Host_Library/Core/Src/usbh_ctlreq.o
 .text.USBH_ParseStringDesc
                0x000000000800a3de       0x66 Middlewares/ST/STM32_USB_Host_Library/Core/Src/usbh_ctlreq.o
 .text.USBH_GetNextDesc
                0x000000000800a444       0x36 Middlewares/ST/STM32_USB_Host_Library/Core/Src/usbh_ctlreq.o
                0x000000000800a444                USBH_GetNextDesc
 .text.USBH_CtlReq
                0x000000000800a47a       0xb2 Middlewares/ST/STM32_USB_Host_Library/Core/Src/usbh_ctlreq.o
                0x000000000800a47a                USBH_CtlReq
 .text.USBH_HandleControl
                0x000000000800a52c      0x494 Middlewares/ST/STM32_USB_Host_Library/Core/Src/usbh_ctlreq.o
 .text.USBH_CtlSendSetup
                0x000000000800a9c0       0x34 Middlewares/ST/STM32_USB_Host_Library/Core/Src/usbh_ioreq.o
                0x000000000800a9c0                USBH_CtlSendSetup
 .text.USBH_CtlSendData
                0x000000000800a9f4       0x4a Middlewares/ST/STM32_USB_Host_Library/Core/Src/usbh_ioreq.o
                0x000000000800a9f4                USBH_CtlSendData
 .text.USBH_CtlReceiveData
                0x000000000800aa3e       0x3c Middlewares/ST/STM32_USB_Host_Library/Core/Src/usbh_ioreq.o
                0x000000000800aa3e                USBH_CtlReceiveData
 .text.USBH_BulkSendData
                0x000000000800aa7a       0x4a Middlewares/ST/STM32_USB_Host_Library/Core/Src/usbh_ioreq.o
                0x000000000800aa7a                USBH_BulkSendData
 .text.USBH_BulkReceiveData
                0x000000000800aac4       0x3c Middlewares/ST/STM32_USB_Host_Library/Core/Src/usbh_ioreq.o
                0x000000000800aac4                USBH_BulkReceiveData
 .text.USBH_OpenPipe
                0x000000000800ab00       0x3e Middlewares/ST/STM32_USB_Host_Library/Core/Src/usbh_pipes.o
                0x000000000800ab00                USBH_OpenPipe
 .text.USBH_ClosePipe
                0x000000000800ab3e       0x20 Middlewares/ST/STM32_USB_Host_Library/Core/Src/usbh_pipes.o
                0x000000000800ab3e                USBH_ClosePipe
 .text.USBH_AllocPipe
                0x000000000800ab5e       0x42 Middlewares/ST/STM32_USB_Host_Library/Core/Src/usbh_pipes.o
                0x000000000800ab5e                USBH_AllocPipe
 .text.USBH_FreePipe
                0x000000000800aba0       0x3c Middlewares/ST/STM32_USB_Host_Library/Core/Src/usbh_pipes.o
                0x000000000800aba0                USBH_FreePipe
 .text.USBH_GetFreePipe
                0x000000000800abdc       0x48 Middlewares/ST/STM32_USB_Host_Library/Core/Src/usbh_pipes.o
 .text.SVC_Setup
                0x000000000800ac24        0xe Middlewares/Third_Party/FreeRTOS/Source/CMSIS_RTOS_V2/cmsis_os2.o
 *fill*         0x000000000800ac32        0x2 
 .text.osKernelInitialize
                0x000000000800ac34       0x68 Middlewares/Third_Party/FreeRTOS/Source/CMSIS_RTOS_V2/cmsis_os2.o
                0x000000000800ac34                osKernelInitialize
 .text.osKernelStart
                0x000000000800ac9c       0x6c Middlewares/Third_Party/FreeRTOS/Source/CMSIS_RTOS_V2/cmsis_os2.o
                0x000000000800ac9c                osKernelStart
 .text.osThreadNew
                0x000000000800ad08      0x14c Middlewares/Third_Party/FreeRTOS/Source/CMSIS_RTOS_V2/cmsis_os2.o
                0x000000000800ad08                osThreadNew
 .text.osDelay  0x000000000800ae54       0x5c Middlewares/Third_Party/FreeRTOS/Source/CMSIS_RTOS_V2/cmsis_os2.o
                0x000000000800ae54                osDelay
 .text.osMessageQueueNew
                0x000000000800aeb0      0x10c Middlewares/Third_Party/FreeRTOS/Source/CMSIS_RTOS_V2/cmsis_os2.o
                0x000000000800aeb0                osMessageQueueNew
 .text.osMessageQueuePut
                0x000000000800afbc       0xe8 Middlewares/Third_Party/FreeRTOS/Source/CMSIS_RTOS_V2/cmsis_os2.o
                0x000000000800afbc                osMessageQueuePut
 .text.osMessageQueueGet
                0x000000000800b0a4       0xe4 Middlewares/Third_Party/FreeRTOS/Source/CMSIS_RTOS_V2/cmsis_os2.o
                0x000000000800b0a4                osMessageQueueGet
 .text.vApplicationGetIdleTaskMemory
                0x000000000800b188       0x34 Middlewares/Third_Party/FreeRTOS/Source/CMSIS_RTOS_V2/cmsis_os2.o
                0x000000000800b188                vApplicationGetIdleTaskMemory
 .text.vApplicationGetTimerTaskMemory
                0x000000000800b1bc       0x34 Middlewares/Third_Party/FreeRTOS/Source/CMSIS_RTOS_V2/cmsis_os2.o
                0x000000000800b1bc                vApplicationGetTimerTaskMemory
 .text.vListInitialise
                0x000000000800b1f0       0x40 Middlewares/Third_Party/FreeRTOS/Source/list.o
                0x000000000800b1f0                vListInitialise
 .text.vListInitialiseItem
                0x000000000800b230       0x1a Middlewares/Third_Party/FreeRTOS/Source/list.o
                0x000000000800b230                vListInitialiseItem
 .text.vListInsertEnd
                0x000000000800b24a       0x48 Middlewares/Third_Party/FreeRTOS/Source/list.o
                0x000000000800b24a                vListInsertEnd
 .text.vListInsert
                0x000000000800b292       0x72 Middlewares/Third_Party/FreeRTOS/Source/list.o
                0x000000000800b292                vListInsert
 .text.uxListRemove
                0x000000000800b304       0x54 Middlewares/Third_Party/FreeRTOS/Source/list.o
                0x000000000800b304                uxListRemove
 .text.xQueueGenericReset
                0x000000000800b358       0xd0 Middlewares/Third_Party/FreeRTOS/Source/queue.o
                0x000000000800b358                xQueueGenericReset
 .text.xQueueGenericCreateStatic
                0x000000000800b428       0xe6 Middlewares/Third_Party/FreeRTOS/Source/queue.o
                0x000000000800b428                xQueueGenericCreateStatic
 .text.xQueueGenericCreate
                0x000000000800b50e       0x7e Middlewares/Third_Party/FreeRTOS/Source/queue.o
                0x000000000800b50e                xQueueGenericCreate
 .text.prvInitialiseNewQueue
                0x000000000800b58c       0x46 Middlewares/Third_Party/FreeRTOS/Source/queue.o
 *fill*         0x000000000800b5d2        0x2 
 .text.xQueueGenericSend
                0x000000000800b5d4      0x1f4 Middlewares/Third_Party/FreeRTOS/Source/queue.o
                0x000000000800b5d4                xQueueGenericSend
 .text.xQueueGenericSendFromISR
                0x000000000800b7c8      0x128 Middlewares/Third_Party/FreeRTOS/Source/queue.o
                0x000000000800b7c8                xQueueGenericSendFromISR
 .text.xQueueReceive
                0x000000000800b8f0      0x1b8 Middlewares/Third_Party/FreeRTOS/Source/queue.o
                0x000000000800b8f0                xQueueReceive
 .text.xQueueReceiveFromISR
                0x000000000800baa8       0xfa Middlewares/Third_Party/FreeRTOS/Source/queue.o
                0x000000000800baa8                xQueueReceiveFromISR
 .text.prvCopyDataToQueue
                0x000000000800bba2       0xd4 Middlewares/Third_Party/FreeRTOS/Source/queue.o
 .text.prvCopyDataFromQueue
                0x000000000800bc76       0x4c Middlewares/Third_Party/FreeRTOS/Source/queue.o
 .text.prvUnlockQueue
                0x000000000800bcc2       0xa4 Middlewares/Third_Party/FreeRTOS/Source/queue.o
 .text.prvIsQueueEmpty
                0x000000000800bd66       0x2c Middlewares/Third_Party/FreeRTOS/Source/queue.o
 .text.prvIsQueueFull
                0x000000000800bd92       0x30 Middlewares/Third_Party/FreeRTOS/Source/queue.o
 *fill*         0x000000000800bdc2        0x2 
 .text.vQueueAddToRegistry
                0x000000000800bdc4       0x50 Middlewares/Third_Party/FreeRTOS/Source/queue.o
                0x000000000800bdc4                vQueueAddToRegistry
 .text.vQueueWaitForMessageRestricted
                0x000000000800be14       0x68 Middlewares/Third_Party/FreeRTOS/Source/queue.o
                0x000000000800be14                vQueueWaitForMessageRestricted
 .text.xTaskCreateStatic
                0x000000000800be7c       0xb4 Middlewares/Third_Party/FreeRTOS/Source/tasks.o
                0x000000000800be7c                xTaskCreateStatic
 .text.xTaskCreate
                0x000000000800bf30       0x8a Middlewares/Third_Party/FreeRTOS/Source/tasks.o
                0x000000000800bf30                xTaskCreate
 .text.prvInitialiseNewTask
                0x000000000800bfba      0x11c Middlewares/Third_Party/FreeRTOS/Source/tasks.o
 *fill*         0x000000000800c0d6        0x2 
 .text.prvAddNewTaskToReadyList
                0x000000000800c0d8       0xe0 Middlewares/Third_Party/FreeRTOS/Source/tasks.o
 .text.vTaskDelayUntil
                0x000000000800c1b8       0xf4 Middlewares/Third_Party/FreeRTOS/Source/tasks.o
                0x000000000800c1b8                vTaskDelayUntil
 .text.vTaskDelay
                0x000000000800c2ac       0x68 Middlewares/Third_Party/FreeRTOS/Source/tasks.o
                0x000000000800c2ac                vTaskDelay
 .text.vTaskStartScheduler
                0x000000000800c314       0xc8 Middlewares/Third_Party/FreeRTOS/Source/tasks.o
                0x000000000800c314                vTaskStartScheduler
 .text.vTaskSuspendAll
                0x000000000800c3dc       0x1c Middlewares/Third_Party/FreeRTOS/Source/tasks.o
                0x000000000800c3dc                vTaskSuspendAll
 .text.xTaskResumeAll
                0x000000000800c3f8      0x138 Middlewares/Third_Party/FreeRTOS/Source/tasks.o
                0x000000000800c3f8                xTaskResumeAll
 .text.xTaskGetTickCount
                0x000000000800c530       0x20 Middlewares/Third_Party/FreeRTOS/Source/tasks.o
                0x000000000800c530                xTaskGetTickCount
 .text.xTaskIncrementTick
                0x000000000800c550      0x170 Middlewares/Third_Party/FreeRTOS/Source/tasks.o
                0x000000000800c550                xTaskIncrementTick
 .text.vTaskSwitchContext
                0x000000000800c6c0       0xb8 Middlewares/Third_Party/FreeRTOS/Source/tasks.o
                0x000000000800c6c0                vTaskSwitchContext
 .text.vTaskPlaceOnEventList
                0x000000000800c778       0x48 Middlewares/Third_Party/FreeRTOS/Source/tasks.o
                0x000000000800c778                vTaskPlaceOnEventList
 .text.vTaskPlaceOnEventListRestricted
                0x000000000800c7c0       0x54 Middlewares/Third_Party/FreeRTOS/Source/tasks.o
                0x000000000800c7c0                vTaskPlaceOnEventListRestricted
 .text.xTaskRemoveFromEventList
                0x000000000800c814       0xc4 Middlewares/Third_Party/FreeRTOS/Source/tasks.o
                0x000000000800c814                xTaskRemoveFromEventList
 .text.vTaskInternalSetTimeOutState
                0x000000000800c8d8       0x2c Middlewares/Third_Party/FreeRTOS/Source/tasks.o
                0x000000000800c8d8                vTaskInternalSetTimeOutState
 .text.xTaskCheckForTimeOut
                0x000000000800c904       0xc0 Middlewares/Third_Party/FreeRTOS/Source/tasks.o
                0x000000000800c904                xTaskCheckForTimeOut
 .text.vTaskMissedYield
                0x000000000800c9c4       0x18 Middlewares/Third_Party/FreeRTOS/Source/tasks.o
                0x000000000800c9c4                vTaskMissedYield
 .text.prvIdleTask
                0x000000000800c9dc       0x30 Middlewares/Third_Party/FreeRTOS/Source/tasks.o
 .text.prvInitialiseTaskLists
                0x000000000800ca0c       0x80 Middlewares/Third_Party/FreeRTOS/Source/tasks.o
 .text.prvCheckTasksWaitingTermination
                0x000000000800ca8c       0x58 Middlewares/Third_Party/FreeRTOS/Source/tasks.o
 .text.prvDeleteTCB
                0x000000000800cae4       0x5c Middlewares/Third_Party/FreeRTOS/Source/tasks.o
 .text.prvResetNextTaskUnblockTime
                0x000000000800cb40       0x40 Middlewares/Third_Party/FreeRTOS/Source/tasks.o
 .text.xTaskGetSchedulerState
                0x000000000800cb80       0x3c Middlewares/Third_Party/FreeRTOS/Source/tasks.o
                0x000000000800cb80                xTaskGetSchedulerState
 .text.xTaskPriorityDisinherit
                0x000000000800cbbc       0xd8 Middlewares/Third_Party/FreeRTOS/Source/tasks.o
                0x000000000800cbbc                xTaskPriorityDisinherit
 .text.prvAddCurrentTaskToDelayedList
                0x000000000800cc94       0xa8 Middlewares/Third_Party/FreeRTOS/Source/tasks.o
 .text.xTimerCreateTimerTask
                0x000000000800cd3c       0x90 Middlewares/Third_Party/FreeRTOS/Source/timers.o
                0x000000000800cd3c                xTimerCreateTimerTask
 .text.xTimerGenericCommand
                0x000000000800cdcc       0x98 Middlewares/Third_Party/FreeRTOS/Source/timers.o
                0x000000000800cdcc                xTimerGenericCommand
 .text.prvProcessExpiredTimer
                0x000000000800ce64       0x98 Middlewares/Third_Party/FreeRTOS/Source/timers.o
 .text.prvTimerTask
                0x000000000800cefc       0x24 Middlewares/Third_Party/FreeRTOS/Source/timers.o
 .text.prvProcessTimerOrBlockTask
                0x000000000800cf20       0x9c Middlewares/Third_Party/FreeRTOS/Source/timers.o
 .text.prvGetNextExpireTime
                0x000000000800cfbc       0x48 Middlewares/Third_Party/FreeRTOS/Source/timers.o
 .text.prvSampleTimeNow
                0x000000000800d004       0x40 Middlewares/Third_Party/FreeRTOS/Source/timers.o
 .text.prvInsertTimerInActiveList
                0x000000000800d044       0x84 Middlewares/Third_Party/FreeRTOS/Source/timers.o
 .text.prvProcessReceivedCommands
                0x000000000800d0c8      0x1b8 Middlewares/Third_Party/FreeRTOS/Source/timers.o
 .text.prvSwitchTimerLists
                0x000000000800d280       0xc8 Middlewares/Third_Party/FreeRTOS/Source/timers.o
 .text.prvCheckForValidListAndQueue
                0x000000000800d348       0x80 Middlewares/Third_Party/FreeRTOS/Source/timers.o
 .text.pxPortInitialiseStack
                0x000000000800d3c8       0x68 Middlewares/Third_Party/FreeRTOS/Source/portable/GCC/ARM_CM4F/port.o
                0x000000000800d3c8                pxPortInitialiseStack
 .text.prvTaskExitError
                0x000000000800d430       0x54 Middlewares/Third_Party/FreeRTOS/Source/portable/GCC/ARM_CM4F/port.o
 *fill*         0x000000000800d484        0xc 
 .text.SVC_Handler
                0x000000000800d490       0x28 Middlewares/Third_Party/FreeRTOS/Source/portable/GCC/ARM_CM4F/port.o
                0x000000000800d490                SVC_Handler
 .text.prvPortStartFirstTask
                0x000000000800d4b8       0x28 Middlewares/Third_Party/FreeRTOS/Source/portable/GCC/ARM_CM4F/port.o
 .text.xPortStartScheduler
                0x000000000800d4e0      0x13c Middlewares/Third_Party/FreeRTOS/Source/portable/GCC/ARM_CM4F/port.o
                0x000000000800d4e0                xPortStartScheduler
 .text.vPortEnterCritical
                0x000000000800d61c       0x5c Middlewares/Third_Party/FreeRTOS/Source/portable/GCC/ARM_CM4F/port.o
                0x000000000800d61c                vPortEnterCritical
 .text.vPortExitCritical
                0x000000000800d678       0x50 Middlewares/Third_Party/FreeRTOS/Source/portable/GCC/ARM_CM4F/port.o
                0x000000000800d678                vPortExitCritical
 *fill*         0x000000000800d6c8        0x8 
 .text.PendSV_Handler
                0x000000000800d6d0       0x68 Middlewares/Third_Party/FreeRTOS/Source/portable/GCC/ARM_CM4F/port.o
                0x000000000800d6d0                PendSV_Handler
 .text.SysTick_Handler
                0x000000000800d738       0x40 Middlewares/Third_Party/FreeRTOS/Source/portable/GCC/ARM_CM4F/port.o
                0x000000000800d738                SysTick_Handler
 .text.vPortSetupTimerInterrupt
                0x000000000800d778       0x48 Middlewares/Third_Party/FreeRTOS/Source/portable/GCC/ARM_CM4F/port.o
                0x000000000800d778                vPortSetupTimerInterrupt
 .text.vPortEnableVFP
                0x000000000800d7c0       0x14 Middlewares/Third_Party/FreeRTOS/Source/portable/GCC/ARM_CM4F/port.o
 .text.vPortValidateInterruptPriority
                0x000000000800d7d4       0x7c Middlewares/Third_Party/FreeRTOS/Source/portable/GCC/ARM_CM4F/port.o
                0x000000000800d7d4                vPortValidateInterruptPriority
 .text.pvPortMalloc
                0x000000000800d850      0x184 Middlewares/Third_Party/FreeRTOS/Source/portable/MemMang/heap_4.o
                0x000000000800d850                pvPortMalloc
 .text.vPortFree
                0x000000000800d9d4       0xb0 Middlewares/Third_Party/FreeRTOS/Source/portable/MemMang/heap_4.o
                0x000000000800d9d4                vPortFree
 .text.prvHeapInit
                0x000000000800da84       0xc4 Middlewares/Third_Party/FreeRTOS/Source/portable/MemMang/heap_4.o
 .text.prvInsertBlockIntoFreeList
                0x000000000800db48       0xb4 Middlewares/Third_Party/FreeRTOS/Source/portable/MemMang/heap_4.o
 .text.MX_USB_HOST_Init
                0x000000000800dbfc       0x4c USB_HOST/App/usb_host.o
                0x000000000800dbfc                MX_USB_HOST_Init
 .text.USBH_UserProcess
                0x000000000800dc48       0x5c USB_HOST/App/usb_host.o
 .text.HAL_HCD_MspInit
                0x000000000800dca4       0xc4 USB_HOST/Target/usbh_conf.o
                0x000000000800dca4                HAL_HCD_MspInit
 .text.HAL_HCD_SOF_Callback
                0x000000000800dd68       0x1c USB_HOST/Target/usbh_conf.o
                0x000000000800dd68                HAL_HCD_SOF_Callback
 .text.HAL_HCD_Connect_Callback
                0x000000000800dd84       0x1c USB_HOST/Target/usbh_conf.o
                0x000000000800dd84                HAL_HCD_Connect_Callback
 .text.HAL_HCD_Disconnect_Callback
                0x000000000800dda0       0x1c USB_HOST/Target/usbh_conf.o
                0x000000000800dda0                HAL_HCD_Disconnect_Callback
 .text.HAL_HCD_HC_NotifyURBChange_Callback
                0x000000000800ddbc       0x24 USB_HOST/Target/usbh_conf.o
                0x000000000800ddbc                HAL_HCD_HC_NotifyURBChange_Callback
 .text.HAL_HCD_PortEnabled_Callback
                0x000000000800dde0       0x1c USB_HOST/Target/usbh_conf.o
                0x000000000800dde0                HAL_HCD_PortEnabled_Callback
 .text.HAL_HCD_PortDisabled_Callback
                0x000000000800ddfc       0x1c USB_HOST/Target/usbh_conf.o
                0x000000000800ddfc                HAL_HCD_PortDisabled_Callback
 .text.USBH_LL_Init
                0x000000000800de18       0x78 USB_HOST/Target/usbh_conf.o
                0x000000000800de18                USBH_LL_Init
 .text.USBH_LL_Start
                0x000000000800de90       0x36 USB_HOST/Target/usbh_conf.o
                0x000000000800de90                USBH_LL_Start
 .text.USBH_LL_Stop
                0x000000000800dec6       0x36 USB_HOST/Target/usbh_conf.o
                0x000000000800dec6                USBH_LL_Stop
 .text.USBH_LL_GetSpeed
                0x000000000800defc       0x4a USB_HOST/Target/usbh_conf.o
                0x000000000800defc                USBH_LL_GetSpeed
 .text.USBH_LL_ResetPort
                0x000000000800df46       0x36 USB_HOST/Target/usbh_conf.o
                0x000000000800df46                USBH_LL_ResetPort
 .text.USBH_LL_GetLastXferSize
                0x000000000800df7c       0x26 USB_HOST/Target/usbh_conf.o
                0x000000000800df7c                USBH_LL_GetLastXferSize
 .text.USBH_LL_OpenPipe
                0x000000000800dfa2       0x5e USB_HOST/Target/usbh_conf.o
                0x000000000800dfa2                USBH_LL_OpenPipe
 .text.USBH_LL_ClosePipe
                0x000000000800e000       0x3e USB_HOST/Target/usbh_conf.o
                0x000000000800e000                USBH_LL_ClosePipe
 .text.USBH_LL_SubmitURB
                0x000000000800e03e       0x62 USB_HOST/Target/usbh_conf.o
                0x000000000800e03e                USBH_LL_SubmitURB
 .text.USBH_LL_GetURBState
                0x000000000800e0a0       0x26 USB_HOST/Target/usbh_conf.o
                0x000000000800e0a0                USBH_LL_GetURBState
 .text.USBH_LL_DriverVBUS
                0x000000000800e0c6       0x2e USB_HOST/Target/usbh_conf.o
                0x000000000800e0c6                USBH_LL_DriverVBUS
 .text.USBH_LL_SetToggle
                0x000000000800e0f4       0x66 USB_HOST/Target/usbh_conf.o
                0x000000000800e0f4                USBH_LL_SetToggle
 .text.USBH_Delay
                0x000000000800e15a       0x16 USB_HOST/Target/usbh_conf.o
                0x000000000800e15a                USBH_Delay
 .text.USBH_Get_USB_Status
                0x000000000800e170       0x58 USB_HOST/Target/usbh_conf.o
                0x000000000800e170                USBH_Get_USB_Status
 .text.MX_DriverVbusFS
                0x000000000800e1c8       0x38 USB_HOST/Target/usbh_platform.o
                0x000000000800e1c8                MX_DriverVbusFS
 .text.__errno  0x000000000800e200        0xc c:/st/stm32cubeide_1.4.0/stm32cubeide/plugins/com.st.stm32cube.ide.mcu.externaltools.gnu-tools-for-stm32.7-2018-q2-update.win32_1.4.0.202007081208/tools/bin/../lib/gcc/arm-none-eabi/7.3.1/../../../../arm-none-eabi/lib/thumb/v7e-m/fpv4-sp/hard\libc_nano.a(lib_a-errno.o)
                0x000000000800e200                __errno
 .text.__libc_init_array
                0x000000000800e20c       0x48 c:/st/stm32cubeide_1.4.0/stm32cubeide/plugins/com.st.stm32cube.ide.mcu.externaltools.gnu-tools-for-stm32.7-2018-q2-update.win32_1.4.0.202007081208/tools/bin/../lib/gcc/arm-none-eabi/7.3.1/../../../../arm-none-eabi/lib/thumb/v7e-m/fpv4-sp/hard\libc_nano.a(lib_a-init.o)
                0x000000000800e20c                __libc_init_array
 .text.malloc   0x000000000800e254       0x10 c:/st/stm32cubeide_1.4.0/stm32cubeide/plugins/com.st.stm32cube.ide.mcu.externaltools.gnu-tools-for-stm32.7-2018-q2-update.win32_1.4.0.202007081208/tools/bin/../lib/gcc/arm-none-eabi/7.3.1/../../../../arm-none-eabi/lib/thumb/v7e-m/fpv4-sp/hard\libc_nano.a(lib_a-malloc.o)
                0x000000000800e254                malloc
 .text.free     0x000000000800e264       0x10 c:/st/stm32cubeide_1.4.0/stm32cubeide/plugins/com.st.stm32cube.ide.mcu.externaltools.gnu-tools-for-stm32.7-2018-q2-update.win32_1.4.0.202007081208/tools/bin/../lib/gcc/arm-none-eabi/7.3.1/../../../../arm-none-eabi/lib/thumb/v7e-m/fpv4-sp/hard\libc_nano.a(lib_a-malloc.o)
                0x000000000800e264                free
 .text.memcpy   0x000000000800e274       0x16 c:/st/stm32cubeide_1.4.0/stm32cubeide/plugins/com.st.stm32cube.ide.mcu.externaltools.gnu-tools-for-stm32.7-2018-q2-update.win32_1.4.0.202007081208/tools/bin/../lib/gcc/arm-none-eabi/7.3.1/../../../../arm-none-eabi/lib/thumb/v7e-m/fpv4-sp/hard\libc_nano.a(lib_a-memcpy-stub.o)
                0x000000000800e274                memcpy
 .text.memset   0x000000000800e28a       0x10 c:/st/stm32cubeide_1.4.0/stm32cubeide/plugins/com.st.stm32cube.ide.mcu.externaltools.gnu-tools-for-stm32.7-2018-q2-update.win32_1.4.0.202007081208/tools/bin/../lib/gcc/arm-none-eabi/7.3.1/../../../../arm-none-eabi/lib/thumb/v7e-m/fpv4-sp/hard\libc_nano.a(lib_a-memset.o)
                0x000000000800e28a                memset
 *fill*         0x000000000800e29a        0x2 
 .text._free_r  0x000000000800e29c       0x9c c:/st/stm32cubeide_1.4.0/stm32cubeide/plugins/com.st.stm32cube.ide.mcu.externaltools.gnu-tools-for-stm32.7-2018-q2-update.win32_1.4.0.202007081208/tools/bin/../lib/gcc/arm-none-eabi/7.3.1/../../../../arm-none-eabi/lib/thumb/v7e-m/fpv4-sp/hard\libc_nano.a(lib_a-nano-freer.o)
                0x000000000800e29c                _free_r
 .text._malloc_r
                0x000000000800e338       0xb4 c:/st/stm32cubeide_1.4.0/stm32cubeide/plugins/com.st.stm32cube.ide.mcu.externaltools.gnu-tools-for-stm32.7-2018-q2-update.win32_1.4.0.202007081208/tools/bin/../lib/gcc/arm-none-eabi/7.3.1/../../../../arm-none-eabi/lib/thumb/v7e-m/fpv4-sp/hard\libc_nano.a(lib_a-nano-mallocr.o)
                0x000000000800e338                _malloc_r
 .text.printf   0x000000000800e3ec       0x30 c:/st/stm32cubeide_1.4.0/stm32cubeide/plugins/com.st.stm32cube.ide.mcu.externaltools.gnu-tools-for-stm32.7-2018-q2-update.win32_1.4.0.202007081208/tools/bin/../lib/gcc/arm-none-eabi/7.3.1/../../../../arm-none-eabi/lib/thumb/v7e-m/fpv4-sp/hard\libc_nano.a(lib_a-printf.o)
                0x000000000800e3ec                iprintf
                0x000000000800e3ec                printf
 .text._sbrk_r  0x000000000800e41c       0x20 c:/st/stm32cubeide_1.4.0/stm32cubeide/plugins/com.st.stm32cube.ide.mcu.externaltools.gnu-tools-for-stm32.7-2018-q2-update.win32_1.4.0.202007081208/tools/bin/../lib/gcc/arm-none-eabi/7.3.1/../../../../arm-none-eabi/lib/thumb/v7e-m/fpv4-sp/hard\libc_nano.a(lib_a-sbrkr.o)
                0x000000000800e41c                _sbrk_r
 .text.std      0x000000000800e43c       0x48 c:/st/stm32cubeide_1.4.0/stm32cubeide/plugins/com.st.stm32cube.ide.mcu.externaltools.gnu-tools-for-stm32.7-2018-q2-update.win32_1.4.0.202007081208/tools/bin/../lib/gcc/arm-none-eabi/7.3.1/../../../../arm-none-eabi/lib/thumb/v7e-m/fpv4-sp/hard\libc_nano.a(lib_a-findfp.o)
 .text._cleanup_r
                0x000000000800e484        0xc c:/st/stm32cubeide_1.4.0/stm32cubeide/plugins/com.st.stm32cube.ide.mcu.externaltools.gnu-tools-for-stm32.7-2018-q2-update.win32_1.4.0.202007081208/tools/bin/../lib/gcc/arm-none-eabi/7.3.1/../../../../arm-none-eabi/lib/thumb/v7e-m/fpv4-sp/hard\libc_nano.a(lib_a-findfp.o)
                0x000000000800e484                _cleanup_r
 .text.__sfmoreglue
                0x000000000800e490       0x2c c:/st/stm32cubeide_1.4.0/stm32cubeide/plugins/com.st.stm32cube.ide.mcu.externaltools.gnu-tools-for-stm32.7-2018-q2-update.win32_1.4.0.202007081208/tools/bin/../lib/gcc/arm-none-eabi/7.3.1/../../../../arm-none-eabi/lib/thumb/v7e-m/fpv4-sp/hard\libc_nano.a(lib_a-findfp.o)
                0x000000000800e490                __sfmoreglue
 .text.__sinit  0x000000000800e4bc       0x60 c:/st/stm32cubeide_1.4.0/stm32cubeide/plugins/com.st.stm32cube.ide.mcu.externaltools.gnu-tools-for-stm32.7-2018-q2-update.win32_1.4.0.202007081208/tools/bin/../lib/gcc/arm-none-eabi/7.3.1/../../../../arm-none-eabi/lib/thumb/v7e-m/fpv4-sp/hard\libc_nano.a(lib_a-findfp.o)
                0x000000000800e4bc                __sinit
 .text.__sfp    0x000000000800e51c       0x78 c:/st/stm32cubeide_1.4.0/stm32cubeide/plugins/com.st.stm32cube.ide.mcu.externaltools.gnu-tools-for-stm32.7-2018-q2-update.win32_1.4.0.202007081208/tools/bin/../lib/gcc/arm-none-eabi/7.3.1/../../../../arm-none-eabi/lib/thumb/v7e-m/fpv4-sp/hard\libc_nano.a(lib_a-findfp.o)
                0x000000000800e51c                __sfp
 .text._fwalk_reent
                0x000000000800e594       0x3c c:/st/stm32cubeide_1.4.0/stm32cubeide/plugins/com.st.stm32cube.ide.mcu.externaltools.gnu-tools-for-stm32.7-2018-q2-update.win32_1.4.0.202007081208/tools/bin/../lib/gcc/arm-none-eabi/7.3.1/../../../../arm-none-eabi/lib/thumb/v7e-m/fpv4-sp/hard\libc_nano.a(lib_a-fwalk.o)
                0x000000000800e594                _fwalk_reent
 .text.__malloc_lock
                0x000000000800e5d0        0x2 c:/st/stm32cubeide_1.4.0/stm32cubeide/plugins/com.st.stm32cube.ide.mcu.externaltools.gnu-tools-for-stm32.7-2018-q2-update.win32_1.4.0.202007081208/tools/bin/../lib/gcc/arm-none-eabi/7.3.1/../../../../arm-none-eabi/lib/thumb/v7e-m/fpv4-sp/hard\libc_nano.a(lib_a-mlock.o)
                0x000000000800e5d0                __malloc_lock
 .text.__malloc_unlock
                0x000000000800e5d2        0x2 c:/st/stm32cubeide_1.4.0/stm32cubeide/plugins/com.st.stm32cube.ide.mcu.externaltools.gnu-tools-for-stm32.7-2018-q2-update.win32_1.4.0.202007081208/tools/bin/../lib/gcc/arm-none-eabi/7.3.1/../../../../arm-none-eabi/lib/thumb/v7e-m/fpv4-sp/hard\libc_nano.a(lib_a-mlock.o)
                0x000000000800e5d2                __malloc_unlock
 .text.__sfputc_r
                0x000000000800e5d4       0x2e c:/st/stm32cubeide_1.4.0/stm32cubeide/plugins/com.st.stm32cube.ide.mcu.externaltools.gnu-tools-for-stm32.7-2018-q2-update.win32_1.4.0.202007081208/tools/bin/../lib/gcc/arm-none-eabi/7.3.1/../../../../arm-none-eabi/lib/thumb/v7e-m/fpv4-sp/hard\libc_nano.a(lib_a-nano-vfprintf.o)
 .text.__sfputs_r
                0x000000000800e602       0x24 c:/st/stm32cubeide_1.4.0/stm32cubeide/plugins/com.st.stm32cube.ide.mcu.externaltools.gnu-tools-for-stm32.7-2018-q2-update.win32_1.4.0.202007081208/tools/bin/../lib/gcc/arm-none-eabi/7.3.1/../../../../arm-none-eabi/lib/thumb/v7e-m/fpv4-sp/hard\libc_nano.a(lib_a-nano-vfprintf.o)
                0x000000000800e602                __sfputs_r
 *fill*         0x000000000800e626        0x2 
 .text._vfprintf_r
                0x000000000800e628      0x22c c:/st/stm32cubeide_1.4.0/stm32cubeide/plugins/com.st.stm32cube.ide.mcu.externaltools.gnu-tools-for-stm32.7-2018-q2-update.win32_1.4.0.202007081208/tools/bin/../lib/gcc/arm-none-eabi/7.3.1/../../../../arm-none-eabi/lib/thumb/v7e-m/fpv4-sp/hard\libc_nano.a(lib_a-nano-vfprintf.o)
                0x000000000800e628                _vfprintf_r
                0x000000000800e628                _vfiprintf_r
 .text._printf_common
                0x000000000800e854       0xea c:/st/stm32cubeide_1.4.0/stm32cubeide/plugins/com.st.stm32cube.ide.mcu.externaltools.gnu-tools-for-stm32.7-2018-q2-update.win32_1.4.0.202007081208/tools/bin/../lib/gcc/arm-none-eabi/7.3.1/../../../../arm-none-eabi/lib/thumb/v7e-m/fpv4-sp/hard\libc_nano.a(lib_a-nano-vfprintf_i.o)
                0x000000000800e854                _printf_common
 *fill*         0x000000000800e93e        0x2 
 .text._printf_i
                0x000000000800e940      0x224 c:/st/stm32cubeide_1.4.0/stm32cubeide/plugins/com.st.stm32cube.ide.mcu.externaltools.gnu-tools-for-stm32.7-2018-q2-update.win32_1.4.0.202007081208/tools/bin/../lib/gcc/arm-none-eabi/7.3.1/../../../../arm-none-eabi/lib/thumb/v7e-m/fpv4-sp/hard\libc_nano.a(lib_a-nano-vfprintf_i.o)
                0x000000000800e940                _printf_i
 .text.__sread  0x000000000800eb64       0x22 c:/st/stm32cubeide_1.4.0/stm32cubeide/plugins/com.st.stm32cube.ide.mcu.externaltools.gnu-tools-for-stm32.7-2018-q2-update.win32_1.4.0.202007081208/tools/bin/../lib/gcc/arm-none-eabi/7.3.1/../../../../arm-none-eabi/lib/thumb/v7e-m/fpv4-sp/hard\libc_nano.a(lib_a-stdio.o)
                0x000000000800eb64                __sread
 .text.__swrite
                0x000000000800eb86       0x38 c:/st/stm32cubeide_1.4.0/stm32cubeide/plugins/com.st.stm32cube.ide.mcu.externaltools.gnu-tools-for-stm32.7-2018-q2-update.win32_1.4.0.202007081208/tools/bin/../lib/gcc/arm-none-eabi/7.3.1/../../../../arm-none-eabi/lib/thumb/v7e-m/fpv4-sp/hard\libc_nano.a(lib_a-stdio.o)
                0x000000000800eb86                __swrite
 .text.__sseek  0x000000000800ebbe       0x24 c:/st/stm32cubeide_1.4.0/stm32cubeide/plugins/com.st.stm32cube.ide.mcu.externaltools.gnu-tools-for-stm32.7-2018-q2-update.win32_1.4.0.202007081208/tools/bin/../lib/gcc/arm-none-eabi/7.3.1/../../../../arm-none-eabi/lib/thumb/v7e-m/fpv4-sp/hard\libc_nano.a(lib_a-stdio.o)
                0x000000000800ebbe                __sseek
 .text.__sclose
                0x000000000800ebe2        0x8 c:/st/stm32cubeide_1.4.0/stm32cubeide/plugins/com.st.stm32cube.ide.mcu.externaltools.gnu-tools-for-stm32.7-2018-q2-update.win32_1.4.0.202007081208/tools/bin/../lib/gcc/arm-none-eabi/7.3.1/../../../../arm-none-eabi/lib/thumb/v7e-m/fpv4-sp/hard\libc_nano.a(lib_a-stdio.o)
                0x000000000800ebe2                __sclose
 *fill*         0x000000000800ebea        0x2 
 .text.__swbuf_r
                0x000000000800ebec       0xa4 c:/st/stm32cubeide_1.4.0/stm32cubeide/plugins/com.st.stm32cube.ide.mcu.externaltools.gnu-tools-for-stm32.7-2018-q2-update.win32_1.4.0.202007081208/tools/bin/../lib/gcc/arm-none-eabi/7.3.1/../../../../arm-none-eabi/lib/thumb/v7e-m/fpv4-sp/hard\libc_nano.a(lib_a-wbuf.o)
                0x000000000800ebec                __swbuf_r
 .text._write_r
                0x000000000800ec90       0x24 c:/st/stm32cubeide_1.4.0/stm32cubeide/plugins/com.st.stm32cube.ide.mcu.externaltools.gnu-tools-for-stm32.7-2018-q2-update.win32_1.4.0.202007081208/tools/bin/../lib/gcc/arm-none-eabi/7.3.1/../../../../arm-none-eabi/lib/thumb/v7e-m/fpv4-sp/hard\libc_nano.a(lib_a-writer.o)
                0x000000000800ec90                _write_r
 .text.__swsetup_r
                0x000000000800ecb4       0xdc c:/st/stm32cubeide_1.4.0/stm32cubeide/plugins/com.st.stm32cube.ide.mcu.externaltools.gnu-tools-for-stm32.7-2018-q2-update.win32_1.4.0.202007081208/tools/bin/../lib/gcc/arm-none-eabi/7.3.1/../../../../arm-none-eabi/lib/thumb/v7e-m/fpv4-sp/hard\libc_nano.a(lib_a-wsetup.o)
                0x000000000800ecb4                __swsetup_r
 .text._close_r
                0x000000000800ed90       0x20 c:/st/stm32cubeide_1.4.0/stm32cubeide/plugins/com.st.stm32cube.ide.mcu.externaltools.gnu-tools-for-stm32.7-2018-q2-update.win32_1.4.0.202007081208/tools/bin/../lib/gcc/arm-none-eabi/7.3.1/../../../../arm-none-eabi/lib/thumb/v7e-m/fpv4-sp/hard\libc_nano.a(lib_a-closer.o)
                0x000000000800ed90                _close_r
 .text.__sflush_r
                0x000000000800edb0      0x10c c:/st/stm32cubeide_1.4.0/stm32cubeide/plugins/com.st.stm32cube.ide.mcu.externaltools.gnu-tools-for-stm32.7-2018-q2-update.win32_1.4.0.202007081208/tools/bin/../lib/gcc/arm-none-eabi/7.3.1/../../../../arm-none-eabi/lib/thumb/v7e-m/fpv4-sp/hard\libc_nano.a(lib_a-fflush.o)
                0x000000000800edb0                __sflush_r
 .text._fflush_r
                0x000000000800eebc       0x54 c:/st/stm32cubeide_1.4.0/stm32cubeide/plugins/com.st.stm32cube.ide.mcu.externaltools.gnu-tools-for-stm32.7-2018-q2-update.win32_1.4.0.202007081208/tools/bin/../lib/gcc/arm-none-eabi/7.3.1/../../../../arm-none-eabi/lib/thumb/v7e-m/fpv4-sp/hard\libc_nano.a(lib_a-fflush.o)
                0x000000000800eebc                _fflush_r
 .text._lseek_r
                0x000000000800ef10       0x24 c:/st/stm32cubeide_1.4.0/stm32cubeide/plugins/com.st.stm32cube.ide.mcu.externaltools.gnu-tools-for-stm32.7-2018-q2-update.win32_1.4.0.202007081208/tools/bin/../lib/gcc/arm-none-eabi/7.3.1/../../../../arm-none-eabi/lib/thumb/v7e-m/fpv4-sp/hard\libc_nano.a(lib_a-lseekr.o)
                0x000000000800ef10                _lseek_r
 .text.__swhatbuf_r
                0x000000000800ef34       0x48 c:/st/stm32cubeide_1.4.0/stm32cubeide/plugins/com.st.stm32cube.ide.mcu.externaltools.gnu-tools-for-stm32.7-2018-q2-update.win32_1.4.0.202007081208/tools/bin/../lib/gcc/arm-none-eabi/7.3.1/../../../../arm-none-eabi/lib/thumb/v7e-m/fpv4-sp/hard\libc_nano.a(lib_a-makebuf.o)
                0x000000000800ef34                __swhatbuf_r
 .text.__smakebuf_r
                0x000000000800ef7c       0x80 c:/st/stm32cubeide_1.4.0/stm32cubeide/plugins/com.st.stm32cube.ide.mcu.externaltools.gnu-tools-for-stm32.7-2018-q2-update.win32_1.4.0.202007081208/tools/bin/../lib/gcc/arm-none-eabi/7.3.1/../../../../arm-none-eabi/lib/thumb/v7e-m/fpv4-sp/hard\libc_nano.a(lib_a-makebuf.o)
                0x000000000800ef7c                __smakebuf_r
 .text._read_r  0x000000000800effc       0x24 c:/st/stm32cubeide_1.4.0/stm32cubeide/plugins/com.st.stm32cube.ide.mcu.externaltools.gnu-tools-for-stm32.7-2018-q2-update.win32_1.4.0.202007081208/tools/bin/../lib/gcc/arm-none-eabi/7.3.1/../../../../arm-none-eabi/lib/thumb/v7e-m/fpv4-sp/hard\libc_nano.a(lib_a-readr.o)
                0x000000000800effc                _read_r
 .text._fstat_r
                0x000000000800f020       0x24 c:/st/stm32cubeide_1.4.0/stm32cubeide/plugins/com.st.stm32cube.ide.mcu.externaltools.gnu-tools-for-stm32.7-2018-q2-update.win32_1.4.0.202007081208/tools/bin/../lib/gcc/arm-none-eabi/7.3.1/../../../../arm-none-eabi/lib/thumb/v7e-m/fpv4-sp/hard\libc_nano.a(lib_a-fstatr.o)
                0x000000000800f020                _fstat_r
 .text._isatty_r
                0x000000000800f044       0x20 c:/st/stm32cubeide_1.4.0/stm32cubeide/plugins/com.st.stm32cube.ide.mcu.externaltools.gnu-tools-for-stm32.7-2018-q2-update.win32_1.4.0.202007081208/tools/bin/../lib/gcc/arm-none-eabi/7.3.1/../../../../arm-none-eabi/lib/thumb/v7e-m/fpv4-sp/hard\libc_nano.a(lib_a-isattyr.o)
                0x000000000800f044                _isatty_r
 *(.glue_7)
 .glue_7        0x000000000800f064        0x0 linker stubs
 *(.glue_7t)
 .glue_7t       0x000000000800f064        0x0 linker stubs
 *(.eh_frame)
 .eh_frame      0x000000000800f064        0x0 c:/st/stm32cubeide_1.4.0/stm32cubeide/plugins/com.st.stm32cube.ide.mcu.externaltools.gnu-tools-for-stm32.7-2018-q2-update.win32_1.4.0.202007081208/tools/bin/../lib/gcc/arm-none-eabi/7.3.1/thumb/v7e-m/fpv4-sp/hard/crtbegin.o
 *(.init)
 .init          0x000000000800f064        0x4 c:/st/stm32cubeide_1.4.0/stm32cubeide/plugins/com.st.stm32cube.ide.mcu.externaltools.gnu-tools-for-stm32.7-2018-q2-update.win32_1.4.0.202007081208/tools/bin/../lib/gcc/arm-none-eabi/7.3.1/thumb/v7e-m/fpv4-sp/hard/crti.o
                0x000000000800f064                _init
 .init          0x000000000800f068        0x8 c:/st/stm32cubeide_1.4.0/stm32cubeide/plugins/com.st.stm32cube.ide.mcu.externaltools.gnu-tools-for-stm32.7-2018-q2-update.win32_1.4.0.202007081208/tools/bin/../lib/gcc/arm-none-eabi/7.3.1/thumb/v7e-m/fpv4-sp/hard/crtn.o
 *(.fini)
 .fini          0x000000000800f070        0x4 c:/st/stm32cubeide_1.4.0/stm32cubeide/plugins/com.st.stm32cube.ide.mcu.externaltools.gnu-tools-for-stm32.7-2018-q2-update.win32_1.4.0.202007081208/tools/bin/../lib/gcc/arm-none-eabi/7.3.1/thumb/v7e-m/fpv4-sp/hard/crti.o
                0x000000000800f070                _fini
 .fini          0x000000000800f074        0x8 c:/st/stm32cubeide_1.4.0/stm32cubeide/plugins/com.st.stm32cube.ide.mcu.externaltools.gnu-tools-for-stm32.7-2018-q2-update.win32_1.4.0.202007081208/tools/bin/../lib/gcc/arm-none-eabi/7.3.1/thumb/v7e-m/fpv4-sp/hard/crtn.o
                0x000000000800f07c                . = ALIGN (0x4)
                0x000000000800f07c                _etext = .

.vfp11_veneer   0x000000000800f07c        0x0
 .vfp11_veneer  0x000000000800f07c        0x0 linker stubs

.v4_bx          0x000000000800f07c        0x0
 .v4_bx         0x000000000800f07c        0x0 linker stubs

.iplt           0x000000000800f07c        0x0
 .iplt          0x000000000800f07c        0x0 c:/st/stm32cubeide_1.4.0/stm32cubeide/plugins/com.st.stm32cube.ide.mcu.externaltools.gnu-tools-for-stm32.7-2018-q2-update.win32_1.4.0.202007081208/tools/bin/../lib/gcc/arm-none-eabi/7.3.1/thumb/v7e-m/fpv4-sp/hard/crtbegin.o

.rodata         0x000000000800f07c      0x1a0
                0x000000000800f07c                . = ALIGN (0x4)
 *(.rodata)
 .rodata        0x000000000800f07c       0x35 Core/Src/main.o
 *fill*         0x000000000800f0b1        0x3 
 .rodata        0x000000000800f0b4        0x4 Middlewares/ST/STM32_USB_Host_Library/Class/CDC/Src/usbh_cdc.o
 .rodata        0x000000000800f0b8        0xb Middlewares/ST/STM32_USB_Host_Library/Core/Src/usbh_core.o
 *fill*         0x000000000800f0c3        0x1 
 .rodata        0x000000000800f0c4        0x5 Middlewares/Third_Party/FreeRTOS/Source/tasks.o
 *fill*         0x000000000800f0c9        0x3 
 .rodata        0x000000000800f0cc        0xd Middlewares/Third_Party/FreeRTOS/Source/timers.o
 *(.rodata*)
 *fill*         0x000000000800f0d9        0x3 
 .rodata.PollLidar_attributes
                0x000000000800f0dc       0x24 Core/Src/main.o
                0x000000000800f0dc                PollLidar_attributes
 .rodata.UpdateLCD_attributes
                0x000000000800f100       0x24 Core/Src/main.o
                0x000000000800f100                UpdateLCD_attributes
 .rodata.ControlMotors_attributes
                0x000000000800f124       0x24 Core/Src/main.o
                0x000000000800f124                ControlMotors_attributes
 .rodata.ChangeMetric_attributes
                0x000000000800f148       0x24 Core/Src/main.o
                0x000000000800f148                ChangeMetric_attributes
 .rodata.AHBPrescTable
                0x000000000800f16c       0x10 Core/Src/system_stm32f4xx.o
                0x000000000800f16c                AHBPrescTable
 .rodata.APBPrescTable
                0x000000000800f17c        0x8 Core/Src/system_stm32f4xx.o
                0x000000000800f17c                APBPrescTable
 .rodata._global_impure_ptr
                0x000000000800f184        0x4 c:/st/stm32cubeide_1.4.0/stm32cubeide/plugins/com.st.stm32cube.ide.mcu.externaltools.gnu-tools-for-stm32.7-2018-q2-update.win32_1.4.0.202007081208/tools/bin/../lib/gcc/arm-none-eabi/7.3.1/../../../../arm-none-eabi/lib/thumb/v7e-m/fpv4-sp/hard\libc_nano.a(lib_a-impure.o)
                0x000000000800f184                _global_impure_ptr
 .rodata.__sf_fake_stderr
                0x000000000800f188       0x20 c:/st/stm32cubeide_1.4.0/stm32cubeide/plugins/com.st.stm32cube.ide.mcu.externaltools.gnu-tools-for-stm32.7-2018-q2-update.win32_1.4.0.202007081208/tools/bin/../lib/gcc/arm-none-eabi/7.3.1/../../../../arm-none-eabi/lib/thumb/v7e-m/fpv4-sp/hard\libc_nano.a(lib_a-findfp.o)
                0x000000000800f188                __sf_fake_stderr
 .rodata.__sf_fake_stdin
                0x000000000800f1a8       0x20 c:/st/stm32cubeide_1.4.0/stm32cubeide/plugins/com.st.stm32cube.ide.mcu.externaltools.gnu-tools-for-stm32.7-2018-q2-update.win32_1.4.0.202007081208/tools/bin/../lib/gcc/arm-none-eabi/7.3.1/../../../../arm-none-eabi/lib/thumb/v7e-m/fpv4-sp/hard\libc_nano.a(lib_a-findfp.o)
                0x000000000800f1a8                __sf_fake_stdin
 .rodata.__sf_fake_stdout
                0x000000000800f1c8       0x20 c:/st/stm32cubeide_1.4.0/stm32cubeide/plugins/com.st.stm32cube.ide.mcu.externaltools.gnu-tools-for-stm32.7-2018-q2-update.win32_1.4.0.202007081208/tools/bin/../lib/gcc/arm-none-eabi/7.3.1/../../../../arm-none-eabi/lib/thumb/v7e-m/fpv4-sp/hard\libc_nano.a(lib_a-findfp.o)
                0x000000000800f1c8                __sf_fake_stdout
 .rodata._vfprintf_r.str1.1