Archive member included to satisfy reference by file (symbol)

c:/st/stm32cubeide_1.4.0/stm32cubeide/plugins/com.st.stm32cube.ide.mcu.externaltools.gnu-tools-for-stm32.7-2018-q2-update.win32_1.4.0.202007081208/tools/bin/../lib/gcc/arm-none-eabi/7.3.1/../../../../arm-none-eabi/lib/thumb/v7e-m/fpv4-sp/hard\libc_nano.a(lib_a-errno.o)
                              Core/Src/syscalls.o (__errno)
c:/st/stm32cubeide_1.4.0/stm32cubeide/plugins/com.st.stm32cube.ide.mcu.externaltools.gnu-tools-for-stm32.7-2018-q2-update.win32_1.4.0.202007081208/tools/bin/../lib/gcc/arm-none-eabi/7.3.1/../../../../arm-none-eabi/lib/thumb/v7e-m/fpv4-sp/hard\libc_nano.a(lib_a-exit.o)
                              c:/st/stm32cubeide_1.4.0/stm32cubeide/plugins/com.st.stm32cube.ide.mcu.externaltools.gnu-tools-for-stm32.7-2018-q2-update.win32_1.4.0.202007081208/tools/bin/../lib/gcc/arm-none-eabi/7.3.1/../../../../arm-none-eabi/lib/thumb/v7e-m/fpv4-sp/hard/crt0.o (exit)
c:/st/stm32cubeide_1.4.0/stm32cubeide/plugins/com.st.stm32cube.ide.mcu.externaltools.gnu-tools-for-stm32.7-2018-q2-update.win32_1.4.0.202007081208/tools/bin/../lib/gcc/arm-none-eabi/7.3.1/../../../../arm-none-eabi/lib/thumb/v7e-m/fpv4-sp/hard\libc_nano.a(lib_a-impure.o)
                              c:/st/stm32cubeide_1.4.0/stm32cubeide/plugins/com.st.stm32cube.ide.mcu.externaltools.gnu-tools-for-stm32.7-2018-q2-update.win32_1.4.0.202007081208/tools/bin/../lib/gcc/arm-none-eabi/7.3.1/../../../../arm-none-eabi/lib/thumb/v7e-m/fpv4-sp/hard\libc_nano.a(lib_a-exit.o) (_global_impure_ptr)
c:/st/stm32cubeide_1.4.0/stm32cubeide/plugins/com.st.stm32cube.ide.mcu.externaltools.gnu-tools-for-stm32.7-2018-q2-update.win32_1.4.0.202007081208/tools/bin/../lib/gcc/arm-none-eabi/7.3.1/../../../../arm-none-eabi/lib/thumb/v7e-m/fpv4-sp/hard\libc_nano.a(lib_a-init.o)
                              c:/st/stm32cubeide_1.4.0/stm32cubeide/plugins/com.st.stm32cube.ide.mcu.externaltools.gnu-tools-for-stm32.7-2018-q2-update.win32_1.4.0.202007081208/tools/bin/../lib/gcc/arm-none-eabi/7.3.1/../../../../arm-none-eabi/lib/thumb/v7e-m/fpv4-sp/hard/crt0.o (__libc_init_array)
c:/st/stm32cubeide_1.4.0/stm32cubeide/plugins/com.st.stm32cube.ide.mcu.externaltools.gnu-tools-for-stm32.7-2018-q2-update.win32_1.4.0.202007081208/tools/bin/../lib/gcc/arm-none-eabi/7.3.1/../../../../arm-none-eabi/lib/thumb/v7e-m/fpv4-sp/hard\libc_nano.a(lib_a-malloc.o)
                              Middlewares/ST/STM32_USB_Host_Library/Class/CDC/Src/usbh_cdc.o (malloc)
c:/st/stm32cubeide_1.4.0/stm32cubeide/plugins/com.st.stm32cube.ide.mcu.externaltools.gnu-tools-for-stm32.7-2018-q2-update.win32_1.4.0.202007081208/tools/bin/../lib/gcc/arm-none-eabi/7.3.1/../../../../arm-none-eabi/lib/thumb/v7e-m/fpv4-sp/hard\libc_nano.a(lib_a-memcpy-stub.o)
                              Middlewares/Third_Party/FreeRTOS/Source/CMSIS_RTOS_V2/cmsis_os2.o (memcpy)
c:/st/stm32cubeide_1.4.0/stm32cubeide/plugins/com.st.stm32cube.ide.mcu.externaltools.gnu-tools-for-stm32.7-2018-q2-update.win32_1.4.0.202007081208/tools/bin/../lib/gcc/arm-none-eabi/7.3.1/../../../../arm-none-eabi/lib/thumb/v7e-m/fpv4-sp/hard\libc_nano.a(lib_a-memset.o)
                              c:/st/stm32cubeide_1.4.0/stm32cubeide/plugins/com.st.stm32cube.ide.mcu.externaltools.gnu-tools-for-stm32.7-2018-q2-update.win32_1.4.0.202007081208/tools/bin/../lib/gcc/arm-none-eabi/7.3.1/../../../../arm-none-eabi/lib/thumb/v7e-m/fpv4-sp/hard/crt0.o (memset)
c:/st/stm32cubeide_1.4.0/stm32cubeide/plugins/com.st.stm32cube.ide.mcu.externaltools.gnu-tools-for-stm32.7-2018-q2-update.win32_1.4.0.202007081208/tools/bin/../lib/gcc/arm-none-eabi/7.3.1/../../../../arm-none-eabi/lib/thumb/v7e-m/fpv4-sp/hard\libc_nano.a(lib_a-nano-freer.o)
                              c:/st/stm32cubeide_1.4.0/stm32cubeide/plugins/com.st.stm32cube.ide.mcu.externaltools.gnu-tools-for-stm32.7-2018-q2-update.win32_1.4.0.202007081208/tools/bin/../lib/gcc/arm-none-eabi/7.3.1/../../../../arm-none-eabi/lib/thumb/v7e-m/fpv4-sp/hard\libc_nano.a(lib_a-malloc.o) (_free_r)
c:/st/stm32cubeide_1.4.0/stm32cubeide/plugins/com.st.stm32cube.ide.mcu.externaltools.gnu-tools-for-stm32.7-2018-q2-update.win32_1.4.0.202007081208/tools/bin/../lib/gcc/arm-none-eabi/7.3.1/../../../../arm-none-eabi/lib/thumb/v7e-m/fpv4-sp/hard\libc_nano.a(lib_a-nano-mallocr.o)
                              c:/st/stm32cubeide_1.4.0/stm32cubeide/plugins/com.st.stm32cube.ide.mcu.externaltools.gnu-tools-for-stm32.7-2018-q2-update.win32_1.4.0.202007081208/tools/bin/../lib/gcc/arm-none-eabi/7.3.1/../../../../arm-none-eabi/lib/thumb/v7e-m/fpv4-sp/hard\libc_nano.a(lib_a-malloc.o) (_malloc_r)
c:/st/stm32cubeide_1.4.0/stm32cubeide/plugins/com.st.stm32cube.ide.mcu.externaltools.gnu-tools-for-stm32.7-2018-q2-update.win32_1.4.0.202007081208/tools/bin/../lib/gcc/arm-none-eabi/7.3.1/../../../../arm-none-eabi/lib/thumb/v7e-m/fpv4-sp/hard\libc_nano.a(lib_a-printf.o)
                              Core/Src/main.o (printf)
[...]
Memory Configuration

Name             Origin             Length             Attributes
RAM              0x0000000020000000 0x0000000000050000 xrw
FLASH            0x0000000008000000 0x0000000000180000 xr
*default*        0x0000000000000000 0xffffffffffffffff

Linker script and memory map

LOAD c:/st/stm32cubeide_1.4.0/stm32cubeide/plugins/com.st.stm32cube.ide.mcu.externaltools.gnu-tools-for-stm32.7-2018-q2-update.win32_1.4.0.202007081208/tools/bin/../lib/gcc/arm-none-eabi/7.3.1/thumb/v7e-m/fpv4-sp/hard/crti.o
LOAD c:/st/stm32cubeide_1.4.0/stm32cubeide/plugins/com.st.stm32cube.ide.mcu.externaltools.gnu-tools-for-stm32.7-2018-q2-update.win32_1.4.0.202007081208/tools/bin/../lib/gcc/arm-none-eabi/7.3.1/thumb/v7e-m/fpv4-sp/hard/crtbegin.o
LOAD c:/st/stm32cubeide_1.4.0/stm32cubeide/plugins/com.st.stm32cube.ide.mcu.externaltools.gnu-tools-for-stm32.7-2018-q2-update.win32_1.4.0.202007081208/tools/bin/../lib/gcc/arm-none-eabi/7.3.1/../../../../arm-none-eabi/lib/thumb/v7e-m/fpv4-sp/hard/crt0.o
LOAD Core/Src/freertos.o
LOAD Core/Src/main.o
LOAD Core/Src/stm32f4xx_hal_msp.o
LOAD Core/Src/stm32f4xx_hal_timebase_tim.o
LOAD Core/Src/stm32f4xx_it.o
LOAD Core/Src/syscalls.o
LOAD Core/Src/sysmem.o
LOAD Core/Src/system_stm32f4xx.o
LOAD Core/Startup/startup_stm32f413zhtx.o
LOAD Drivers/STM32F4xx_HAL_Driver/Src/stm32f4xx_hal.o
LOAD Drivers/STM32F4xx_HAL_Driver/Src/stm32f4xx_hal_cortex.o
LOAD Drivers/STM32F4xx_HAL_Driver/Src/stm32f4xx_hal_dfsdm.o
LOAD Drivers/STM32F4xx_HAL_Driver/Src/stm32f4xx_hal_dma.o
LOAD Drivers/STM32F4xx_HAL_Driver/Src/stm32f4xx_hal_dma_ex.o
LOAD Drivers/STM32F4xx_HAL_Driver/Src/stm32f4xx_hal_exti.o
LOAD Drivers/STM32F4xx_HAL_Driver/Src/stm32f4xx_hal_flash.o
LOAD Drivers/STM32F4xx_HAL_Driver/Src/stm32f4xx_hal_flash_ex.o
LOAD Drivers/STM32F4xx_HAL_Driver/Src/stm32f4xx_hal_flash_ramfunc.o
LOAD Drivers/STM32F4xx_HAL_Driver/Src/stm32f4xx_hal_gpio.o
LOAD Drivers/STM32F4xx_HAL_Driver/Src/stm32f4xx_hal_hcd.o
LOAD Drivers/STM32F4xx_HAL_Driver/Src/stm32f4xx_hal_i2s.o
LOAD Drivers/STM32F4xx_HAL_Driver/Src/stm32f4xx_hal_i2s_ex.o
LOAD Drivers/STM32F4xx_HAL_Driver/Src/stm32f4xx_hal_pwr.o
LOAD Drivers/STM32F4xx_HAL_Driver/Src/stm32f4xx_hal_pwr_ex.o
LOAD Drivers/STM32F4xx_HAL_Driver/Src/stm32f4xx_hal_rcc.o
LOAD Drivers/STM32F4xx_HAL_Driver/Src/stm32f4xx_hal_rcc_ex.o
LOAD Drivers/STM32F4xx_HAL_Driver/Src/stm32f4xx_hal_sd.o
LOAD Drivers/STM32F4xx_HAL_Driver/Src/stm32f4xx_hal_sram.o
LOAD Drivers/STM32F4xx_HAL_Driver/Src/stm32f4xx_hal_tim.o
LOAD Drivers/STM32F4xx_HAL_Driver/Src/stm32f4xx_hal_tim_ex.o
LOAD Drivers/STM32F4xx_HAL_Driver/Src/stm32f4xx_hal_uart.o
LOAD Drivers/STM32F4xx_HAL_Driver/Src/stm32f4xx_ll_fsmc.o
LOAD Drivers/STM32F4xx_HAL_Driver/Src/stm32f4xx_ll_sdmmc.o
LOAD Drivers/STM32F4xx_HAL_Driver/Src/stm32f4xx_ll_usb.o
LOAD Middlewares/ST/STM32_USB_Host_Library/Class/CDC/Src/usbh_cdc.o
LOAD Middlewares/ST/STM32_USB_Host_Library/Core/Src/usbh_core.o
LOAD Middlewares/ST/STM32_USB_Host_Library/Core/Src/usbh_ctlreq.o
LOAD Middlewares/ST/STM32_USB_Host_Library/Core/Src/usbh_ioreq.o
LOAD Middlewares/ST/STM32_USB_Host_Library/Core/Src/usbh_pipes.o
LOAD Middlewares/Third_Party/FreeRTOS/Source/CMSIS_RTOS_V2/cmsis_os2.o
LOAD Middlewares/Third_Party/FreeRTOS/Source/croutine.o
LOAD Middlewares/Third_Party/FreeRTOS/Source/event_groups.o
LOAD Middlewares/Third_Party/FreeRTOS/Source/list.o
LOAD Middlewares/Third_Party/FreeRTOS/Source/queue.o
LOAD Middlewares/Third_Party/FreeRTOS/Source/stream_buffer.o
LOAD Middlewares/Third_Party/FreeRTOS/Source/tasks.o
LOAD Middlewares/Third_Party/FreeRTOS/Source/timers.o
LOAD Middlewares/Third_Party/FreeRTOS/Source/portable/GCC/ARM_CM4F/port.o
LOAD Middlewares/Third_Party/FreeRTOS/Source/portable/MemMang/heap_4.o
LOAD USB_HOST/App/usb_host.o
LOAD USB_HOST/Target/usbh_conf.o
LOAD USB_HOST/Target/usbh_platform.o
START GROUP
LOAD c:/st/stm32cubeide_1.4.0/stm32cubeide/plugins/com.st.stm32cube.ide.mcu.externaltools.gnu-tools-for-stm32.7-2018-q2-update.win32_1.4.0.202007081208/tools/bin/../lib/gcc/arm-none-eabi/7.3.1/../../../../arm-none-eabi/lib/thumb/v7e-m/fpv4-sp/hard\libc_nano.a
LOAD c:/st/stm32cubeide_1.4.0/stm32cubeide/plugins/com.st.stm32cube.ide.mcu.externaltools.gnu-tools-for-stm32.7-2018-q2-update.win32_1.4.0.202007081208/tools/bin/../lib/gcc/arm-none-eabi/7.3.1/../../../../arm-none-eabi/lib/thumb/v7e-m/fpv4-sp/hard\libm.a
END GROUP
START GROUP
LOAD c:/st/stm32cubeide_1.4.0/stm32cubeide/plugins/com.st.stm32cube.ide.mcu.externaltools.gnu-tools-for-stm32.7-2018-q2-update.win32_1.4.0.202007081208/tools/bin/../lib/gcc/arm-none-eabi/7.3.1/thumb/v7e-m/fpv4-sp/hard\libgcc.a
LOAD c:/st/stm32cubeide_1.4.0/stm32cubeide/plugins/com.st.stm32cube.ide.mcu.externaltools.gnu-tools-for-stm32.7-2018-q2-update.win32_1.4.0.202007081208/tools/bin/../lib/gcc/arm-none-eabi/7.3.1/../../../../arm-none-eabi/lib/thumb/v7e-m/fpv4-sp/hard\libc_nano.a
END GROUP
START GROUP
LOAD c:/st/stm32cubeide_1.4.0/stm32cubeide/plugins/com.st.stm32cube.ide.mcu.externaltools.gnu-tools-for-stm32.7-2018-q2-update.win32_1.4.0.202007081208/tools/bin/../lib/gcc/arm-none-eabi/7.3.1/thumb/v7e-m/fpv4-sp/hard\libgcc.a
LOAD c:/st/stm32cubeide_1.4.0/stm32cubeide/plugins/com.st.stm32cube.ide.mcu.externaltools.gnu-tools-for-stm32.7-2018-q2-update.win32_1.4.0.202007081208/tools/bin/../lib/gcc/arm-none-eabi/7.3.1/../../../../arm-none-eabi/lib/thumb/v7e-m/fpv4-sp/hard\libc_nano.a
LOAD c:/st/stm32cubeide_1.4.0/stm32cubeide/plugins/com.st.stm32cube.ide.mcu.externaltools.gnu-tools-for-stm32.7-2018-q2-update.win32_1.4.0.202007081208/tools/bin/../lib/gcc/arm-none-eabi/7.3.1/../../../../arm-none-eabi/lib/thumb/v7e-m/fpv4-sp/hard\libnosys.a
END GROUP
START GROUP
LOAD c:/st/stm32cubeide_1.4.0/stm32cubeide/plugins/com.st.stm32cube.ide.mcu.externaltools.gnu-tools-for-stm32.7-2018-q2-update.win32_1.4.0.202007081208/tools/bin/../lib/gcc/arm-none-eabi/7.3.1/thumb/v7e-m/fpv4-sp/hard\libgcc.a
LOAD c:/st/stm32cubeide_1.4.0/stm32cubeide/plugins/com.st.stm32cube.ide.mcu.externaltools.gnu-tools-for-stm32.7-2018-q2-update.win32_1.4.0.202007081208/tools/bin/../lib/gcc/arm-none-eabi/7.3.1/../../../../arm-none-eabi/lib/thumb/v7e-m/fpv4-sp/hard\libc_nano.a
LOAD c:/st/stm32cubeide_1.4.0/stm32cubeide/plugins/com.st.stm32cube.ide.mcu.externaltools.gnu-tools-for-stm32.7-2018-q2-update.win32_1.4.0.202007081208/tools/bin/../lib/gcc/arm-none-eabi/7.3.1/../../../../arm-none-eabi/lib/thumb/v7e-m/fpv4-sp/hard\libnosys.a
END GROUP
LOAD c:/st/stm32cubeide_1.4.0/stm32cubeide/plugins/com.st.stm32cube.ide.mcu.externaltools.gnu-tools-for-stm32.7-2018-q2-update.win32_1.4.0.202007081208/tools/bin/../lib/gcc/arm-none-eabi/7.3.1/thumb/v7e-m/fpv4-sp/hard/crtend.o
LOAD c:/st/stm32cubeide_1.4.0/stm32cubeide/plugins/com.st.stm32cube.ide.mcu.externaltools.gnu-tools-for-stm32.7-2018-q2-update.win32_1.4.0.202007081208/tools/bin/../lib/gcc/arm-none-eabi/7.3.1/thumb/v7e-m/fpv4-sp/hard/crtn.o
                0x0000000020050000                _estack = (ORIGIN (RAM) + LENGTH (RAM))
                0x0000000000000200                _Min_Heap_Size = 0x200
                0x0000000000000400                _Min_Stack_Size = 0x400

.isr_vector     0x0000000008000000      0x1d8
                0x0000000008000000                . = ALIGN (0x4)
 *(.isr_vector)
 .isr_vector    0x0000000008000000      0x1d8 Core/Startup/startup_stm32f413zhtx.o
                0x0000000008000000                g_pfnVectors
                0x00000000080001d8                . = ALIGN (0x4)

.text           0x00000000080001e0     0xf9bc
                0x00000000080001e0                . = ALIGN (0x4)
 *(.text)
 .text          0x00000000080001e0       0x40 c:/st/stm32cubeide_1.4.0/stm32cubeide/plugins/com.st.stm32cube.ide.mcu.externaltools.gnu-tools-for-stm32.7-2018-q2-update.win32_1.4.0.202007081208/tools/bin/../lib/gcc/arm-none-eabi/7.3.1/thumb/v7e-m/fpv4-sp/hard/crtbegin.o
 .text          0x0000000008000220       0xa0 c:/st/stm32cubeide_1.4.0/stm32cubeide/plugins/com.st.stm32cube.ide.mcu.externaltools.gnu-tools-for-stm32.7-2018-q2-update.win32_1.4.0.202007081208/tools/bin/../lib/gcc/arm-none-eabi/7.3.1/../../../../arm-none-eabi/lib/thumb/v7e-m/fpv4-sp/hard\libc_nano.a(lib_a-memchr.o)
                0x0000000008000220                memchr
 .text          0x00000000080002c0      0x378 c:/st/stm32cubeide_1.4.0/stm32cubeide/plugins/com.st.stm32cube.ide.mcu.externaltools.gnu-tools-for-stm32.7-2018-q2-update.win32_1.4.0.202007081208/tools/bin/../lib/gcc/arm-none-eabi/7.3.1/thumb/v7e-m/fpv4-sp/hard\libgcc.a(_arm_addsubdf3.o)
                0x00000000080002c0                __aeabi_drsub
                0x00000000080002c8                __aeabi_dsub
                0x00000000080002c8                __subdf3
                0x00000000080002cc                __aeabi_dadd
                0x00000000080002cc                __adddf3
                0x0000000008000544                __floatunsidf
                0x0000000008000544                __aeabi_ui2d
                0x0000000008000564                __floatsidf
                0x0000000008000564                __aeabi_i2d
                0x0000000008000588                __aeabi_f2d
                0x0000000008000588                __extendsfdf2
                0x00000000080005cc                __floatundidf
                0x00000000080005cc                __aeabi_ul2d
                0x00000000080005dc                __floatdidf
                0x00000000080005dc                __aeabi_l2d
 .text          0x0000000008000638      0x424 c:/st/stm32cubeide_1.4.0/stm32cubeide/plugins/com.st.stm32cube.ide.mcu.externaltools.gnu-tools-for-stm32.7-2018-q2-update.win32_1.4.0.202007081208/tools/bin/../lib/gcc/arm-none-eabi/7.3.1/thumb/v7e-m/fpv4-sp/hard\libgcc.a(_arm_muldivdf3.o)
                0x0000000008000638                __aeabi_dmul
                0x0000000008000638                __muldf3
                0x000000000800088c                __divdf3
                0x000000000800088c                __aeabi_ddiv
 .text          0x0000000008000a5c       0x40 c:/st/stm32cubeide_1.4.0/stm32cubeide/plugins/com.st.stm32cube.ide.mcu.externaltools.gnu-tools-for-stm32.7-2018-q2-update.win32_1.4.0.202007081208/tools/bin/../lib/gcc/arm-none-eabi/7.3.1/thumb/v7e-m/fpv4-sp/hard\libgcc.a(_arm_fixunsdfsi.o)
                0x0000000008000a5c                __aeabi_d2uiz
                0x0000000008000a5c                __fixunsdfsi
 .text          0x0000000008000a9c       0x30 c:/st/stm32cubeide_1.4.0/stm32cubeide/plugins/com.st.stm32cube.ide.mcu.externaltools.gnu-tools-for-stm32.7-2018-q2-update.win32_1.4.0.202007081208/tools/bin/../lib/gcc/arm-none-eabi/7.3.1/thumb/v7e-m/fpv4-sp/hard\libgcc.a(_aeabi_uldivmod.o)
                0x0000000008000a9c                __aeabi_uldivmod
 .text          0x0000000008000acc      0x2cc c:/st/stm32cubeide_1.4.0/stm32cubeide/plugins/com.st.stm32cube.ide.mcu.externaltools.gnu-tools-for-stm32.7-2018-q2-update.win32_1.4.0.202007081208/tools/bin/../lib/gcc/arm-none-eabi/7.3.1/thumb/v7e-m/fpv4-sp/hard\libgcc.a(_udivmoddi4.o)
                0x0000000008000acc                __udivmoddi4
 .text          0x0000000008000d98        0x4 c:/st/stm32cubeide_1.4.0/stm32cubeide/plugins/com.st.stm32cube.ide.mcu.externaltools.gnu-tools-for-stm32.7-2018-q2-update.win32_1.4.0.202007081208/tools/bin/../lib/gcc/arm-none-eabi/7.3.1/thumb/v7e-m/fpv4-sp/hard\libgcc.a(_dvmd_tls.o)
                0x0000000008000d98                __aeabi_idiv0
                0x0000000008000d98                __aeabi_ldiv0
 *(.text*)
 .text.main     0x0000000008000d9c       0xc4 Core/Src/main.o
                0x0000000008000d9c                main
 .text.SystemClock_Config
                0x0000000008000e60      0x138 Core/Src/main.o
                0x0000000008000e60                SystemClock_Config
 .text.MX_DFSDM1_Init
                0x0000000008000f98       0x70 Core/Src/main.o
 .text.MX_DFSDM2_Init
                0x0000000008001008       0xd4 Core/Src/main.o
 .text.MX_I2S2_Init
                0x00000000080010dc       0x5c Core/Src/main.o
 .text.MX_SDIO_SD_Init
                0x0000000008001138       0x60 Core/Src/main.o
 .text.MX_UART7_Init
                0x0000000008001198       0x54 Core/Src/main.o
 .text.MX_GPIO_Init
                0x00000000080011ec      0x478 Core/Src/main.o
 .text.MX_FSMC_Init
                0x0000000008001664       0xc4 Core/Src/main.o
 .text.StartPollLidarTask
                0x0000000008001728       0x4c Core/Src/main.o
                0x0000000008001728                StartPollLidarTask
 .text.StartUpdateLCDTask
                0x0000000008001774       0x10 Core/Src/main.o
                0x0000000008001774                StartUpdateLCDTask
 .text.StartMotorControlTask
                0x0000000008001784        0xa Core/Src/main.o
                0x0000000008001784                StartMotorControlTask
 *fill*         0x000000000800178e        0x2 
 .text.StartChangeMetricTask
                0x0000000008001790      0x2dc Core/Src/main.o
                0x0000000008001790                StartChangeMetricTask
 .text.HAL_TIM_PeriodElapsedCallback
                0x0000000008001a6c       0x24 Core/Src/main.o
                0x0000000008001a6c                HAL_TIM_PeriodElapsedCallback
 .text.Error_Handler
                0x0000000008001a90        0xe Core/Src/main.o
                0x0000000008001a90                Error_Handler
 *fill*         0x0000000008001a9e        0x2 
 .text.HAL_MspInit
                0x0000000008001aa0       0x50 Core/Src/stm32f4xx_hal_msp.o
                0x0000000008001aa0                HAL_MspInit
 .text.HAL_DFSDM_ChannelMspInit
                0x0000000008001af0      0x224 Core/Src/stm32f4xx_hal_msp.o
                0x0000000008001af0                HAL_DFSDM_ChannelMspInit
 .text.HAL_I2S_MspInit
                0x0000000008001d14      0x174 Core/Src/stm32f4xx_hal_msp.o
                0x0000000008001d14                HAL_I2S_MspInit
 .text.HAL_SD_MspInit
                0x0000000008001e88       0xd0 Core/Src/stm32f4xx_hal_msp.o
                0x0000000008001e88                HAL_SD_MspInit
 .text.HAL_UART_MspInit
                0x0000000008001f58       0x90 Core/Src/stm32f4xx_hal_msp.o
                0x0000000008001f58                HAL_UART_MspInit
 .text.HAL_FSMC_MspInit
                0x0000000008001fe8       0xe0 Core/Src/stm32f4xx_hal_msp.o
 .text.HAL_SRAM_MspInit
                0x00000000080020c8       0x14 Core/Src/stm32f4xx_hal_msp.o
                0x00000000080020c8                HAL_SRAM_MspInit
 .text.HAL_InitTick
                0x00000000080020dc       0xb0 Core/Src/stm32f4xx_hal_timebase_tim.o
                0x00000000080020dc                HAL_InitTick
 .text.NMI_Handler
                0x000000000800218c        0xe Core/Src/stm32f4xx_it.o
                0x000000000800218c                NMI_Handler
 .text.HardFault_Handler
                0x000000000800219a        0x6 Core/Src/stm32f4xx_it.o
                0x000000000800219a                HardFault_Handler
 .text.MemManage_Handler
                0x00000000080021a0        0x6 Core/Src/stm32f4xx_it.o
                0x00000000080021a0                MemManage_Handler
 .text.BusFault_Handler
                0x00000000080021a6        0x6 Core/Src/stm32f4xx_it.o
                0x00000000080021a6                BusFault_Handler
 .text.UsageFault_Handler
                0x00000000080021ac        0x6 Core/Src/stm32f4xx_it.o
                0x00000000080021ac                UsageFault_Handler
 .text.DebugMon_Handler
                0x00000000080021b2        0xe Core/Src/stm32f4xx_it.o
                0x00000000080021b2                DebugMon_Handler
 .text.EXTI0_IRQHandler
                0x00000000080021c0       0x2c Core/Src/stm32f4xx_it.o
                0x00000000080021c0                EXTI0_IRQHandler
 .text.TIM6_DAC_IRQHandler
                0x00000000080021ec       0x14 Core/Src/stm32f4xx_it.o
                0x00000000080021ec                TIM6_DAC_IRQHandler
 .text.OTG_FS_IRQHandler
                0x0000000008002200       0x14 Core/Src/stm32f4xx_it.o
                0x0000000008002200                OTG_FS_IRQHandler
 .text._read    0x0000000008002214       0x3a Core/Src/syscalls.o
                0x0000000008002214                _read
 .text._write   0x000000000800224e       0x38 Core/Src/syscalls.o
                0x000000000800224e                _write
 .text._close   0x0000000008002286       0x18 Core/Src/syscalls.o
                0x0000000008002286                _close
 .text._fstat   0x000000000800229e       0x20 Core/Src/syscalls.o
                0x000000000800229e                _fstat
 .text._isatty  0x00000000080022be       0x16 Core/Src/syscalls.o
                0x00000000080022be                _isatty
 .text._lseek   0x00000000080022d4       0x1a Core/Src/syscalls.o
                0x00000000080022d4                _lseek
 *fill*         0x00000000080022ee        0x2 
 .text._sbrk    0x00000000080022f0       0x6c Core/Src/sysmem.o
                0x00000000080022f0                _sbrk
 .text.SystemInit
                0x000000000800235c       0x2c Core/Src/system_stm32f4xx.o
                0x000000000800235c                SystemInit
 .text.Reset_Handler
                0x0000000008002388       0x50 Core/Startup/startup_stm32f413zhtx.o
                0x0000000008002388                Reset_Handler
 .text.Default_Handler
                0x00000000080023d8        0x2 Core/Startup/startup_stm32f413zhtx.o
                0x00000000080023d8                RTC_Alarm_IRQHandler
                0x00000000080023d8                EXTI2_IRQHandler
                0x00000000080023d8                TIM8_CC_IRQHandler
                0x00000000080023d8                UART8_IRQHandler
                0x00000000080023d8                FMPI2C1_EV_IRQHandler
                0x00000000080023d8                SPI4_IRQHandler
                0x00000000080023d8                TIM1_CC_IRQHandler
                0x00000000080023d8                DMA2_Stream5_IRQHandler
                0x00000000080023d8                DMA1_Stream5_IRQHandler
                0x00000000080023d8                CAN3_RX1_IRQHandler
                0x00000000080023d8                PVD_IRQHandler
                0x00000000080023d8                SDIO_IRQHandler
                0x00000000080023d8                TAMP_STAMP_IRQHandler
                0x00000000080023d8                CAN2_RX1_IRQHandler
                0x00000000080023d8                EXTI3_IRQHandler
                0x00000000080023d8                TIM8_TRG_COM_TIM14_IRQHandler
                0x00000000080023d8                DFSDM1_FLT1_IRQHandler
                0x00000000080023d8                TIM1_UP_TIM10_IRQHandler
                0x00000000080023d8                TIM8_UP_TIM13_IRQHandler
                0x00000000080023d8                I2C3_ER_IRQHandler
                0x00000000080023d8                I2C2_EV_IRQHandler
                0x00000000080023d8                DMA1_Stream2_IRQHandler
                0x00000000080023d8                CAN1_RX0_IRQHandler
                0x00000000080023d8                FPU_IRQHandler
                0x00000000080023d8                CAN3_SCE_IRQHandler
                0x00000000080023d8                CAN2_SCE_IRQHandler
                0x00000000080023d8                DMA2_Stream2_IRQHandler
                0x00000000080023d8                SPI1_IRQHandler
                0x00000000080023d8                TIM1_BRK_TIM9_IRQHandler
                0x00000000080023d8                CAN2_RX0_IRQHandler
                0x00000000080023d8                DMA2_Stream3_IRQHandler
                0x00000000080023d8                USART6_IRQHandler
                0x00000000080023d8                CAN3_RX0_IRQHandler
                0x00000000080023d8                USART3_IRQHandler
                0x00000000080023d8                DFSDM2_FLT3_IRQHandler
                0x00000000080023d8                CAN1_RX1_IRQHandler
                0x00000000080023d8                UART5_IRQHandler
                0x00000000080023d8                DMA2_Stream0_IRQHandler
                0x00000000080023d8                TIM4_IRQHandler
                0x00000000080023d8                QUADSPI_IRQHandler
                0x00000000080023d8                I2C1_EV_IRQHandler
                0x00000000080023d8                DMA1_Stream6_IRQHandler
                0x00000000080023d8                DMA1_Stream1_IRQHandler
                0x00000000080023d8                UART4_IRQHandler
                0x00000000080023d8                TIM3_IRQHandler
                0x00000000080023d8                RCC_IRQHandler
                0x00000000080023d8                UART9_IRQHandler
                0x00000000080023d8                TIM8_BRK_TIM12_IRQHandler
                0x00000000080023d8                Default_Handler
                0x00000000080023d8                EXTI15_10_IRQHandler
                0x00000000080023d8                ADC_IRQHandler
                0x00000000080023d8                DMA1_Stream7_IRQHandler
                0x00000000080023d8                DFSDM2_FLT0_IRQHandler
                0x00000000080023d8                SPI5_IRQHandler
                0x00000000080023d8                TIM7_IRQHandler
                0x00000000080023d8                CAN2_TX_IRQHandler
                0x00000000080023d8                TIM5_IRQHandler
                0x00000000080023d8                DMA2_Stream7_IRQHandler
                0x00000000080023d8                I2C3_EV_IRQHandler
                0x00000000080023d8                DFSDM2_FLT2_IRQHandler
                0x00000000080023d8                EXTI9_5_IRQHandler
                0x00000000080023d8                RTC_WKUP_IRQHandler
                0x00000000080023d8                SPI2_IRQHandler
                0x00000000080023d8                DMA1_Stream0_IRQHandler
                0x00000000080023d8                CAN1_TX_IRQHandler
                0x00000000080023d8                FMPI2C1_ER_IRQHandler
                0x00000000080023d8                EXTI4_IRQHandler
                0x00000000080023d8                DFSDM2_FLT1_IRQHandler
                0x00000000080023d8                RNG_IRQHandler
                0x00000000080023d8                FSMC_IRQHandler
                0x00000000080023d8                WWDG_IRQHandler
                0x00000000080023d8                CAN3_TX_IRQHandler
                0x00000000080023d8                TIM2_IRQHandler
                0x00000000080023d8                OTG_FS_WKUP_IRQHandler
                0x00000000080023d8                TIM1_TRG_COM_TIM11_IRQHandler
                0x00000000080023d8                EXTI1_IRQHandler
                0x00000000080023d8                UART7_IRQHandler
                0x00000000080023d8                USART2_IRQHandler
                0x00000000080023d8                DFSDM1_FLT0_IRQHandler
                0x00000000080023d8                I2C2_ER_IRQHandler
                0x00000000080023d8                DMA2_Stream1_IRQHandler
                0x00000000080023d8                CAN1_SCE_IRQHandler
                0x00000000080023d8                FLASH_IRQHandler
                0x00000000080023d8                DMA2_Stream4_IRQHandler
                0x00000000080023d8                USART1_IRQHandler
                0x00000000080023d8                SPI3_IRQHandler
                0x00000000080023d8                DMA1_Stream4_IRQHandler
                0x00000000080023d8                I2C1_ER_IRQHandler
                0x00000000080023d8                LPTIM1_IRQHandler
                0x00000000080023d8                DMA2_Stream6_IRQHandler
                0x00000000080023d8                UART10_IRQHandler
                0x00000000080023d8                SAI1_IRQHandler
                0x00000000080023d8                DMA1_Stream3_IRQHandler
 *fill*         0x00000000080023da        0x2 
 .text.HAL_Init
                0x00000000080023dc       0x44 Drivers/STM32F4xx_HAL_Driver/Src/stm32f4xx_hal.o
                0x00000000080023dc                HAL_Init
 .text.HAL_IncTick
                0x0000000008002420       0x28 Drivers/STM32F4xx_HAL_Driver/Src/stm32f4xx_hal.o
                0x0000000008002420                HAL_IncTick
 .text.HAL_GetTick
                0x0000000008002448       0x18 Drivers/STM32F4xx_HAL_Driver/Src/stm32f4xx_hal.o
                0x0000000008002448                HAL_GetTick
 .text.HAL_Delay
                0x0000000008002460       0x44 Drivers/STM32F4xx_HAL_Driver/Src/stm32f4xx_hal.o
                0x0000000008002460                HAL_Delay
 .text.__NVIC_SetPriorityGrouping
                0x00000000080024a4       0x48 Drivers/STM32F4xx_HAL_Driver/Src/stm32f4xx_hal_cortex.o
 .text.__NVIC_GetPriorityGrouping
                0x00000000080024ec       0x1c Drivers/STM32F4xx_HAL_Driver/Src/stm32f4xx_hal_cortex.o
 .text.__NVIC_EnableIRQ
                0x0000000008002508       0x3c Drivers/STM32F4xx_HAL_Driver/Src/stm32f4xx_hal_cortex.o
 .text.__NVIC_SetPriority
                0x0000000008002544       0x54 Drivers/STM32F4xx_HAL_Driver/Src/stm32f4xx_hal_cortex.o
 .text.NVIC_EncodePriority
                0x0000000008002598       0x66 Drivers/STM32F4xx_HAL_Driver/Src/stm32f4xx_hal_cortex.o
 .text.HAL_NVIC_SetPriorityGrouping
                0x00000000080025fe       0x16 Drivers/STM32F4xx_HAL_Driver/Src/stm32f4xx_hal_cortex.o
                0x00000000080025fe                HAL_NVIC_SetPriorityGrouping
 .text.HAL_NVIC_SetPriority
                0x0000000008002614       0x38 Drivers/STM32F4xx_HAL_Driver/Src/stm32f4xx_hal_cortex.o
                0x0000000008002614                HAL_NVIC_SetPriority
 .text.HAL_NVIC_EnableIRQ
                0x000000000800264c       0x1c Drivers/STM32F4xx_HAL_Driver/Src/stm32f4xx_hal_cortex.o
                0x000000000800264c                HAL_NVIC_EnableIRQ
 .text.HAL_DFSDM_ChannelInit
                0x0000000008002668      0x1e0 Drivers/STM32F4xx_HAL_Driver/Src/stm32f4xx_hal_dfsdm.o
                0x0000000008002668                HAL_DFSDM_ChannelInit
 .text.DFSDM_GetChannelFromInstance
                0x0000000008002848       0xc8 Drivers/STM32F4xx_HAL_Driver/Src/stm32f4xx_hal_dfsdm.o
 .text.HAL_GPIO_Init
                0x0000000008002910      0x324 Drivers/STM32F4xx_HAL_Driver/Src/stm32f4xx_hal_gpio.o
                0x0000000008002910                HAL_GPIO_Init
 .text.HAL_GPIO_WritePin
                0x0000000008002c34       0x32 Drivers/STM32F4xx_HAL_Driver/Src/stm32f4xx_hal_gpio.o
                0x0000000008002c34                HAL_GPIO_WritePin
 *fill*         0x0000000008002c66        0x2 
 .text.HAL_GPIO_EXTI_IRQHandler
                0x0000000008002c68       0x30 Drivers/STM32F4xx_HAL_Driver/Src/stm32f4xx_hal_gpio.o
                0x0000000008002c68                HAL_GPIO_EXTI_IRQHandler
 .text.HAL_GPIO_EXTI_Callback
                0x0000000008002c98       0x16 Drivers/STM32F4xx_HAL_Driver/Src/stm32f4xx_hal_gpio.o
                0x0000000008002c98                HAL_GPIO_EXTI_Callback
 .text.HAL_HCD_Init
                0x0000000008002cae       0xc4 Drivers/STM32F4xx_HAL_Driver/Src/stm32f4xx_hal_hcd.o
                0x0000000008002cae                HAL_HCD_Init
 .text.HAL_HCD_HC_Init
                0x0000000008002d72      0x130 Drivers/STM32F4xx_HAL_Driver/Src/stm32f4xx_hal_hcd.o
                0x0000000008002d72                HAL_HCD_HC_Init
 .text.HAL_HCD_HC_Halt
                0x0000000008002ea2       0x46 Drivers/STM32F4xx_HAL_Driver/Src/stm32f4xx_hal_hcd.o
                0x0000000008002ea2                HAL_HCD_HC_Halt
 .text.HAL_HCD_HC_SubmitRequest
                0x0000000008002ee8      0x2e4 Drivers/STM32F4xx_HAL_Driver/Src/stm32f4xx_hal_hcd.o
                0x0000000008002ee8                HAL_HCD_HC_SubmitRequest
 .text.HAL_HCD_IRQHandler
                0x00000000080031cc      0x208 Drivers/STM32F4xx_HAL_Driver/Src/stm32f4xx_hal_hcd.o
                0x00000000080031cc                HAL_HCD_IRQHandler
 .text.HAL_HCD_Start
                0x00000000080033d4       0x46 Drivers/STM32F4xx_HAL_Driver/Src/stm32f4xx_hal_hcd.o
                0x00000000080033d4                HAL_HCD_Start
 .text.HAL_HCD_Stop
                0x000000000800341a       0x3a Drivers/STM32F4xx_HAL_Driver/Src/stm32f4xx_hal_hcd.o
                0x000000000800341a                HAL_HCD_Stop
 .text.HAL_HCD_ResetPort
                0x0000000008003454       0x1c Drivers/STM32F4xx_HAL_Driver/Src/stm32f4xx_hal_hcd.o
                0x0000000008003454                HAL_HCD_ResetPort
 .text.HAL_HCD_HC_GetURBState
                0x0000000008003470       0x2a Drivers/STM32F4xx_HAL_Driver/Src/stm32f4xx_hal_hcd.o
                0x0000000008003470                HAL_HCD_HC_GetURBState
 .text.HAL_HCD_HC_GetXferCount
                0x000000000800349a       0x2a Drivers/STM32F4xx_HAL_Driver/Src/stm32f4xx_hal_hcd.o
                0x000000000800349a                HAL_HCD_HC_GetXferCount
 .text.HAL_HCD_GetCurrentFrame
                0x00000000080034c4       0x1c Drivers/STM32F4xx_HAL_Driver/Src/stm32f4xx_hal_hcd.o
                0x00000000080034c4                HAL_HCD_GetCurrentFrame
 .text.HAL_HCD_GetCurrentSpeed
                0x00000000080034e0       0x1c Drivers/STM32F4xx_HAL_Driver/Src/stm32f4xx_hal_hcd.o
                0x00000000080034e0                HAL_HCD_GetCurrentSpeed
 .text.HCD_HC_IN_IRQHandler
                0x00000000080034fc      0x86a Drivers/STM32F4xx_HAL_Driver/Src/stm32f4xx_hal_hcd.o
 .text.HCD_HC_OUT_IRQHandler
                0x0000000008003d66      0x6ea Drivers/STM32F4xx_HAL_Driver/Src/stm32f4xx_hal_hcd.o
 .text.HCD_RXQLVL_IRQHandler
                0x0000000008004450      0x158 Drivers/STM32F4xx_HAL_Driver/Src/stm32f4xx_hal_hcd.o
 .text.HCD_Port_IRQHandler
                0x00000000080045a8       0xe6 Drivers/STM32F4xx_HAL_Driver/Src/stm32f4xx_hal_hcd.o
 *fill*         0x000000000800468e        0x2 
 .text.HAL_I2S_Init
                0x0000000008004690      0x2c4 Drivers/STM32F4xx_HAL_Driver/Src/stm32f4xx_hal_i2s.o
                0x0000000008004690                HAL_I2S_Init
 .text.HAL_I2S_TxCpltCallback
                0x0000000008004954       0x14 Drivers/STM32F4xx_HAL_Driver/Src/stm32f4xx_hal_i2s.o
                0x0000000008004954                HAL_I2S_TxCpltCallback
 .text.HAL_I2S_RxCpltCallback
                0x0000000008004968       0x14 Drivers/STM32F4xx_HAL_Driver/Src/stm32f4xx_hal_i2s.o
                0x0000000008004968                HAL_I2S_RxCpltCallback
 .text.HAL_I2S_ErrorCallback
                0x000000000800497c       0x14 Drivers/STM32F4xx_HAL_Driver/Src/stm32f4xx_hal_i2s.o
                0x000000000800497c                HAL_I2S_ErrorCallback
 .text.I2S_Transmit_IT
                0x0000000008004990       0x5c Drivers/STM32F4xx_HAL_Driver/Src/stm32f4xx_hal_i2s.o
 .text.I2S_Receive_IT
                0x00000000080049ec       0x5e Drivers/STM32F4xx_HAL_Driver/Src/stm32f4xx_hal_i2s.o
 .text.I2S_IRQHandler
                0x0000000008004a4a      0x114 Drivers/STM32F4xx_HAL_Driver/Src/stm32f4xx_hal_i2s.o
 *fill*         0x0000000008004b5e        0x2 
 .text.HAL_I2SEx_FullDuplex_IRQHandler
                0x0000000008004b60      0x2a8 Drivers/STM32F4xx_HAL_Driver/Src/stm32f4xx_hal_i2s_ex.o
                0x0000000008004b60                HAL_I2SEx_FullDuplex_IRQHandler
 .text.HAL_I2SEx_TxRxCpltCallback
                0x0000000008004e08       0x14 Drivers/STM32F4xx_HAL_Driver/Src/stm32f4xx_hal_i2s_ex.o
                0x0000000008004e08                HAL_I2SEx_TxRxCpltCallback
 .text.I2SEx_TxISR_I2S
                0x0000000008004e1c       0x62 Drivers/STM32F4xx_HAL_Driver/Src/stm32f4xx_hal_i2s_ex.o
 *fill*         0x0000000008004e7e        0x2 
 .text.I2SEx_TxISR_I2SExt
                0x0000000008004e80       0x98 Drivers/STM32F4xx_HAL_Driver/Src/stm32f4xx_hal_i2s_ex.o
 .text.I2SEx_RxISR_I2S
                0x0000000008004f18       0x64 Drivers/STM32F4xx_HAL_Driver/Src/stm32f4xx_hal_i2s_ex.o
 .text.I2SEx_RxISR_I2SExt
                0x0000000008004f7c       0x98 Drivers/STM32F4xx_HAL_Driver/Src/stm32f4xx_hal_i2s_ex.o
 .text.HAL_RCC_ClockConfig
                0x0000000008005014      0x1cc Drivers/STM32F4xx_HAL_Driver/Src/stm32f4xx_hal_rcc.o
                0x0000000008005014                HAL_RCC_ClockConfig
 .text.HAL_RCC_GetSysClockFreq
                0x00000000080051e0      0x164 Drivers/STM32F4xx_HAL_Driver/Src/stm32f4xx_hal_rcc.o
                0x00000000080051e0                HAL_RCC_GetSysClockFreq
 .text.HAL_RCC_GetHCLKFreq
                0x0000000008005344       0x18 Drivers/STM32F4xx_HAL_Driver/Src/stm32f4xx_hal_rcc.o
                0x0000000008005344                HAL_RCC_GetHCLKFreq
 .text.HAL_RCC_GetPCLK1Freq
                0x000000000800535c       0x28 Drivers/STM32F4xx_HAL_Driver/Src/stm32f4xx_hal_rcc.o
                0x000000000800535c                HAL_RCC_GetPCLK1Freq
 .text.HAL_RCC_GetPCLK2Freq
                0x0000000008005384       0x28 Drivers/STM32F4xx_HAL_Driver/Src/stm32f4xx_hal_rcc.o
                0x0000000008005384                HAL_RCC_GetPCLK2Freq
 .text.HAL_RCC_GetClockConfig
                0x00000000080053ac       0x64 Drivers/STM32F4xx_HAL_Driver/Src/stm32f4xx_hal_rcc.o
                0x00000000080053ac                HAL_RCC_GetClockConfig
 .text.HAL_RCCEx_PeriphCLKConfig
                0x0000000008005410      0x518 Drivers/STM32F4xx_HAL_Driver/Src/stm32f4xx_hal_rcc_ex.o
                0x0000000008005410                HAL_RCCEx_PeriphCLKConfig
 .text.HAL_RCCEx_GetPeriphCLKFreq
                0x0000000008005928      0x2a0 Drivers/STM32F4xx_HAL_Driver/Src/stm32f4xx_hal_rcc_ex.o
                0x0000000008005928                HAL_RCCEx_GetPeriphCLKFreq
 .text.HAL_RCC_OscConfig
                0x0000000008005bc8      0x484 Drivers/STM32F4xx_HAL_Driver/Src/stm32f4xx_hal_rcc_ex.o
                0x0000000008005bc8                HAL_RCC_OscConfig
 .text.HAL_SD_Init
                0x000000000800604c       0x60 Drivers/STM32F4xx_HAL_Driver/Src/stm32f4xx_hal_sd.o
                0x000000000800604c                HAL_SD_Init
 .text.HAL_SD_InitCard
                0x00000000080060ac       0xc0 Drivers/STM32F4xx_HAL_Driver/Src/stm32f4xx_hal_sd.o
                0x00000000080060ac                HAL_SD_InitCard
 .text.HAL_SD_GetCardCSD
                0x000000000800616c      0x348 Drivers/STM32F4xx_HAL_Driver/Src/stm32f4xx_hal_sd.o
                0x000000000800616c                HAL_SD_GetCardCSD
 .text.HAL_SD_ConfigWideBusOperation
                0x00000000080064b4       0xf8 Drivers/STM32F4xx_HAL_Driver/Src/stm32f4xx_hal_sd.o
                0x00000000080064b4                HAL_SD_ConfigWideBusOperation
 .text.SD_InitCard
                0x00000000080065ac      0x19a Drivers/STM32F4xx_HAL_Driver/Src/stm32f4xx_hal_sd.o
 *fill*         0x0000000008006746        0x2 
 .text.SD_PowerON
                0x0000000008006748      0x11c Drivers/STM32F4xx_HAL_Driver/Src/stm32f4xx_hal_sd.o
 .text.SD_WideBus_Enable
                0x0000000008006864       0x96 Drivers/STM32F4xx_HAL_Driver/Src/stm32f4xx_hal_sd.o
 .text.SD_WideBus_Disable
                0x00000000080068fa       0x96 Drivers/STM32F4xx_HAL_Driver/Src/stm32f4xx_hal_sd.o
 .text.SD_FindSCR
                0x0000000008006990      0x194 Drivers/STM32F4xx_HAL_Driver/Src/stm32f4xx_hal_sd.o
 .text.HAL_SRAM_Init
                0x0000000008006b24       0x88 Drivers/STM32F4xx_HAL_Driver/Src/stm32f4xx_hal_sram.o
                0x0000000008006b24                HAL_SRAM_Init
 .text.HAL_TIM_Base_Init
                0x0000000008006bac       0x56 Drivers/STM32F4xx_HAL_Driver/Src/stm32f4xx_hal_tim.o
                0x0000000008006bac                HAL_TIM_Base_Init
 .text.HAL_TIM_Base_MspInit
                0x0000000008006c02       0x14 Drivers/STM32F4xx_HAL_Driver/Src/stm32f4xx_hal_tim.o
                0x0000000008006c02                HAL_TIM_Base_MspInit
 .text.HAL_TIM_Base_Start_IT
                0x0000000008006c16       0x48 Drivers/STM32F4xx_HAL_Driver/Src/stm32f4xx_hal_tim.o
                0x0000000008006c16                HAL_TIM_Base_Start_IT
 .text.HAL_TIM_IRQHandler
                0x0000000008006c5e      0x210 Drivers/STM32F4xx_HAL_Driver/Src/stm32f4xx_hal_tim.o
                0x0000000008006c5e                HAL_TIM_IRQHandler
 .text.HAL_TIM_OC_DelayElapsedCallback
                0x0000000008006e6e       0x14 Drivers/STM32F4xx_HAL_Driver/Src/stm32f4xx_hal_tim.o
                0x0000000008006e6e                HAL_TIM_OC_DelayElapsedCallback
 .text.HAL_TIM_IC_CaptureCallback
                0x0000000008006e82       0x14 Drivers/STM32F4xx_HAL_Driver/Src/stm32f4xx_hal_tim.o
                0x0000000008006e82                HAL_TIM_IC_CaptureCallback
 .text.HAL_TIM_PWM_PulseFinishedCallback
                0x0000000008006e96       0x14 Drivers/STM32F4xx_HAL_Driver/Src/stm32f4xx_hal_tim.o
                0x0000000008006e96                HAL_TIM_PWM_PulseFinishedCallback
 .text.HAL_TIM_TriggerCallback
                0x0000000008006eaa       0x14 Drivers/STM32F4xx_HAL_Driver/Src/stm32f4xx_hal_tim.o
                0x0000000008006eaa                HAL_TIM_TriggerCallback
 *fill*         0x0000000008006ebe        0x2 
 .text.TIM_Base_SetConfig
                0x0000000008006ec0      0x140 Drivers/STM32F4xx_HAL_Driver/Src/stm32f4xx_hal_tim.o
                0x0000000008006ec0                TIM_Base_SetConfig
 .text.HAL_TIMEx_CommutCallback
                0x0000000008007000       0x14 Drivers/STM32F4xx_HAL_Driver/Src/stm32f4xx_hal_tim_ex.o
                0x0000000008007000                HAL_TIMEx_CommutCallback
 .text.HAL_TIMEx_BreakCallback
                0x0000000008007014       0x14 Drivers/STM32F4xx_HAL_Driver/Src/stm32f4xx_hal_tim_ex.o
                0x0000000008007014                HAL_TIMEx_BreakCallback
 .text.HAL_UART_Init
                0x0000000008007028       0x9a Drivers/STM32F4xx_HAL_Driver/Src/stm32f4xx_hal_uart.o
                0x0000000008007028                HAL_UART_Init
 .text.HAL_UART_Transmit
                0x00000000080070c2      0x132 Drivers/STM32F4xx_HAL_Driver/Src/stm32f4xx_hal_uart.o
                0x00000000080070c2                HAL_UART_Transmit
 .text.HAL_UART_Receive
                0x00000000080071f4      0x14c Drivers/STM32F4xx_HAL_Driver/Src/stm32f4xx_hal_uart.o
                0x00000000080071f4                HAL_UART_Receive
 .text.UART_WaitOnFlagUntilTimeout
                0x0000000008007340       0x94 Drivers/STM32F4xx_HAL_Driver/Src/stm32f4xx_hal_uart.o
 .text.UART_SetConfig
                0x00000000080073d4      0x730 Drivers/STM32F4xx_HAL_Driver/Src/stm32f4xx_hal_uart.o
 .text.FSMC_NORSRAM_Init
                0x0000000008007b04       0xe0 Drivers/STM32F4xx_HAL_Driver/Src/stm32f4xx_ll_fsmc.o
                0x0000000008007b04                FSMC_NORSRAM_Init
 .text.FSMC_NORSRAM_Timing_Init
                0x0000000008007be4       0xa6 Drivers/STM32F4xx_HAL_Driver/Src/stm32f4xx_ll_fsmc.o
                0x0000000008007be4                FSMC_NORSRAM_Timing_Init
 *fill*         0x0000000008007c8a        0x2 
 .text.FSMC_NORSRAM_Extended_Timing_Init
                0x0000000008007c8c       0x80 Drivers/STM32F4xx_HAL_Driver/Src/stm32f4xx_ll_fsmc.o
                0x0000000008007c8c                FSMC_NORSRAM_Extended_Timing_Init
 .text.SDIO_Init
                0x0000000008007d0c       0x56 Drivers/STM32F4xx_HAL_Driver/Src/stm32f4xx_ll_sdmmc.o
                0x0000000008007d0c                SDIO_Init
 .text.SDIO_ReadFIFO
                0x0000000008007d62       0x1a Drivers/STM32F4xx_HAL_Driver/Src/stm32f4xx_ll_sdmmc.o
                0x0000000008007d62                SDIO_ReadFIFO
 .text.SDIO_PowerState_ON
                0x0000000008007d7c       0x1e Drivers/STM32F4xx_HAL_Driver/Src/stm32f4xx_ll_sdmmc.o
                0x0000000008007d7c                SDIO_PowerState_ON
 .text.SDIO_GetPowerState
                0x0000000008007d9a       0x1c Drivers/STM32F4xx_HAL_Driver/Src/stm32f4xx_ll_sdmmc.o
                0x0000000008007d9a                SDIO_GetPowerState
 .text.SDIO_SendCommand
                0x0000000008007db6       0x54 Drivers/STM32F4xx_HAL_Driver/Src/stm32f4xx_ll_sdmmc.o
                0x0000000008007db6                SDIO_SendCommand
 .text.SDIO_GetCommandResponse
                0x0000000008007e0a       0x1a Drivers/STM32F4xx_HAL_Driver/Src/stm32f4xx_ll_sdmmc.o
                0x0000000008007e0a                SDIO_GetCommandResponse
 .text.SDIO_GetResponse
                0x0000000008007e24       0x26 Drivers/STM32F4xx_HAL_Driver/Src/stm32f4xx_ll_sdmmc.o
                0x0000000008007e24                SDIO_GetResponse
 .text.SDIO_ConfigData
                0x0000000008007e4a       0x58 Drivers/STM32F4xx_HAL_Driver/Src/stm32f4xx_ll_sdmmc.o
                0x0000000008007e4a                SDIO_ConfigData
 .text.SDMMC_CmdBlockLength
                0x0000000008007ea2       0x44 Drivers/STM32F4xx_HAL_Driver/Src/stm32f4xx_ll_sdmmc.o
                0x0000000008007ea2                SDMMC_CmdBlockLength
 .text.SDMMC_CmdSelDesel
                0x0000000008007ee6       0x46 Drivers/STM32F4xx_HAL_Driver/Src/stm32f4xx_ll_sdmmc.o
                0x0000000008007ee6                SDMMC_CmdSelDesel
 .text.SDMMC_CmdGoIdleState
                0x0000000008007f2c       0x3c Drivers/STM32F4xx_HAL_Driver/Src/stm32f4xx_ll_sdmmc.o
                0x0000000008007f2c                SDMMC_CmdGoIdleState
 .text.SDMMC_CmdOperCond
                0x0000000008007f68       0x3e Drivers/STM32F4xx_HAL_Driver/Src/stm32f4xx_ll_sdmmc.o
                0x0000000008007f68                SDMMC_CmdOperCond
 .text.SDMMC_CmdAppCommand
                0x0000000008007fa6       0x44 Drivers/STM32F4xx_HAL_Driver/Src/stm32f4xx_ll_sdmmc.o
                0x0000000008007fa6                SDMMC_CmdAppCommand
 .text.SDMMC_CmdAppOperCommand
                0x0000000008007fea       0x46 Drivers/STM32F4xx_HAL_Driver/Src/stm32f4xx_ll_sdmmc.o
                0x0000000008007fea                SDMMC_CmdAppOperCommand
 .text.SDMMC_CmdBusWidth
                0x0000000008008030       0x44 Drivers/STM32F4xx_HAL_Driver/Src/stm32f4xx_ll_sdmmc.o
                0x0000000008008030                SDMMC_CmdBusWidth
 .text.SDMMC_CmdSendSCR
                0x0000000008008074       0x42 Drivers/STM32F4xx_HAL_Driver/Src/stm32f4xx_ll_sdmmc.o
                0x0000000008008074                SDMMC_CmdSendSCR
 .text.SDMMC_CmdSendCID
                0x00000000080080b6       0x3c Drivers/STM32F4xx_HAL_Driver/Src/stm32f4xx_ll_sdmmc.o
                0x00000000080080b6                SDMMC_CmdSendCID
 .text.SDMMC_CmdSendCSD
                0x00000000080080f2       0x3e Drivers/STM32F4xx_HAL_Driver/Src/stm32f4xx_ll_sdmmc.o
                0x00000000080080f2                SDMMC_CmdSendCSD
 .text.SDMMC_CmdSetRelAdd
                0x0000000008008130       0x42 Drivers/STM32F4xx_HAL_Driver/Src/stm32f4xx_ll_sdmmc.o
                0x0000000008008130                SDMMC_CmdSetRelAdd
 *fill*         0x0000000008008172        0x2 
 .text.SDMMC_GetCmdError
                0x0000000008008174       0x50 Drivers/STM32F4xx_HAL_Driver/Src/stm32f4xx_ll_sdmmc.o
 .text.SDMMC_GetCmdResp1
                0x00000000080081c4      0x1d8 Drivers/STM32F4xx_HAL_Driver/Src/stm32f4xx_ll_sdmmc.o
 .text.SDMMC_GetCmdResp2
                0x000000000800839c       0x8c Drivers/STM32F4xx_HAL_Driver/Src/stm32f4xx_ll_sdmmc.o
 .text.SDMMC_GetCmdResp3
                0x0000000008008428       0x74 Drivers/STM32F4xx_HAL_Driver/Src/stm32f4xx_ll_sdmmc.o
 .text.SDMMC_GetCmdResp6
                0x000000000800849c       0xe8 Drivers/STM32F4xx_HAL_Driver/Src/stm32f4xx_ll_sdmmc.o
 .text.SDMMC_GetCmdResp7
                0x0000000008008584       0x98 Drivers/STM32F4xx_HAL_Driver/Src/stm32f4xx_ll_sdmmc.o
 .text.USB_CoreInit
                0x000000000800861c       0xc2 Drivers/STM32F4xx_HAL_Driver/Src/stm32f4xx_ll_usb.o
                0x000000000800861c                USB_CoreInit
 .text.USB_EnableGlobalInt
                0x00000000080086de       0x22 Drivers/STM32F4xx_HAL_Driver/Src/stm32f4xx_ll_usb.o
                0x00000000080086de                USB_EnableGlobalInt
 .text.USB_DisableGlobalInt
                0x0000000008008700       0x22 Drivers/STM32F4xx_HAL_Driver/Src/stm32f4xx_ll_usb.o
                0x0000000008008700                USB_DisableGlobalInt
 .text.USB_SetCurrentMode
                0x0000000008008722       0x54 Drivers/STM32F4xx_HAL_Driver/Src/stm32f4xx_ll_usb.o
                0x0000000008008722                USB_SetCurrentMode
 *fill*         0x0000000008008776        0x2 
 .text.USB_FlushTxFifo
                0x0000000008008778       0x4c Drivers/STM32F4xx_HAL_Driver/Src/stm32f4xx_ll_usb.o
                0x0000000008008778                USB_FlushTxFifo
 .text.USB_FlushRxFifo
                0x00000000080087c4       0x44 Drivers/STM32F4xx_HAL_Driver/Src/stm32f4xx_ll_usb.o
                0x00000000080087c4                USB_FlushRxFifo
 .text.USB_WritePacket
                0x0000000008008808       0x6a Drivers/STM32F4xx_HAL_Driver/Src/stm32f4xx_ll_usb.o
                0x0000000008008808                USB_WritePacket
 .text.USB_ReadPacket
                0x0000000008008872       0x52 Drivers/STM32F4xx_HAL_Driver/Src/stm32f4xx_ll_usb.o
                0x0000000008008872                USB_ReadPacket
 .text.USB_ReadInterrupts
                0x00000000080088c4       0x26 Drivers/STM32F4xx_HAL_Driver/Src/stm32f4xx_ll_usb.o
                0x00000000080088c4                USB_ReadInterrupts
 .text.USB_GetMode
                0x00000000080088ea       0x1c Drivers/STM32F4xx_HAL_Driver/Src/stm32f4xx_ll_usb.o
                0x00000000080088ea                USB_GetMode
 *fill*         0x0000000008008906        0x2 
 .text.USB_CoreReset
                0x0000000008008908       0x68 Drivers/STM32F4xx_HAL_Driver/Src/stm32f4xx_ll_usb.o
 .text.USB_HostInit
                0x0000000008008970      0x16c Drivers/STM32F4xx_HAL_Driver/Src/stm32f4xx_ll_usb.o
                0x0000000008008970                USB_HostInit
 .text.USB_InitFSLSPClkSel
                0x0000000008008adc       0x74 Drivers/STM32F4xx_HAL_Driver/Src/stm32f4xx_ll_usb.o
                0x0000000008008adc                USB_InitFSLSPClkSel
 .text.USB_ResetPort
                0x0000000008008b50       0x54 Drivers/STM32F4xx_HAL_Driver/Src/stm32f4xx_ll_usb.o
                0x0000000008008b50                USB_ResetPort
 .text.USB_DriveVbus
                0x0000000008008ba4       0x72 Drivers/STM32F4xx_HAL_Driver/Src/stm32f4xx_ll_usb.o
                0x0000000008008ba4                USB_DriveVbus
 .text.USB_GetHostSpeed
                0x0000000008008c16       0x2e Drivers/STM32F4xx_HAL_Driver/Src/stm32f4xx_ll_usb.o
                0x0000000008008c16                USB_GetHostSpeed
 .text.USB_GetCurrentFrame
                0x0000000008008c44       0x22 Drivers/STM32F4xx_HAL_Driver/Src/stm32f4xx_ll_usb.o
                0x0000000008008c44                USB_GetCurrentFrame
 *fill*         0x0000000008008c66        0x2 
 .text.USB_HC_Init
                0x0000000008008c68      0x214 Drivers/STM32F4xx_HAL_Driver/Src/stm32f4xx_ll_usb.o
                0x0000000008008c68                USB_HC_Init
 .text.USB_HC_StartXfer
                0x0000000008008e7c      0x28c Drivers/STM32F4xx_HAL_Driver/Src/stm32f4xx_ll_usb.o
                0x0000000008008e7c                USB_HC_StartXfer
 .text.USB_HC_ReadInterrupt
                0x0000000008009108       0x22 Drivers/STM32F4xx_HAL_Driver/Src/stm32f4xx_ll_usb.o
                0x0000000008009108                USB_HC_ReadInterrupt
 .text.USB_HC_Halt
                0x000000000800912a      0x1fe Drivers/STM32F4xx_HAL_Driver/Src/stm32f4xx_ll_usb.o
                0x000000000800912a                USB_HC_Halt
 .text.USB_DoPing
                0x0000000008009328       0x78 Drivers/STM32F4xx_HAL_Driver/Src/stm32f4xx_ll_usb.o
                0x0000000008009328                USB_DoPing
 .text.USB_StopHost
                0x00000000080093a0      0x10c Drivers/STM32F4xx_HAL_Driver/Src/stm32f4xx_ll_usb.o
                0x00000000080093a0                USB_StopHost
 .text.USBH_CDC_InterfaceInit
                0x00000000080094ac      0x2ac Middlewares/ST/STM32_USB_Host_Library/Class/CDC/Src/usbh_cdc.o
 .text.USBH_CDC_InterfaceDeInit
                0x0000000008009758       0xb2 Middlewares/ST/STM32_USB_Host_Library/Class/CDC/Src/usbh_cdc.o
 .text.USBH_CDC_ClassRequest
                0x000000000800980a       0x3e Middlewares/ST/STM32_USB_Host_Library/Class/CDC/Src/usbh_cdc.o
 .text.USBH_CDC_Process
                0x0000000008009848      0x12c Middlewares/ST/STM32_USB_Host_Library/Class/CDC/Src/usbh_cdc.o
 .text.USBH_CDC_SOFProcess
                0x0000000008009974       0x16 Middlewares/ST/STM32_USB_Host_Library/Class/CDC/Src/usbh_cdc.o
 .text.GetLineCoding
                0x000000000800998a       0x3e Middlewares/ST/STM32_USB_Host_Library/Class/CDC/Src/usbh_cdc.o
 .text.SetLineCoding
                0x00000000080099c8       0x3e Middlewares/ST/STM32_USB_Host_Library/Class/CDC/Src/usbh_cdc.o
 .text.CDC_ProcessTransmission
                0x0000000008009a06      0x128 Middlewares/ST/STM32_USB_Host_Library/Class/CDC/Src/usbh_cdc.o
 .text.CDC_ProcessReception
                0x0000000008009b2e       0xd2 Middlewares/ST/STM32_USB_Host_Library/Class/CDC/Src/usbh_cdc.o
 .text.USBH_CDC_TransmitCallback
                0x0000000008009c00       0x14 Middlewares/ST/STM32_USB_Host_Library/Class/CDC/Src/usbh_cdc.o
                0x0000000008009c00                USBH_CDC_TransmitCallback
 .text.USBH_CDC_ReceiveCallback
                0x0000000008009c14       0x14 Middlewares/ST/STM32_USB_Host_Library/Class/CDC/Src/usbh_cdc.o
                0x0000000008009c14                USBH_CDC_ReceiveCallback
 .text.USBH_CDC_LineCodingChanged
                0x0000000008009c28       0x14 Middlewares/ST/STM32_USB_Host_Library/Class/CDC/Src/usbh_cdc.o
                0x0000000008009c28                USBH_CDC_LineCodingChanged
 .text.USBH_Init
                0x0000000008009c3c       0xb8 Middlewares/ST/STM32_USB_Host_Library/Core/Src/usbh_core.o
                0x0000000008009c3c                USBH_Init
 .text.DeInitStateMachine
                0x0000000008009cf4       0xa8 Middlewares/ST/STM32_USB_Host_Library/Core/Src/usbh_core.o
 .text.USBH_RegisterClass
                0x0000000008009d9c       0x54 Middlewares/ST/STM32_USB_Host_Library/Core/Src/usbh_core.o
                0x0000000008009d9c                USBH_RegisterClass
 .text.USBH_SelectInterface
                0x0000000008009df0       0x38 Middlewares/ST/STM32_USB_Host_Library/Core/Src/usbh_core.o
                0x0000000008009df0                USBH_SelectInterface
 .text.USBH_FindInterface
                0x0000000008009e28       0x8c Middlewares/ST/STM32_USB_Host_Library/Core/Src/usbh_core.o
                0x0000000008009e28                USBH_FindInterface
 .text.USBH_Start
                0x0000000008009eb4       0x20 Middlewares/ST/STM32_USB_Host_Library/Core/Src/usbh_core.o
                0x0000000008009eb4                USBH_Start
 .text.USBH_Process
                0x0000000008009ed4      0x4c4 Middlewares/ST/STM32_USB_Host_Library/Core/Src/usbh_core.o
                0x0000000008009ed4                USBH_Process
 .text.USBH_HandleEnum
                0x000000000800a398      0x458 Middlewares/ST/STM32_USB_Host_Library/Core/Src/usbh_core.o
 .text.USBH_LL_SetTimer
                0x000000000800a7f0       0x1e Middlewares/ST/STM32_USB_Host_Library/Core/Src/usbh_core.o
                0x000000000800a7f0                USBH_LL_SetTimer
 .text.USBH_LL_IncTimer
                0x000000000800a80e       0x24 Middlewares/ST/STM32_USB_Host_Library/Core/Src/usbh_core.o
                0x000000000800a80e                USBH_LL_IncTimer
 .text.USBH_HandleSof
                0x000000000800a832       0x30 Middlewares/ST/STM32_USB_Host_Library/Core/Src/usbh_core.o
 .text.USBH_LL_PortEnabled
                0x000000000800a862       0x34 Middlewares/ST/STM32_USB_Host_Library/Core/Src/usbh_core.o
                0x000000000800a862                USBH_LL_PortEnabled
 .text.USBH_LL_PortDisabled
                0x000000000800a896       0x1c Middlewares/ST/STM32_USB_Host_Library/Core/Src/usbh_core.o
                0x000000000800a896                USBH_LL_PortDisabled
 .text.USBH_LL_Connect
                0x000000000800a8b2       0x46 Middlewares/ST/STM32_USB_Host_Library/Core/Src/usbh_core.o
                0x000000000800a8b2                USBH_LL_Connect
 .text.USBH_LL_Disconnect
                0x000000000800a8f8       0x64 Middlewares/ST/STM32_USB_Host_Library/Core/Src/usbh_core.o
                0x000000000800a8f8                USBH_LL_Disconnect
 .text.USBH_Process_OS
                0x000000000800a95c       0x2e Middlewares/ST/STM32_USB_Host_Library/Core/Src/usbh_core.o
 .text.USBH_LL_NotifyURBChange
                0x000000000800a98a       0x2e Middlewares/ST/STM32_USB_Host_Library/Core/Src/usbh_core.o
                0x000000000800a98a                USBH_LL_NotifyURBChange
 .text.USBH_Get_DevDesc
                0x000000000800a9b8       0x50 Middlewares/ST/STM32_USB_Host_Library/Core/Src/usbh_ctlreq.o
                0x000000000800a9b8                USBH_Get_DevDesc
 .text.USBH_Get_CfgDesc
                0x000000000800aa08       0x48 Middlewares/ST/STM32_USB_Host_Library/Core/Src/usbh_ctlreq.o
                0x000000000800aa08                USBH_Get_CfgDesc
 .text.USBH_Get_StringDesc
                0x000000000800aa50       0x56 Middlewares/ST/STM32_USB_Host_Library/Core/Src/usbh_ctlreq.o
                0x000000000800aa50                USBH_Get_StringDesc
 .text.USBH_GetDescriptor
                0x000000000800aaa6       0x6a Middlewares/ST/STM32_USB_Host_Library/Core/Src/usbh_ctlreq.o
                0x000000000800aaa6                USBH_GetDescriptor
 .text.USBH_SetAddress
                0x000000000800ab10       0x48 Middlewares/ST/STM32_USB_Host_Library/Core/Src/usbh_ctlreq.o
                0x000000000800ab10                USBH_SetAddress
 .text.USBH_SetCfg
                0x000000000800ab58       0x46 Middlewares/ST/STM32_USB_Host_Library/Core/Src/usbh_ctlreq.o
                0x000000000800ab58                USBH_SetCfg
 .text.USBH_SetFeature
                0x000000000800ab9e       0x48 Middlewares/ST/STM32_USB_Host_Library/Core/Src/usbh_ctlreq.o
                0x000000000800ab9e                USBH_SetFeature
 .text.USBH_ClrFeature
                0x000000000800abe6       0x48 Middlewares/ST/STM32_USB_Host_Library/Core/Src/usbh_ctlreq.o
                0x000000000800abe6                USBH_ClrFeature
 .text.USBH_ParseDevDesc
                0x000000000800ac2e       0xe0 Middlewares/ST/STM32_USB_Host_Library/Core/Src/usbh_ctlreq.o
 .text.USBH_ParseCfgDesc
                0x000000000800ad0e      0x144 Middlewares/ST/STM32_USB_Host_Library/Core/Src/usbh_ctlreq.o
 .text.USBH_ParseInterfaceDesc
                0x000000000800ae52       0x5e Middlewares/ST/STM32_USB_Host_Library/Core/Src/usbh_ctlreq.o
 .text.USBH_ParseEPDesc
                0x000000000800aeb0       0x5a Middlewares/ST/STM32_USB_Host_Library/Core/Src/usbh_ctlreq.o
 .text.USBH_ParseStringDesc
                0x000000000800af0a       0x66 Middlewares/ST/STM32_USB_Host_Library/Core/Src/usbh_ctlreq.o
 .text.USBH_GetNextDesc
                0x000000000800af70       0x36 Middlewares/ST/STM32_USB_Host_Library/Core/Src/usbh_ctlreq.o
                0x000000000800af70                USBH_GetNextDesc
 .text.USBH_CtlReq
                0x000000000800afa6       0xb2 Middlewares/ST/STM32_USB_Host_Library/Core/Src/usbh_ctlreq.o
                0x000000000800afa6                USBH_CtlReq
 .text.USBH_HandleControl
                0x000000000800b058      0x494 Middlewares/ST/STM32_USB_Host_Library/Core/Src/usbh_ctlreq.o
 .text.USBH_CtlSendSetup
                0x000000000800b4ec       0x34 Middlewares/ST/STM32_USB_Host_Library/Core/Src/usbh_ioreq.o
                0x000000000800b4ec                USBH_CtlSendSetup
 .text.USBH_CtlSendData
                0x000000000800b520       0x4a Middlewares/ST/STM32_USB_Host_Library/Core/Src/usbh_ioreq.o
                0x000000000800b520                USBH_CtlSendData
 .text.USBH_CtlReceiveData
                0x000000000800b56a       0x3c Middlewares/ST/STM32_USB_Host_Library/Core/Src/usbh_ioreq.o
                0x000000000800b56a                USBH_CtlReceiveData
 .text.USBH_BulkSendData
                0x000000000800b5a6       0x4a Middlewares/ST/STM32_USB_Host_Library/Core/Src/usbh_ioreq.o
                0x000000000800b5a6                USBH_BulkSendData
 .text.USBH_BulkReceiveData
                0x000000000800b5f0       0x3c Middlewares/ST/STM32_USB_Host_Library/Core/Src/usbh_ioreq.o
                0x000000000800b5f0                USBH_BulkReceiveData
 .text.USBH_OpenPipe
                0x000000000800b62c       0x3e Middlewares/ST/STM32_USB_Host_Library/Core/Src/usbh_pipes.o
                0x000000000800b62c                USBH_OpenPipe
 .text.USBH_ClosePipe
                0x000000000800b66a       0x20 Middlewares/ST/STM32_USB_Host_Library/Core/Src/usbh_pipes.o
                0x000000000800b66a                USBH_ClosePipe
 .text.USBH_AllocPipe
                0x000000000800b68a       0x42 Middlewares/ST/STM32_USB_Host_Library/Core/Src/usbh_pipes.o
                0x000000000800b68a                USBH_AllocPipe
 .text.USBH_FreePipe
                0x000000000800b6cc       0x3c Middlewares/ST/STM32_USB_Host_Library/Core/Src/usbh_pipes.o
                0x000000000800b6cc                USBH_FreePipe
 .text.USBH_GetFreePipe
                0x000000000800b708       0x48 Middlewares/ST/STM32_USB_Host_Library/Core/Src/usbh_pipes.o
 .text.SVC_Setup
                0x000000000800b750        0xe Middlewares/Third_Party/FreeRTOS/Source/CMSIS_RTOS_V2/cmsis_os2.o
 *fill*         0x000000000800b75e        0x2 
 .text.osKernelInitialize
                0x000000000800b760       0x68 Middlewares/Third_Party/FreeRTOS/Source/CMSIS_RTOS_V2/cmsis_os2.o
                0x000000000800b760                osKernelInitialize
 .text.osKernelStart
                0x000000000800b7c8       0x6c Middlewares/Third_Party/FreeRTOS/Source/CMSIS_RTOS_V2/cmsis_os2.o
                0x000000000800b7c8                osKernelStart
 .text.osThreadNew
                0x000000000800b834      0x14c Middlewares/Third_Party/FreeRTOS/Source/CMSIS_RTOS_V2/cmsis_os2.o
                0x000000000800b834                osThreadNew
 .text.osDelay  0x000000000800b980       0x5c Middlewares/Third_Party/FreeRTOS/Source/CMSIS_RTOS_V2/cmsis_os2.o
                0x000000000800b980                osDelay
 .text.osMessageQueueNew
                0x000000000800b9dc      0x10c Middlewares/Third_Party/FreeRTOS/Source/CMSIS_RTOS_V2/cmsis_os2.o
                0x000000000800b9dc                osMessageQueueNew
 .text.osMessageQueuePut
                0x000000000800bae8       0xe8 Middlewares/Third_Party/FreeRTOS/Source/CMSIS_RTOS_V2/cmsis_os2.o
                0x000000000800bae8                osMessageQueuePut
 .text.osMessageQueueGet
                0x000000000800bbd0       0xe4 Middlewares/Third_Party/FreeRTOS/Source/CMSIS_RTOS_V2/cmsis_os2.o
                0x000000000800bbd0                osMessageQueueGet
 .text.vApplicationGetIdleTaskMemory
                0x000000000800bcb4       0x34 Middlewares/Third_Party/FreeRTOS/Source/CMSIS_RTOS_V2/cmsis_os2.o
                0x000000000800bcb4                vApplicationGetIdleTaskMemory
 .text.vApplicationGetTimerTaskMemory
                0x000000000800bce8       0x34 Middlewares/Third_Party/FreeRTOS/Source/CMSIS_RTOS_V2/cmsis_os2.o
                0x000000000800bce8                vApplicationGetTimerTaskMemory
 .text.vListInitialise
                0x000000000800bd1c       0x40 Middlewares/Third_Party/FreeRTOS/Source/list.o
                0x000000000800bd1c                vListInitialise
 .text.vListInitialiseItem
                0x000000000800bd5c       0x1a Middlewares/Third_Party/FreeRTOS/Source/list.o
                0x000000000800bd5c                vListInitialiseItem
 .text.vListInsertEnd
                0x000000000800bd76       0x48 Middlewares/Third_Party/FreeRTOS/Source/list.o
                0x000000000800bd76                vListInsertEnd
 .text.vListInsert
                0x000000000800bdbe       0x72 Middlewares/Third_Party/FreeRTOS/Source/list.o
                0x000000000800bdbe                vListInsert
 .text.uxListRemove
                0x000000000800be30       0x54 Middlewares/Third_Party/FreeRTOS/Source/list.o
                0x000000000800be30                uxListRemove
 .text.xQueueGenericReset
                0x000000000800be84       0xd0 Middlewares/Third_Party/FreeRTOS/Source/queue.o
                0x000000000800be84                xQueueGenericReset
 .text.xQueueGenericCreateStatic
                0x000000000800bf54       0xe6 Middlewares/Third_Party/FreeRTOS/Source/queue.o
                0x000000000800bf54                xQueueGenericCreateStatic
 .text.xQueueGenericCreate
                0x000000000800c03a       0x7e Middlewares/Third_Party/FreeRTOS/Source/queue.o
                0x000000000800c03a                xQueueGenericCreate
 .text.prvInitialiseNewQueue
                0x000000000800c0b8       0x46 Middlewares/Third_Party/FreeRTOS/Source/queue.o
 *fill*         0x000000000800c0fe        0x2 
 .text.xQueueGenericSend
                0x000000000800c100      0x1f4 Middlewares/Third_Party/FreeRTOS/Source/queue.o
                0x000000000800c100                xQueueGenericSend
 .text.xQueueGenericSendFromISR
                0x000000000800c2f4      0x128 Middlewares/Third_Party/FreeRTOS/Source/queue.o
                0x000000000800c2f4                xQueueGenericSendFromISR
 .text.xQueueReceive
                0x000000000800c41c      0x1b8 Middlewares/Third_Party/FreeRTOS/Source/queue.o
                0x000000000800c41c                xQueueReceive
 .text.xQueueReceiveFromISR
                0x000000000800c5d4       0xfa Middlewares/Third_Party/FreeRTOS/Source/queue.o
                0x000000000800c5d4                xQueueReceiveFromISR
 .text.prvCopyDataToQueue
                0x000000000800c6ce       0xd4 Middlewares/Third_Party/FreeRTOS/Source/queue.o
 .text.prvCopyDataFromQueue
                0x000000000800c7a2       0x4c Middlewares/Third_Party/FreeRTOS/Source/queue.o
 .text.prvUnlockQueue
                0x000000000800c7ee       0xa4 Middlewares/Third_Party/FreeRTOS/Source/queue.o
 .text.prvIsQueueEmpty
                0x000000000800c892       0x2c Middlewares/Third_Party/FreeRTOS/Source/queue.o
 .text.prvIsQueueFull
                0x000000000800c8be       0x30 Middlewares/Third_Party/FreeRTOS/Source/queue.o
 *fill*         0x000000000800c8ee        0x2 
 .text.vQueueAddToRegistry
                0x000000000800c8f0       0x50 Middlewares/Third_Party/FreeRTOS/Source/queue.o
                0x000000000800c8f0                vQueueAddToRegistry
 .text.vQueueWaitForMessageRestricted
                0x000000000800c940       0x68 Middlewares/Third_Party/FreeRTOS/Source/queue.o
                0x000000000800c940                vQueueWaitForMessageRestricted
 .text.xTaskCreateStatic
                0x000000000800c9a8       0xb4 Middlewares/Third_Party/FreeRTOS/Source/tasks.o
                0x000000000800c9a8                xTaskCreateStatic
 .text.xTaskCreate
                0x000000000800ca5c       0x8a Middlewares/Third_Party/FreeRTOS/Source/tasks.o
                0x000000000800ca5c                xTaskCreate
 .text.prvInitialiseNewTask
                0x000000000800cae6      0x11c Middlewares/Third_Party/FreeRTOS/Source/tasks.o
 *fill*         0x000000000800cc02        0x2 
 .text.prvAddNewTaskToReadyList
                0x000000000800cc04       0xe0 Middlewares/Third_Party/FreeRTOS/Source/tasks.o
 .text.vTaskDelayUntil
                0x000000000800cce4       0xf4 Middlewares/Third_Party/FreeRTOS/Source/tasks.o
                0x000000000800cce4                vTaskDelayUntil
 .text.vTaskDelay
                0x000000000800cdd8       0x68 Middlewares/Third_Party/FreeRTOS/Source/tasks.o
                0x000000000800cdd8                vTaskDelay
 .text.vTaskStartScheduler
                0x000000000800ce40       0xc8 Middlewares/Third_Party/FreeRTOS/Source/tasks.o
                0x000000000800ce40                vTaskStartScheduler
 .text.vTaskSuspendAll
                0x000000000800cf08       0x1c Middlewares/Third_Party/FreeRTOS/Source/tasks.o
                0x000000000800cf08                vTaskSuspendAll
 .text.xTaskResumeAll
                0x000000000800cf24      0x138 Middlewares/Third_Party/FreeRTOS/Source/tasks.o
                0x000000000800cf24                xTaskResumeAll
 .text.xTaskGetTickCount
                0x000000000800d05c       0x20 Middlewares/Third_Party/FreeRTOS/Source/tasks.o
                0x000000000800d05c                xTaskGetTickCount
 .text.xTaskIncrementTick
                0x000000000800d07c      0x170 Middlewares/Third_Party/FreeRTOS/Source/tasks.o
                0x000000000800d07c                xTaskIncrementTick
 .text.vTaskSwitchContext
                0x000000000800d1ec       0xb8 Middlewares/Third_Party/FreeRTOS/Source/tasks.o
                0x000000000800d1ec                vTaskSwitchContext
 .text.vTaskPlaceOnEventList
                0x000000000800d2a4       0x48 Middlewares/Third_Party/FreeRTOS/Source/tasks.o
                0x000000000800d2a4                vTaskPlaceOnEventList
 .text.vTaskPlaceOnEventListRestricted
                0x000000000800d2ec       0x54 Middlewares/Third_Party/FreeRTOS/Source/tasks.o
                0x000000000800d2ec                vTaskPlaceOnEventListRestricted
 .text.xTaskRemoveFromEventList
                0x000000000800d340       0xc4 Middlewares/Third_Party/FreeRTOS/Source/tasks.o
                0x000000000800d340                xTaskRemoveFromEventList
 .text.vTaskInternalSetTimeOutState
                0x000000000800d404       0x2c Middlewares/Third_Party/FreeRTOS/Source/tasks.o
                0x000000000800d404                vTaskInternalSetTimeOutState
 .text.xTaskCheckForTimeOut
                0x000000000800d430       0xc0 Middlewares/Third_Party/FreeRTOS/Source/tasks.o
                0x000000000800d430                xTaskCheckForTimeOut
 .text.vTaskMissedYield
                0x000000000800d4f0       0x18 Middlewares/Third_Party/FreeRTOS/Source/tasks.o
                0x000000000800d4f0                vTaskMissedYield
 .text.prvIdleTask
                0x000000000800d508       0x30 Middlewares/Third_Party/FreeRTOS/Source/tasks.o
 .text.prvInitialiseTaskLists
                0x000000000800d538       0x80 Middlewares/Third_Party/FreeRTOS/Source/tasks.o
 .text.prvCheckTasksWaitingTermination
                0x000000000800d5b8       0x58 Middlewares/Third_Party/FreeRTOS/Source/tasks.o
 .text.prvDeleteTCB
                0x000000000800d610       0x5c Middlewares/Third_Party/FreeRTOS/Source/tasks.o
 .text.prvResetNextTaskUnblockTime
                0x000000000800d66c       0x40 Middlewares/Third_Party/FreeRTOS/Source/tasks.o
 .text.xTaskGetSchedulerState
                0x000000000800d6ac       0x3c Middlewares/Third_Party/FreeRTOS/Source/tasks.o
                0x000000000800d6ac                xTaskGetSchedulerState
 .text.xTaskPriorityDisinherit
                0x000000000800d6e8       0xd8 Middlewares/Third_Party/FreeRTOS/Source/tasks.o
                0x000000000800d6e8                xTaskPriorityDisinherit
 .text.prvAddCurrentTaskToDelayedList
                0x000000000800d7c0       0xa8 Middlewares/Third_Party/FreeRTOS/Source/tasks.o
 .text.xTimerCreateTimerTask
                0x000000000800d868       0x90 Middlewares/Third_Party/FreeRTOS/Source/timers.o
                0x000000000800d868                xTimerCreateTimerTask
 .text.xTimerGenericCommand
                0x000000000800d8f8       0x98 Middlewares/Third_Party/FreeRTOS/Source/timers.o
                0x000000000800d8f8                xTimerGenericCommand
 .text.prvProcessExpiredTimer
                0x000000000800d990       0x98 Middlewares/Third_Party/FreeRTOS/Source/timers.o
 .text.prvTimerTask
                0x000000000800da28       0x24 Middlewares/Third_Party/FreeRTOS/Source/timers.o
 .text.prvProcessTimerOrBlockTask
                0x000000000800da4c       0x9c Middlewares/Third_Party/FreeRTOS/Source/timers.o
 .text.prvGetNextExpireTime
                0x000000000800dae8       0x48 Middlewares/Third_Party/FreeRTOS/Source/timers.o
 .text.prvSampleTimeNow
                0x000000000800db30       0x40 Middlewares/Third_Party/FreeRTOS/Source/timers.o
 .text.prvInsertTimerInActiveList
                0x000000000800db70       0x84 Middlewares/Third_Party/FreeRTOS/Source/timers.o
 .text.prvProcessReceivedCommands
                0x000000000800dbf4      0x1b8 Middlewares/Third_Party/FreeRTOS/Source/timers.o
 .text.prvSwitchTimerLists
                0x000000000800ddac       0xc8 Middlewares/Third_Party/FreeRTOS/Source/timers.o
 .text.prvCheckForValidListAndQueue
                0x000000000800de74       0x80 Middlewares/Third_Party/FreeRTOS/Source/timers.o
 .text.pxPortInitialiseStack
                0x000000000800def4       0x68 Middlewares/Third_Party/FreeRTOS/Source/portable/GCC/ARM_CM4F/port.o
                0x000000000800def4                pxPortInitialiseStack
 .text.prvTaskExitError
                0x000000000800df5c       0x54 Middlewares/Third_Party/FreeRTOS/Source/portable/GCC/ARM_CM4F/port.o
 .text.SVC_Handler
                0x000000000800dfb0       0x28 Middlewares/Third_Party/FreeRTOS/Source/portable/GCC/ARM_CM4F/port.o
                0x000000000800dfb0                SVC_Handler
 .text.prvPortStartFirstTask
                0x000000000800dfd8       0x28 Middlewares/Third_Party/FreeRTOS/Source/portable/GCC/ARM_CM4F/port.o
 .text.xPortStartScheduler
                0x000000000800e000      0x13c Middlewares/Third_Party/FreeRTOS/Source/portable/GCC/ARM_CM4F/port.o
                0x000000000800e000                xPortStartScheduler
 .text.vPortEnterCritical
                0x000000000800e13c       0x5c Middlewares/Third_Party/FreeRTOS/Source/portable/GCC/ARM_CM4F/port.o
                0x000000000800e13c                vPortEnterCritical
 .text.vPortExitCritical
                0x000000000800e198       0x50 Middlewares/Third_Party/FreeRTOS/Source/portable/GCC/ARM_CM4F/port.o
                0x000000000800e198                vPortExitCritical
 *fill*         0x000000000800e1e8        0x8 
 .text.PendSV_Handler
                0x000000000800e1f0       0x68 Middlewares/Third_Party/FreeRTOS/Source/portable/GCC/ARM_CM4F/port.o
                0x000000000800e1f0                PendSV_Handler
 .text.SysTick_Handler
                0x000000000800e258       0x40 Middlewares/Third_Party/FreeRTOS/Source/portable/GCC/ARM_CM4F/port.o
                0x000000000800e258                SysTick_Handler
 .text.vPortSetupTimerInterrupt
                0x000000000800e298       0x48 Middlewares/Third_Party/FreeRTOS/Source/portable/GCC/ARM_CM4F/port.o
                0x000000000800e298                vPortSetupTimerInterrupt
 .text.vPortEnableVFP
                0x000000000800e2e0       0x14 Middlewares/Third_Party/FreeRTOS/Source/portable/GCC/ARM_CM4F/port.o
 .text.vPortValidateInterruptPriority
                0x000000000800e2f4       0x7c Middlewares/Third_Party/FreeRTOS/Source/portable/GCC/ARM_CM4F/port.o
                0x000000000800e2f4                vPortValidateInterruptPriority
 .text.pvPortMalloc
                0x000000000800e370      0x184 Middlewares/Third_Party/FreeRTOS/Source/portable/MemMang/heap_4.o
                0x000000000800e370                pvPortMalloc
 .text.vPortFree
                0x000000000800e4f4       0xb0 Middlewares/Third_Party/FreeRTOS/Source/portable/MemMang/heap_4.o
                0x000000000800e4f4                vPortFree
 .text.prvHeapInit
                0x000000000800e5a4       0xc4 Middlewares/Third_Party/FreeRTOS/Source/portable/MemMang/heap_4.o
 .text.prvInsertBlockIntoFreeList
                0x000000000800e668       0xb4 Middlewares/Third_Party/FreeRTOS/Source/portable/MemMang/heap_4.o
 .text.MX_USB_HOST_Init
                0x000000000800e71c       0x4c USB_HOST/App/usb_host.o
                0x000000000800e71c                MX_USB_HOST_Init
 .text.USBH_UserProcess
                0x000000000800e768       0x5c USB_HOST/App/usb_host.o
 .text.HAL_HCD_MspInit
                0x000000000800e7c4       0xc4 USB_HOST/Target/usbh_conf.o
                0x000000000800e7c4                HAL_HCD_MspInit
 .text.HAL_HCD_SOF_Callback
                0x000000000800e888       0x1c USB_HOST/Target/usbh_conf.o
                0x000000000800e888                HAL_HCD_SOF_Callback
 .text.HAL_HCD_Connect_Callback
                0x000000000800e8a4       0x1c USB_HOST/Target/usbh_conf.o
                0x000000000800e8a4                HAL_HCD_Connect_Callback
 .text.HAL_HCD_Disconnect_Callback
                0x000000000800e8c0       0x1c USB_HOST/Target/usbh_conf.o
                0x000000000800e8c0                HAL_HCD_Disconnect_Callback
 .text.HAL_HCD_HC_NotifyURBChange_Callback
                0x000000000800e8dc       0x24 USB_HOST/Target/usbh_conf.o
                0x000000000800e8dc                HAL_HCD_HC_NotifyURBChange_Callback
 .text.HAL_HCD_PortEnabled_Callback
                0x000000000800e900       0x1c USB_HOST/Target/usbh_conf.o
                0x000000000800e900                HAL_HCD_PortEnabled_Callback
 .text.HAL_HCD_PortDisabled_Callback
                0x000000000800e91c       0x1c USB_HOST/Target/usbh_conf.o
                0x000000000800e91c                HAL_HCD_PortDisabled_Callback
 .text.USBH_LL_Init
                0x000000000800e938       0x78 USB_HOST/Target/usbh_conf.o
                0x000000000800e938                USBH_LL_Init
 .text.USBH_LL_Start
                0x000000000800e9b0       0x36 USB_HOST/Target/usbh_conf.o
                0x000000000800e9b0                USBH_LL_Start
 .text.USBH_LL_Stop
                0x000000000800e9e6       0x36 USB_HOST/Target/usbh_conf.o
                0x000000000800e9e6                USBH_LL_Stop
 .text.USBH_LL_GetSpeed
                0x000000000800ea1c       0x4a USB_HOST/Target/usbh_conf.o
                0x000000000800ea1c                USBH_LL_GetSpeed
 .text.USBH_LL_ResetPort
                0x000000000800ea66       0x36 USB_HOST/Target/usbh_conf.o
                0x000000000800ea66                USBH_LL_ResetPort
 .text.USBH_LL_GetLastXferSize
                0x000000000800ea9c       0x26 USB_HOST/Target/usbh_conf.o
                0x000000000800ea9c                USBH_LL_GetLastXferSize
 .text.USBH_LL_OpenPipe
                0x000000000800eac2       0x5e USB_HOST/Target/usbh_conf.o
                0x000000000800eac2                USBH_LL_OpenPipe
 .text.USBH_LL_ClosePipe
                0x000000000800eb20       0x3e USB_HOST/Target/usbh_conf.o
                0x000000000800eb20                USBH_LL_ClosePipe
 .text.USBH_LL_SubmitURB
                0x000000000800eb5e       0x62 USB_HOST/Target/usbh_conf.o
                0x000000000800eb5e                USBH_LL_SubmitURB
 .text.USBH_LL_GetURBState
                0x000000000800ebc0       0x26 USB_HOST/Target/usbh_conf.o
                0x000000000800ebc0                USBH_LL_GetURBState
 .text.USBH_LL_DriverVBUS
                0x000000000800ebe6       0x2e USB_HOST/Target/usbh_conf.o
                0x000000000800ebe6                USBH_LL_DriverVBUS
 .text.USBH_LL_SetToggle
                0x000000000800ec14       0x66 USB_HOST/Target/usbh_conf.o
                0x000000000800ec14                USBH_LL_SetToggle
 .text.USBH_Delay
                0x000000000800ec7a       0x16 USB_HOST/Target/usbh_conf.o
                0x000000000800ec7a                USBH_Delay
 .text.USBH_Get_USB_Status
                0x000000000800ec90       0x58 USB_HOST/Target/usbh_conf.o
                0x000000000800ec90                USBH_Get_USB_Status
 .text.MX_DriverVbusFS
                0x000000000800ece8       0x38 USB_HOST/Target/usbh_platform.o
                0x000000000800ece8                MX_DriverVbusFS
 .text.__errno  0x000000000800ed20        0xc c:/st/stm32cubeide_1.4.0/stm32cubeide/plugins/com.st.stm32cube.ide.mcu.externaltools.gnu-tools-for-stm32.7-2018-q2-update.win32_1.4.0.202007081208/tools/bin/../lib/gcc/arm-none-eabi/7.3.1/../../../../arm-none-eabi/lib/thumb/v7e-m/fpv4-sp/hard\libc_nano.a(lib_a-errno.o)
                0x000000000800ed20                __errno
 .text.__libc_init_array
                0x000000000800ed2c       0x48 c:/st/stm32cubeide_1.4.0/stm32cubeide/plugins/com.st.stm32cube.ide.mcu.externaltools.gnu-tools-for-stm32.7-2018-q2-update.win32_1.4.0.202007081208/tools/bin/../lib/gcc/arm-none-eabi/7.3.1/../../../../arm-none-eabi/lib/thumb/v7e-m/fpv4-sp/hard\libc_nano.a(lib_a-init.o)
                0x000000000800ed2c                __libc_init_array
 .text.malloc   0x000000000800ed74       0x10 c:/st/stm32cubeide_1.4.0/stm32cubeide/plugins/com.st.stm32cube.ide.mcu.externaltools.gnu-tools-for-stm32.7-2018-q2-update.win32_1.4.0.202007081208/tools/bin/../lib/gcc/arm-none-eabi/7.3.1/../../../../arm-none-eabi/lib/thumb/v7e-m/fpv4-sp/hard\libc_nano.a(lib_a-malloc.o)
                0x000000000800ed74                malloc
 .text.free     0x000000000800ed84       0x10 c:/st/stm32cubeide_1.4.0/stm32cubeide/plugins/com.st.stm32cube.ide.mcu.externaltools.gnu-tools-for-stm32.7-2018-q2-update.win32_1.4.0.202007081208/tools/bin/../lib/gcc/arm-none-eabi/7.3.1/../../../../arm-none-eabi/lib/thumb/v7e-m/fpv4-sp/hard\libc_nano.a(lib_a-malloc.o)
                0x000000000800ed84                free
 .text.memcpy   0x000000000800ed94       0x16 c:/st/stm32cubeide_1.4.0/stm32cubeide/plugins/com.st.stm32cube.ide.mcu.externaltools.gnu-tools-for-stm32.7-2018-q2-update.win32_1.4.0.202007081208/tools/bin/../lib/gcc/arm-none-eabi/7.3.1/../../../../arm-none-eabi/lib/thumb/v7e-m/fpv4-sp/hard\libc_nano.a(lib_a-memcpy-stub.o)
                0x000000000800ed94                memcpy
 .text.memset   0x000000000800edaa       0x10 c:/st/stm32cubeide_1.4.0/stm32cubeide/plugins/com.st.stm32cube.ide.mcu.externaltools.gnu-tools-for-stm32.7-2018-q2-update.win32_1.4.0.202007081208/tools/bin/../lib/gcc/arm-none-eabi/7.3.1/../../../../arm-none-eabi/lib/thumb/v7e-m/fpv4-sp/hard\libc_nano.a(lib_a-memset.o)
                0x000000000800edaa                memset
 *fill*         0x000000000800edba        0x2 
 .text._free_r  0x000000000800edbc       0x9c c:/st/stm32cubeide_1.4.0/stm32cubeide/plugins/com.st.stm32cube.ide.mcu.externaltools.gnu-tools-for-stm32.7-2018-q2-update.win32_1.4.0.202007081208/tools/bin/../lib/gcc/arm-none-eabi/7.3.1/../../../../arm-none-eabi/lib/thumb/v7e-m/fpv4-sp/hard\libc_nano.a(lib_a-nano-freer.o)
                0x000000000800edbc                _free_r
 .text._malloc_r
                0x000000000800ee58       0xb4 c:/st/stm32cubeide_1.4.0/stm32cubeide/plugins/com.st.stm32cube.ide.mcu.externaltools.gnu-tools-for-stm32.7-2018-q2-update.win32_1.4.0.202007081208/tools/bin/../lib/gcc/arm-none-eabi/7.3.1/../../../../arm-none-eabi/lib/thumb/v7e-m/fpv4-sp/hard\libc_nano.a(lib_a-nano-mallocr.o)
                0x000000000800ee58                _malloc_r
 .text.printf   0x000000000800ef0c       0x30 c:/st/stm32cubeide_1.4.0/stm32cubeide/plugins/com.st.stm32cube.ide.mcu.externaltools.gnu-tools-for-stm32.7-2018-q2-update.win32_1.4.0.202007081208/tools/bin/../lib/gcc/arm-none-eabi/7.3.1/../../../../arm-none-eabi/lib/thumb/v7e-m/fpv4-sp/hard\libc_nano.a(lib_a-printf.o)
                0x000000000800ef0c                iprintf
                0x000000000800ef0c                printf
 .text._sbrk_r  0x000000000800ef3c       0x20 c:/st/stm32cubeide_1.4.0/stm32cubeide/plugins/com.st.stm32cube.ide.mcu.externaltools.gnu-tools-for-stm32.7-2018-q2-update.win32_1.4.0.202007081208/tools/bin/../lib/gcc/arm-none-eabi/7.3.1/../../../../arm-none-eabi/lib/thumb/v7e-m/fpv4-sp/hard\libc_nano.a(lib_a-sbrkr.o)
                0x000000000800ef3c                _sbrk_r
 .text.std      0x000000000800ef5c       0x48 c:/st/stm32cubeide_1.4.0/stm32cubeide/plugins/com.st.stm32cube.ide.mcu.externaltools.gnu-tools-for-stm32.7-2018-q2-update.win32_1.4.0.202007081208/tools/bin/../lib/gcc/arm-none-eabi/7.3.1/../../../../arm-none-eabi/lib/thumb/v7e-m/fpv4-sp/hard\libc_nano.a(lib_a-findfp.o)
 .text._cleanup_r
                0x000000000800efa4        0xc c:/st/stm32cubeide_1.4.0/stm32cubeide/plugins/com.st.stm32cube.ide.mcu.externaltools.gnu-tools-for-stm32.7-2018-q2-update.win32_1.4.0.202007081208/tools/bin/../lib/gcc/arm-none-eabi/7.3.1/../../../../arm-none-eabi/lib/thumb/v7e-m/fpv4-sp/hard\libc_nano.a(lib_a-findfp.o)
                0x000000000800efa4                _cleanup_r
 .text.__sfmoreglue
                0x000000000800efb0       0x2c c:/st/stm32cubeide_1.4.0/stm32cubeide/plugins/com.st.stm32cube.ide.mcu.externaltools.gnu-tools-for-stm32.7-2018-q2-update.win32_1.4.0.202007081208/tools/bin/../lib/gcc/arm-none-eabi/7.3.1/../../../../arm-none-eabi/lib/thumb/v7e-m/fpv4-sp/hard\libc_nano.a(lib_a-findfp.o)
                0x000000000800efb0                __sfmoreglue
 .text.__sinit  0x000000000800efdc       0x60 c:/st/stm32cubeide_1.4.0/stm32cubeide/plugins/com.st.stm32cube.ide.mcu.externaltools.gnu-tools-for-stm32.7-2018-q2-update.win32_1.4.0.202007081208/tools/bin/../lib/gcc/arm-none-eabi/7.3.1/../../../../arm-none-eabi/lib/thumb/v7e-m/fpv4-sp/hard\libc_nano.a(lib_a-findfp.o)
                0x000000000800efdc                __sinit
 .text.__sfp    0x000000000800f03c       0x78 c:/st/stm32cubeide_1.4.0/stm32cubeide/plugins/com.st.stm32cube.ide.mcu.externaltools.gnu-tools-for-stm32.7-2018-q2-update.win32_1.4.0.202007081208/tools/bin/../lib/gcc/arm-none-eabi/7.3.1/../../../../arm-none-eabi/lib/thumb/v7e-m/fpv4-sp/hard\libc_nano.a(lib_a-findfp.o)
                0x000000000800f03c                __sfp
 .text._fwalk_reent
                0x000000000800f0b4       0x3c c:/st/stm32cubeide_1.4.0/stm32cubeide/plugins/com.st.stm32cube.ide.mcu.externaltools.gnu-tools-for-stm32.7-2018-q2-update.win32_1.4.0.202007081208/tools/bin/../lib/gcc/arm-none-eabi/7.3.1/../../../../arm-none-eabi/lib/thumb/v7e-m/fpv4-sp/hard\libc_nano.a(lib_a-fwalk.o)
                0x000000000800f0b4                _fwalk_reent
 .text.__malloc_lock
                0x000000000800f0f0        0x2 c:/st/stm32cubeide_1.4.0/stm32cubeide/plugins/com.st.stm32cube.ide.mcu.externaltools.gnu-tools-for-stm32.7-2018-q2-update.win32_1.4.0.202007081208/tools/bin/../lib/gcc/arm-none-eabi/7.3.1/../../../../arm-none-eabi/lib/thumb/v7e-m/fpv4-sp/hard\libc_nano.a(lib_a-mlock.o)
                0x000000000800f0f0                __malloc_lock
 .text.__malloc_unlock
                0x000000000800f0f2        0x2 c:/st/stm32cubeide_1.4.0/stm32cubeide/plugins/com.st.stm32cube.ide.mcu.externaltools.gnu-tools-for-stm32.7-2018-q2-update.win32_1.4.0.202007081208/tools/bin/../lib/gcc/arm-none-eabi/7.3.1/../../../../arm-none-eabi/lib/thumb/v7e-m/fpv4-sp/hard\libc_nano.a(lib_a-mlock.o)
                0x000000000800f0f2                __malloc_unlock
 .text.__sfputc_r
                0x000000000800f0f4       0x2e c:/st/stm32cubeide_1.4.0/stm32cubeide/plugins/com.st.stm32cube.ide.mcu.externaltools.gnu-tools-for-stm32.7-2018-q2-update.win32_1.4.0.202007081208/tools/bin/../lib/gcc/arm-none-eabi/7.3.1/../../../../arm-none-eabi/lib/thumb/v7e-m/fpv4-sp/hard\libc_nano.a(lib_a-nano-vfprintf.o)
 .text.__sfputs_r
                0x000000000800f122       0x24 c:/st/stm32cubeide_1.4.0/stm32cubeide/plugins/com.st.stm32cube.ide.mcu.externaltools.gnu-tools-for-stm32.7-2018-q2-update.win32_1.4.0.202007081208/tools/bin/../lib/gcc/arm-none-eabi/7.3.1/../../../../arm-none-eabi/lib/thumb/v7e-m/fpv4-sp/hard\libc_nano.a(lib_a-nano-vfprintf.o)
                0x000000000800f122                __sfputs_r
 *fill*         0x000000000800f146        0x2 
 .text._vfprintf_r
                0x000000000800f148      0x22c c:/st/stm32cubeide_1.4.0/stm32cubeide/plugins/com.st.stm32cube.ide.mcu.externaltools.gnu-tools-for-stm32.7-2018-q2-update.win32_1.4.0.202007081208/tools/bin/../lib/gcc/arm-none-eabi/7.3.1/../../../../arm-none-eabi/lib/thumb/v7e-m/fpv4-sp/hard\libc_nano.a(lib_a-nano-vfprintf.o)
                0x000000000800f148                _vfprintf_r
                0x000000000800f148                _vfiprintf_r
 .text._printf_common
                0x000000000800f374       0xea c:/st/stm32cubeide_1.4.0/stm32cubeide/plugins/com.st.stm32cube.ide.mcu.externaltools.gnu-tools-for-stm32.7-2018-q2-update.win32_1.4.0.202007081208/tools/bin/../lib/gcc/arm-none-eabi/7.3.1/../../../../arm-none-eabi/lib/thumb/v7e-m/fpv4-sp/hard\libc_nano.a(lib_a-nano-vfprintf_i.o)
                0x000000000800f374                _printf_common
 *fill*         0x000000000800f45e        0x2 
 .text._printf_i
                0x000000000800f460      0x224 c:/st/stm32cubeide_1.4.0/stm32cubeide/plugins/com.st.stm32cube.ide.mcu.externaltools.gnu-tools-for-stm32.7-2018-q2-update.win32_1.4.0.202007081208/tools/bin/../lib/gcc/arm-none-eabi/7.3.1/../../../../arm-none-eabi/lib/thumb/v7e-m/fpv4-sp/hard\libc_nano.a(lib_a-nano-vfprintf_i.o)
                0x000000000800f460                _printf_i
 .text.__sread  0x000000000800f684       0x22 c:/st/stm32cubeide_1.4.0/stm32cubeide/plugins/com.st.stm32cube.ide.mcu.externaltools.gnu-tools-for-stm32.7-2018-q2-update.win32_1.4.0.202007081208/tools/bin/../lib/gcc/arm-none-eabi/7.3.1/../../../../arm-none-eabi/lib/thumb/v7e-m/fpv4-sp/hard\libc_nano.a(lib_a-stdio.o)
                0x000000000800f684                __sread
 .text.__swrite
                0x000000000800f6a6       0x38 c:/st/stm32cubeide_1.4.0/stm32cubeide/plugins/com.st.stm32cube.ide.mcu.externaltools.gnu-tools-for-stm32.7-2018-q2-update.win32_1.4.0.202007081208/tools/bin/../lib/gcc/arm-none-eabi/7.3.1/../../../../arm-none-eabi/lib/thumb/v7e-m/fpv4-sp/hard\libc_nano.a(lib_a-stdio.o)
                0x000000000800f6a6                __swrite
 .text.__sseek  0x000000000800f6de       0x24 c:/st/stm32cubeide_1.4.0/stm32cubeide/plugins/com.st.stm32cube.ide.mcu.externaltools.gnu-tools-for-stm32.7-2018-q2-update.win32_1.4.0.202007081208/tools/bin/../lib/gcc/arm-none-eabi/7.3.1/../../../../arm-none-eabi/lib/thumb/v7e-m/fpv4-sp/hard\libc_nano.a(lib_a-stdio.o)
                0x000000000800f6de                __sseek
 .text.__sclose
                0x000000000800f702        0x8 c:/st/stm32cubeide_1.4.0/stm32cubeide/plugins/com.st.stm32cube.ide.mcu.externaltools.gnu-tools-for-stm32.7-2018-q2-update.win32_1.4.0.202007081208/tools/bin/../lib/gcc/arm-none-eabi/7.3.1/../../../../arm-none-eabi/lib/thumb/v7e-m/fpv4-sp/hard\libc_nano.a(lib_a-stdio.o)
                0x000000000800f702                __sclose
 *fill*         0x000000000800f70a        0x2 
 .text.__swbuf_r
                0x000000000800f70c       0xa4 c:/st/stm32cubeide_1.4.0/stm32cubeide/plugins/com.st.stm32cube.ide.mcu.externaltools.gnu-tools-for-stm32.7-2018-q2-update.win32_1.4.0.202007081208/tools/bin/../lib/gcc/arm-none-eabi/7.3.1/../../../../arm-none-eabi/lib/thumb/v7e-m/fpv4-sp/hard\libc_nano.a(lib_a-wbuf.o)
                0x000000000800f70c                __swbuf_r
 .text._write_r
                0x000000000800f7b0       0x24 c:/st/stm32cubeide_1.4.0/stm32cubeide/plugins/com.st.stm32cube.ide.mcu.externaltools.gnu-tools-for-stm32.7-2018-q2-update.win32_1.4.0.202007081208/tools/bin/../lib/gcc/arm-none-eabi/7.3.1/../../../../arm-none-eabi/lib/thumb/v7e-m/fpv4-sp/hard\libc_nano.a(lib_a-writer.o)
                0x000000000800f7b0                _write_r
 .text.__swsetup_r
                0x000000000800f7d4       0xdc c:/st/stm32cubeide_1.4.0/stm32cubeide/plugins/com.st.stm32cube.ide.mcu.externaltools.gnu-tools-for-stm32.7-2018-q2-update.win32_1.4.0.202007081208/tools/bin/../lib/gcc/arm-none-eabi/7.3.1/../../../../arm-none-eabi/lib/thumb/v7e-m/fpv4-sp/hard\libc_nano.a(lib_a-wsetup.o)
                0x000000000800f7d4                __swsetup_r
 .text._close_r
                0x000000000800f8b0       0x20 c:/st/stm32cubeide_1.4.0/stm32cubeide/plugins/com.st.stm32cube.ide.mcu.externaltools.gnu-tools-for-stm32.7-2018-q2-update.win32_1.4.0.202007081208/tools/bin/../lib/gcc/arm-none-eabi/7.3.1/../../../../arm-none-eabi/lib/thumb/v7e-m/fpv4-sp/hard\libc_nano.a(lib_a-closer.o)
                0x000000000800f8b0                _close_r
 .text.__sflush_r
                0x000000000800f8d0      0x10c c:/st/stm32cubeide_1.4.0/stm32cubeide/plugins/com.st.stm32cube.ide.mcu.externaltools.gnu-tools-for-stm32.7-2018-q2-update.win32_1.4.0.202007081208/tools/bin/../lib/gcc/arm-none-eabi/7.3.1/../../../../arm-none-eabi/lib/thumb/v7e-m/fpv4-sp/hard\libc_nano.a(lib_a-fflush.o)
                0x000000000800f8d0                __sflush_r
 .text._fflush_r
                0x000000000800f9dc       0x54 c:/st/stm32cubeide_1.4.0/stm32cubeide/plugins/com.st.stm32cube.ide.mcu.externaltools.gnu-tools-for-stm32.7-2018-q2-update.win32_1.4.0.202007081208/tools/bin/../lib/gcc/arm-none-eabi/7.3.1/../../../../arm-none-eabi/lib/thumb/v7e-m/fpv4-sp/hard\libc_nano.a(lib_a-fflush.o)
                0x000000000800f9dc                _fflush_r
 .text._lseek_r
                0x000000000800fa30       0x24 c:/st/stm32cubeide_1.4.0/stm32cubeide/plugins/com.st.stm32cube.ide.mcu.externaltools.gnu-tools-for-stm32.7-2018-q2-update.win32_1.4.0.202007081208/tools/bin/../lib/gcc/arm-none-eabi/7.3.1/../../../../arm-none-eabi/lib/thumb/v7e-m/fpv4-sp/hard\libc_nano.a(lib_a-lseekr.o)
                0x000000000800fa30                _lseek_r
 .text.__swhatbuf_r
                0x000000000800fa54       0x48 c:/st/stm32cubeide_1.4.0/stm32cubeide/plugins/com.st.stm32cube.ide.mcu.externaltools.gnu-tools-for-stm32.7-2018-q2-update.win32_1.4.0.202007081208/tools/bin/../lib/gcc/arm-none-eabi/7.3.1/../../../../arm-none-eabi/lib/thumb/v7e-m/fpv4-sp/hard\libc_nano.a(lib_a-makebuf.o)
                0x000000000800fa54                __swhatbuf_r
 .text.__smakebuf_r
                0x000000000800fa9c       0x80 c:/st/stm32cubeide_1.4.0/stm32cubeide/plugins/com.st.stm32cube.ide.mcu.externaltools.gnu-tools-for-stm32.7-2018-q2-update.win32_1.4.0.202007081208/tools/bin/../lib/gcc/arm-none-eabi/7.3.1/../../../../arm-none-eabi/lib/thumb/v7e-m/fpv4-sp/hard\libc_nano.a(lib_a-makebuf.o)
                0x000000000800fa9c                __smakebuf_r
 .text._read_r  0x000000000800fb1c       0x24 c:/st/stm32cubeide_1.4.0/stm32cubeide/plugins/com.st.stm32cube.ide.mcu.externaltools.gnu-tools-for-stm32.7-2018-q2-update.win32_1.4.0.202007081208/tools/bin/../lib/gcc/arm-none-eabi/7.3.1/../../../../arm-none-eabi/lib/thumb/v7e-m/fpv4-sp/hard\libc_nano.a(lib_a-readr.o)
                0x000000000800fb1c                _read_r
 .text._fstat_r
                0x000000000800fb40       0x24 c:/st/stm32cubeide_1.4.0/stm32cubeide/plugins/com.st.stm32cube.ide.mcu.externaltools.gnu-tools-for-stm32.7-2018-q2-update.win32_1.4.0.202007081208/tools/bin/../lib/gcc/arm-none-eabi/7.3.1/../../../../arm-none-eabi/lib/thumb/v7e-m/fpv4-sp/hard\libc_nano.a(lib_a-fstatr.o)
                0x000000000800fb40                _fstat_r
 .text._isatty_r
                0x000000000800fb64       0x20 c:/st/stm32cubeide_1.4.0/stm32cubeide/plugins/com.st.stm32cube.ide.mcu.externaltools.gnu-tools-for-stm32.7-2018-q2-update.win32_1.4.0.202007081208/tools/bin/../lib/gcc/arm-none-eabi/7.3.1/../../../../arm-none-eabi/lib/thumb/v7e-m/fpv4-sp/hard\libc_nano.a(lib_a-isattyr.o)
                0x000000000800fb64                _isatty_r
 *(.glue_7)
 .glue_7        0x000000000800fb84        0x0 linker stubs
 *(.glue_7t)
 .glue_7t       0x000000000800fb84        0x0 linker stubs
 *(.eh_frame)
 .eh_frame      0x000000000800fb84        0x0 c:/st/stm32cubeide_1.4.0/stm32cubeide/plugins/com.st.stm32cube.ide.mcu.externaltools.gnu-tools-for-stm32.7-2018-q2-update.win32_1.4.0.202007081208/tools/bin/../lib/gcc/arm-none-eabi/7.3.1/thumb/v7e-m/fpv4-sp/hard/crtbegin.o
 *(.init)
 .init          0x000000000800fb84        0x4 c:/st/stm32cubeide_1.4.0/stm32cubeide/plugins/com.st.stm32cube.ide.mcu.externaltools.gnu-tools-for-stm32.7-2018-q2-update.win32_1.4.0.202007081208/tools/bin/../lib/gcc/arm-none-eabi/7.3.1/thumb/v7e-m/fpv4-sp/hard/crti.o
                0x000000000800fb84                _init
 .init          0x000000000800fb88        0x8 c:/st/stm32cubeide_1.4.0/stm32cubeide/plugins/com.st.stm32cube.ide.mcu.externaltools.gnu-tools-for-stm32.7-2018-q2-update.win32_1.4.0.202007081208/tools/bin/../lib/gcc/arm-none-eabi/7.3.1/thumb/v7e-m/fpv4-sp/hard/crtn.o
 *(.fini)
 .fini          0x000000000800fb90        0x4 c:/st/stm32cubeide_1.4.0/stm32cubeide/plugins/com.st.stm32cube.ide.mcu.externaltools.gnu-tools-for-stm32.7-2018-q2-update.win32_1.4.0.202007081208/tools/bin/../lib/gcc/arm-none-eabi/7.3.1/thumb/v7e-m/fpv4-sp/hard/crti.o
                0x000000000800fb90                _fini
 .fini          0x000000000800fb94        0x8 c:/st/stm32cubeide_1.4.0/stm32cubeide/plugins/com.st.stm32cube.ide.mcu.externaltools.gnu-tools-for-stm32.7-2018-q2-update.win32_1.4.0.202007081208/tools/bin/../lib/gcc/arm-none-eabi/7.3.1/thumb/v7e-m/fpv4-sp/hard/crtn.o
                0x000000000800fb9c                . = ALIGN (0x4)
                0x000000000800fb9c                _etext = .

.vfp11_veneer   0x000000000800fb9c        0x0
 .vfp11_veneer  0x000000000800fb9c        0x0 linker stubs

.v4_bx          0x000000000800fb9c        0x0
 .v4_bx         0x000000000800fb9c        0x0 linker stubs

.iplt           0x000000000800fb9c        0x0
 .iplt          0x000000000800fb9c        0x0 c:/st/stm32cubeide_1.4.0/stm32cubeide/plugins/com.st.stm32cube.ide.mcu.externaltools.gnu-tools-for-stm32.7-2018-q2-update.win32_1.4.0.202007081208/tools/bin/../lib/gcc/arm-none-eabi/7.3.1/thumb/v7e-m/fpv4-sp/hard/crtbegin.o

.rodata         0x000000000800fb9c      0x1a0
                0x000000000800fb9c                . = ALIGN (0x4)
 *(.rodata)
 .rodata        0x000000000800fb9c       0x35 Core/Src/main.o
 *fill*         0x000000000800fbd1        0x3 
 .rodata        0x000000000800fbd4        0x4 Middlewares/ST/STM32_USB_Host_Library/Class/CDC/Src/usbh_cdc.o
 .rodata        0x000000000800fbd8        0xb Middlewares/ST/STM32_USB_Host_Library/Core/Src/usbh_core.o
 *fill*         0x000000000800fbe3        0x1 
 .rodata        0x000000000800fbe4        0x5 Middlewares/Third_Party/FreeRTOS/Source/tasks.o
 *fill*         0x000000000800fbe9        0x3 
 .rodata        0x000000000800fbec        0xd Middlewares/Third_Party/FreeRTOS/Source/timers.o
 *(.rodata*)
 *fill*         0x000000000800fbf9        0x3 
 .rodata.PollLidar_attributes
                0x000000000800fbfc       0x24 Core/Src/main.o
                0x000000000800fbfc                PollLidar_attributes