main.c:110:5:main	8	static
main.c:203:6:SystemClock_Config	176	static
main.c:263:13:MX_DFSDM1_Init	8	static
main.c:302:13:MX_DFSDM2_Init	8	static
main.c:360:13:MX_I2S2_Init	8	static
main.c:392:13:MX_SDIO_SD_Init	8	static
main.c:425:13:MX_UART7_Init	8	static
main.c:456:13:MX_GPIO_Init	64	static
main.c:680:13:MX_FSMC_Init	40	static
main.c:742:6:StartPollLidarTask	24	static
main.c:770:6:StartUpdateLCDTask	16	static
main.c:786:6:StartMotorControlTask	16	static
main.c:803:6:StartChangeMetricTask	16	static
main.c:820:6:HAL_TIM_PeriodElapsedCallback	16	static
main.c:836:6:Error_Handler	4	static
