main.c:112:5:main	8	static
main.c:210:6:SystemClock_Config	176	static
main.c:270:13:MX_DFSDM1_Init	8	static
main.c:309:13:MX_DFSDM2_Init	8	static
main.c:367:13:MX_I2S2_Init	8	static
main.c:399:13:MX_SDIO_SD_Init	8	static
main.c:432:13:MX_UART7_Init	8	static
main.c:463:13:MX_GPIO_Init	64	static
main.c:687:13:MX_FSMC_Init	40	static
main.c:749:6:StartPollLidarTask	24	static
main.c:779:6:StartUpdateLCDTask	16	static
main.c:795:6:StartMotorControlTask	16	static
main.c:812:6:StartChangeMetricTask	16	static
main.c:829:6:HAL_TIM_PeriodElapsedCallback	16	static
main.c:845:6:Error_Handler	4	static
