stm32f4xx_hal_msp.c:64:6:HAL_MspInit	16	static
stm32f4xx_hal_msp.c:88:6:HAL_DFSDM_ChannelMspInit	64	static
stm32f4xx_hal_msp.c:175:6:HAL_DFSDM_ChannelMspDeInit	16	static
stm32f4xx_hal_msp.c:237:6:HAL_I2S_MspInit	56	static
stm32f4xx_hal_msp.c:307:6:HAL_I2S_MspDeInit	16	static
stm32f4xx_hal_msp.c:345:6:HAL_SD_MspInit	48	static
stm32f4xx_hal_msp.c:394:6:HAL_SD_MspDeInit	16	static
stm32f4xx_hal_msp.c:430:6:HAL_UART_MspInit	48	static
stm32f4xx_hal_msp.c:466:6:HAL_UART_MspDeInit	16	static
stm32f4xx_hal_msp.c:491:13:HAL_FSMC_MspInit	32	static
stm32f4xx_hal_msp.c:585:6:HAL_SRAM_MspInit	16	static
stm32f4xx_hal_msp.c:597:13:HAL_FSMC_MspDeInit	8	static
stm32f4xx_hal_msp.c:669:6:HAL_SRAM_MspDeInit	16	static
